Archive member included to satisfy reference by file (symbol)

c:/st/stm32cubeide_1.0.0/stm32cubeide/plugins/com.st.stm32cube.ide.mcu.externaltools.gnu-tools-for-stm32.7-2018-q2-update.win32_1.0.0.201904181610/tools/bin/../lib/gcc/arm-none-eabi/7.3.1/../../../../arm-none-eabi/lib/thumb/v7-m\libc_nano.a(lib_a-errno.o)
                              Src/syscalls.o (__errno)
c:/st/stm32cubeide_1.0.0/stm32cubeide/plugins/com.st.stm32cube.ide.mcu.externaltools.gnu-tools-for-stm32.7-2018-q2-update.win32_1.0.0.201904181610/tools/bin/../lib/gcc/arm-none-eabi/7.3.1/../../../../arm-none-eabi/lib/thumb/v7-m\libc_nano.a(lib_a-exit.o)
                              c:/st/stm32cubeide_1.0.0/stm32cubeide/plugins/com.st.stm32cube.ide.mcu.externaltools.gnu-tools-for-stm32.7-2018-q2-update.win32_1.0.0.201904181610/tools/bin/../lib/gcc/arm-none-eabi/7.3.1/../../../../arm-none-eabi/lib/thumb/v7-m/crt0.o (exit)
c:/st/stm32cubeide_1.0.0/stm32cubeide/plugins/com.st.stm32cube.ide.mcu.externaltools.gnu-tools-for-stm32.7-2018-q2-update.win32_1.0.0.201904181610/tools/bin/../lib/gcc/arm-none-eabi/7.3.1/../../../../arm-none-eabi/lib/thumb/v7-m\libc_nano.a(lib_a-impure.o)
                              c:/st/stm32cubeide_1.0.0/stm32cubeide/plugins/com.st.stm32cube.ide.mcu.externaltools.gnu-tools-for-stm32.7-2018-q2-update.win32_1.0.0.201904181610/tools/bin/../lib/gcc/arm-none-eabi/7.3.1/../../../../arm-none-eabi/lib/thumb/v7-m\libc_nano.a(lib_a-exit.o) (_global_impure_ptr)
c:/st/stm32cubeide_1.0.0/stm32cubeide/plugins/com.st.stm32cube.ide.mcu.externaltools.gnu-tools-for-stm32.7-2018-q2-update.win32_1.0.0.201904181610/tools/bin/../lib/gcc/arm-none-eabi/7.3.1/../../../../arm-none-eabi/lib/thumb/v7-m\libc_nano.a(lib_a-init.o)
                              c:/st/stm32cubeide_1.0.0/stm32cubeide/plugins/com.st.stm32cube.ide.mcu.externaltools.gnu-tools-for-stm32.7-2018-q2-update.win32_1.0.0.201904181610/tools/bin/../lib/gcc/arm-none-eabi/7.3.1/../../../../arm-none-eabi/lib/thumb/v7-m/crt0.o (__libc_init_array)
c:/st/stm32cubeide_1.0.0/stm32cubeide/plugins/com.st.stm32cube.ide.mcu.externaltools.gnu-tools-for-stm32.7-2018-q2-update.win32_1.0.0.201904181610/tools/bin/../lib/gcc/arm-none-eabi/7.3.1/../../../../arm-none-eabi/lib/thumb/v7-m\libc_nano.a(lib_a-memcmp.o)
                              ThirdParty/SEGGER/OS/SEGGER_SYSVIEW_FreeRTOS.o (memcmp)
c:/st/stm32cubeide_1.0.0/stm32cubeide/plugins/com.st.stm32cube.ide.mcu.externaltools.gnu-tools-for-stm32.7-2018-q2-update.win32_1.0.0.201904181610/tools/bin/../lib/gcc/arm-none-eabi/7.3.1/../../../../arm-none-eabi/lib/thumb/v7-m\libc_nano.a(lib_a-memcpy-stub.o)
                              ThirdParty/SEGGER/SEGGER/SEGGER_RTT.o (memcpy)
c:/st/stm32cubeide_1.0.0/stm32cubeide/plugins/com.st.stm32cube.ide.mcu.externaltools.gnu-tools-for-stm32.7-2018-q2-update.win32_1.0.0.201904181610/tools/bin/../lib/gcc/arm-none-eabi/7.3.1/../../../../arm-none-eabi/lib/thumb/v7-m\libc_nano.a(lib_a-memset.o)
                              c:/st/stm32cubeide_1.0.0/stm32cubeide/plugins/com.st.stm32cube.ide.mcu.externaltools.gnu-tools-for-stm32.7-2018-q2-update.win32_1.0.0.201904181610/tools/bin/../lib/gcc/arm-none-eabi/7.3.1/../../../../arm-none-eabi/lib/thumb/v7-m/crt0.o (memset)
c:/st/stm32cubeide_1.0.0/stm32cubeide/plugins/com.st.stm32cube.ide.mcu.externaltools.gnu-tools-for-stm32.7-2018-q2-update.win32_1.0.0.201904181610/tools/bin/../lib/gcc/arm-none-eabi/7.3.1/../../../../arm-none-eabi/lib/thumb/v7-m\libc_nano.a(lib_a-strlen.o)
                              ThirdParty/SEGGER/SEGGER/SEGGER_RTT.o (strlen)
c:/st/stm32cubeide_1.0.0/stm32cubeide/plugins/com.st.stm32cube.ide.mcu.externaltools.gnu-tools-for-stm32.7-2018-q2-update.win32_1.0.0.201904181610/tools/bin/../lib/gcc/arm-none-eabi/7.3.1/../../../../arm-none-eabi/lib/thumb/v7-m\libm.a(lib_a-w_pow.o)
                              Core/Src/tsl2561.o (pow)
c:/st/stm32cubeide_1.0.0/stm32cubeide/plugins/com.st.stm32cube.ide.mcu.externaltools.gnu-tools-for-stm32.7-2018-q2-update.win32_1.0.0.201904181610/tools/bin/../lib/gcc/arm-none-eabi/7.3.1/../../../../arm-none-eabi/lib/thumb/v7-m\libm.a(lib_a-e_pow.o)
                              c:/st/stm32cubeide_1.0.0/stm32cubeide/plugins/com.st.stm32cube.ide.mcu.externaltools.gnu-tools-for-stm32.7-2018-q2-update.win32_1.0.0.201904181610/tools/bin/../lib/gcc/arm-none-eabi/7.3.1/../../../../arm-none-eabi/lib/thumb/v7-m\libm.a(lib_a-w_pow.o) (__ieee754_pow)
c:/st/stm32cubeide_1.0.0/stm32cubeide/plugins/com.st.stm32cube.ide.mcu.externaltools.gnu-tools-for-stm32.7-2018-q2-update.win32_1.0.0.201904181610/tools/bin/../lib/gcc/arm-none-eabi/7.3.1/../../../../arm-none-eabi/lib/thumb/v7-m\libm.a(lib_a-e_sqrt.o)
                              c:/st/stm32cubeide_1.0.0/stm32cubeide/plugins/com.st.stm32cube.ide.mcu.externaltools.gnu-tools-for-stm32.7-2018-q2-update.win32_1.0.0.201904181610/tools/bin/../lib/gcc/arm-none-eabi/7.3.1/../../../../arm-none-eabi/lib/thumb/v7-m\libm.a(lib_a-e_pow.o) (__ieee754_sqrt)
[...]
Memory Configuration

Name             Origin             Length             Attributes
FLASH            0x0000000008000000 0x0000000000020000 xr
RAM              0x0000000020000000 0x0000000000005000 xrw
*default*        0x0000000000000000 0xffffffffffffffff

Linker script and memory map

LOAD c:/st/stm32cubeide_1.0.0/stm32cubeide/plugins/com.st.stm32cube.ide.mcu.externaltools.gnu-tools-for-stm32.7-2018-q2-update.win32_1.0.0.201904181610/tools/bin/../lib/gcc/arm-none-eabi/7.3.1/thumb/v7-m/crti.o
LOAD c:/st/stm32cubeide_1.0.0/stm32cubeide/plugins/com.st.stm32cube.ide.mcu.externaltools.gnu-tools-for-stm32.7-2018-q2-update.win32_1.0.0.201904181610/tools/bin/../lib/gcc/arm-none-eabi/7.3.1/thumb/v7-m/crtbegin.o
LOAD c:/st/stm32cubeide_1.0.0/stm32cubeide/plugins/com.st.stm32cube.ide.mcu.externaltools.gnu-tools-for-stm32.7-2018-q2-update.win32_1.0.0.201904181610/tools/bin/../lib/gcc/arm-none-eabi/7.3.1/../../../../arm-none-eabi/lib/thumb/v7-m/crt0.o
LOAD Core/Src/envmonitor.o
LOAD Core/Src/htu21d.o
LOAD Core/Src/main.o
LOAD Core/Src/ssd1306_display.o
LOAD Core/Src/stm32f1xx_hal_msp.o
LOAD Core/Src/stm32f1xx_hal_timebase_tim.o
LOAD Core/Src/stm32f1xx_it.o
LOAD Core/Src/system_stm32f1xx.o
LOAD Core/Src/tsl2561.o
LOAD Core/Src/ttp223.o
LOAD Drivers/STM32F1xx_HAL_Driver/Src/stm32f1xx_hal.o
LOAD Drivers/STM32F1xx_HAL_Driver/Src/stm32f1xx_hal_cortex.o
LOAD Drivers/STM32F1xx_HAL_Driver/Src/stm32f1xx_hal_dma.o
LOAD Drivers/STM32F1xx_HAL_Driver/Src/stm32f1xx_hal_flash.o
LOAD Drivers/STM32F1xx_HAL_Driver/Src/stm32f1xx_hal_flash_ex.o
LOAD Drivers/STM32F1xx_HAL_Driver/Src/stm32f1xx_hal_gpio.o
LOAD Drivers/STM32F1xx_HAL_Driver/Src/stm32f1xx_hal_gpio_ex.o
LOAD Drivers/STM32F1xx_HAL_Driver/Src/stm32f1xx_hal_i2c.o
LOAD Drivers/STM32F1xx_HAL_Driver/Src/stm32f1xx_hal_pwr.o
LOAD Drivers/STM32F1xx_HAL_Driver/Src/stm32f1xx_hal_rcc.o
LOAD Drivers/STM32F1xx_HAL_Driver/Src/stm32f1xx_hal_rcc_ex.o
LOAD Drivers/STM32F1xx_HAL_Driver/Src/stm32f1xx_hal_tim.o
LOAD Drivers/STM32F1xx_HAL_Driver/Src/stm32f1xx_hal_tim_ex.o
LOAD Drivers/STM32F1xx_HAL_Driver/Src/stm32f1xx_hal_uart.o
LOAD Src/syscalls.o
LOAD Src/sysmem.o
LOAD Startup/startup_stm32f103rbtx.o
LOAD ThirdParty/SEGGER/Config/SEGGER_SYSVIEW_Config_FreeRTOS.o
LOAD ThirdParty/SEGGER/OS/SEGGER_SYSVIEW_FreeRTOS.o
LOAD ThirdParty/SEGGER/SEGGER/SEGGER_RTT.o
LOAD ThirdParty/SEGGER/SEGGER/SEGGER_SYSVIEW.o
LOAD ThirdParty/freeRTOS/org/Source/croutine.o
LOAD ThirdParty/freeRTOS/org/Source/event_groups.o
LOAD ThirdParty/freeRTOS/org/Source/list.o
LOAD ThirdParty/freeRTOS/org/Source/queue.o
LOAD ThirdParty/freeRTOS/org/Source/stream_buffer.o
LOAD ThirdParty/freeRTOS/org/Source/tasks.o
LOAD ThirdParty/freeRTOS/org/Source/timers.o
LOAD ThirdParty/freeRTOS/org/Source/portable/GCC/ARM_CM3/port.o
LOAD ThirdParty/freeRTOS/org/Source/portable/MemMang/heap_4.o
START GROUP
LOAD c:/st/stm32cubeide_1.0.0/stm32cubeide/plugins/com.st.stm32cube.ide.mcu.externaltools.gnu-tools-for-stm32.7-2018-q2-update.win32_1.0.0.201904181610/tools/bin/../lib/gcc/arm-none-eabi/7.3.1/../../../../arm-none-eabi/lib/thumb/v7-m\libc_nano.a
LOAD c:/st/stm32cubeide_1.0.0/stm32cubeide/plugins/com.st.stm32cube.ide.mcu.externaltools.gnu-tools-for-stm32.7-2018-q2-update.win32_1.0.0.201904181610/tools/bin/../lib/gcc/arm-none-eabi/7.3.1/../../../../arm-none-eabi/lib/thumb/v7-m\libm.a
END GROUP
START GROUP
LOAD c:/st/stm32cubeide_1.0.0/stm32cubeide/plugins/com.st.stm32cube.ide.mcu.externaltools.gnu-tools-for-stm32.7-2018-q2-update.win32_1.0.0.201904181610/tools/bin/../lib/gcc/arm-none-eabi/7.3.1/thumb/v7-m\libgcc.a
LOAD c:/st/stm32cubeide_1.0.0/stm32cubeide/plugins/com.st.stm32cube.ide.mcu.externaltools.gnu-tools-for-stm32.7-2018-q2-update.win32_1.0.0.201904181610/tools/bin/../lib/gcc/arm-none-eabi/7.3.1/../../../../arm-none-eabi/lib/thumb/v7-m\libc_nano.a
END GROUP
START GROUP
LOAD c:/st/stm32cubeide_1.0.0/stm32cubeide/plugins/com.st.stm32cube.ide.mcu.externaltools.gnu-tools-for-stm32.7-2018-q2-update.win32_1.0.0.201904181610/tools/bin/../lib/gcc/arm-none-eabi/7.3.1/thumb/v7-m\libgcc.a
LOAD c:/st/stm32cubeide_1.0.0/stm32cubeide/plugins/com.st.stm32cube.ide.mcu.externaltools.gnu-tools-for-stm32.7-2018-q2-update.win32_1.0.0.201904181610/tools/bin/../lib/gcc/arm-none-eabi/7.3.1/../../../../arm-none-eabi/lib/thumb/v7-m\libc_nano.a
LOAD c:/st/stm32cubeide_1.0.0/stm32cubeide/plugins/com.st.stm32cube.ide.mcu.externaltools.gnu-tools-for-stm32.7-2018-q2-update.win32_1.0.0.201904181610/tools/bin/../lib/gcc/arm-none-eabi/7.3.1/../../../../arm-none-eabi/lib/thumb/v7-m\libnosys.a
END GROUP
START GROUP
LOAD c:/st/stm32cubeide_1.0.0/stm32cubeide/plugins/com.st.stm32cube.ide.mcu.externaltools.gnu-tools-for-stm32.7-2018-q2-update.win32_1.0.0.201904181610/tools/bin/../lib/gcc/arm-none-eabi/7.3.1/thumb/v7-m\libgcc.a
LOAD c:/st/stm32cubeide_1.0.0/stm32cubeide/plugins/com.st.stm32cube.ide.mcu.externaltools.gnu-tools-for-stm32.7-2018-q2-update.win32_1.0.0.201904181610/tools/bin/../lib/gcc/arm-none-eabi/7.3.1/../../../../arm-none-eabi/lib/thumb/v7-m\libc_nano.a
LOAD c:/st/stm32cubeide_1.0.0/stm32cubeide/plugins/com.st.stm32cube.ide.mcu.externaltools.gnu-tools-for-stm32.7-2018-q2-update.win32_1.0.0.201904181610/tools/bin/../lib/gcc/arm-none-eabi/7.3.1/../../../../arm-none-eabi/lib/thumb/v7-m\libnosys.a
END GROUP
LOAD c:/st/stm32cubeide_1.0.0/stm32cubeide/plugins/com.st.stm32cube.ide.mcu.externaltools.gnu-tools-for-stm32.7-2018-q2-update.win32_1.0.0.201904181610/tools/bin/../lib/gcc/arm-none-eabi/7.3.1/thumb/v7-m/crtend.o
LOAD c:/st/stm32cubeide_1.0.0/stm32cubeide/plugins/com.st.stm32cube.ide.mcu.externaltools.gnu-tools-for-stm32.7-2018-q2-update.win32_1.0.0.201904181610/tools/bin/../lib/gcc/arm-none-eabi/7.3.1/thumb/v7-m/crtn.o
                0x0000000020004fff                _estack = 0x20004fff
                0x0000000000000200                _Min_Heap_Size = 0x200
                0x0000000000000400                _Min_Stack_Size = 0x400

.isr_vector     0x0000000008000000      0x10c
                0x0000000008000000                . = ALIGN (0x4)
 *(.isr_vector)
 .isr_vector    0x0000000008000000      0x10c Startup/startup_stm32f103rbtx.o
                0x0000000008000000                g_pfnVectors
                0x000000000800010c                . = ALIGN (0x4)

.text           0x0000000008000110     0x7bb0
                0x0000000008000110                . = ALIGN (0x4)
 *(.text)
 .text          0x0000000008000110       0x40 c:/st/stm32cubeide_1.0.0/stm32cubeide/plugins/com.st.stm32cube.ide.mcu.externaltools.gnu-tools-for-stm32.7-2018-q2-update.win32_1.0.0.201904181610/tools/bin/../lib/gcc/arm-none-eabi/7.3.1/thumb/v7-m/crtbegin.o
 .text          0x0000000008000150      0x378 c:/st/stm32cubeide_1.0.0/stm32cubeide/plugins/com.st.stm32cube.ide.mcu.externaltools.gnu-tools-for-stm32.7-2018-q2-update.win32_1.0.0.201904181610/tools/bin/../lib/gcc/arm-none-eabi/7.3.1/thumb/v7-m\libgcc.a(_arm_addsubdf3.o)
                0x0000000008000150                __aeabi_drsub
                0x0000000008000158                __aeabi_dsub
                0x0000000008000158                __subdf3
                0x000000000800015c                __aeabi_dadd
                0x000000000800015c                __adddf3
                0x00000000080003d4                __floatunsidf
                0x00000000080003d4                __aeabi_ui2d
                0x00000000080003f4                __floatsidf
                0x00000000080003f4                __aeabi_i2d
                0x0000000008000418                __aeabi_f2d
                0x0000000008000418                __extendsfdf2
                0x000000000800045c                __floatundidf
                0x000000000800045c                __aeabi_ul2d
                0x000000000800046c                __floatdidf
                0x000000000800046c                __aeabi_l2d
 .text          0x00000000080004c8      0x424 c:/st/stm32cubeide_1.0.0/stm32cubeide/plugins/com.st.stm32cube.ide.mcu.externaltools.gnu-tools-for-stm32.7-2018-q2-update.win32_1.0.0.201904181610/tools/bin/../lib/gcc/arm-none-eabi/7.3.1/thumb/v7-m\libgcc.a(_arm_muldivdf3.o)
                0x00000000080004c8                __aeabi_dmul
                0x00000000080004c8                __muldf3
                0x000000000800071c                __divdf3
                0x000000000800071c                __aeabi_ddiv
 .text          0x00000000080008ec      0x110 c:/st/stm32cubeide_1.0.0/stm32cubeide/plugins/com.st.stm32cube.ide.mcu.externaltools.gnu-tools-for-stm32.7-2018-q2-update.win32_1.0.0.201904181610/tools/bin/../lib/gcc/arm-none-eabi/7.3.1/thumb/v7-m\libgcc.a(_arm_cmpdf2.o)
                0x00000000080008ec                __gtdf2
                0x00000000080008ec                __gedf2
                0x00000000080008f4                __ltdf2
                0x00000000080008f4                __ledf2
                0x00000000080008fc                __nedf2
                0x00000000080008fc                __eqdf2
                0x00000000080008fc                __cmpdf2
                0x0000000008000978                __aeabi_cdrcmple
                0x0000000008000988                __aeabi_cdcmpeq
                0x0000000008000988                __aeabi_cdcmple
                0x0000000008000998                __aeabi_dcmpeq
                0x00000000080009ac                __aeabi_dcmplt
                0x00000000080009c0                __aeabi_dcmple
                0x00000000080009d4                __aeabi_dcmpge
                0x00000000080009e8                __aeabi_dcmpgt
 .text          0x00000000080009fc       0x2c c:/st/stm32cubeide_1.0.0/stm32cubeide/plugins/com.st.stm32cube.ide.mcu.externaltools.gnu-tools-for-stm32.7-2018-q2-update.win32_1.0.0.201904181610/tools/bin/../lib/gcc/arm-none-eabi/7.3.1/thumb/v7-m\libgcc.a(_arm_unorddf2.o)
                0x00000000080009fc                __unorddf2
                0x00000000080009fc                __aeabi_dcmpun
 .text          0x0000000008000a28       0xa0 c:/st/stm32cubeide_1.0.0/stm32cubeide/plugins/com.st.stm32cube.ide.mcu.externaltools.gnu-tools-for-stm32.7-2018-q2-update.win32_1.0.0.201904181610/tools/bin/../lib/gcc/arm-none-eabi/7.3.1/thumb/v7-m\libgcc.a(_arm_truncdfsf2.o)
                0x0000000008000a28                __truncdfsf2
                0x0000000008000a28                __aeabi_d2f
 .text          0x0000000008000ac8      0x21c c:/st/stm32cubeide_1.0.0/stm32cubeide/plugins/com.st.stm32cube.ide.mcu.externaltools.gnu-tools-for-stm32.7-2018-q2-update.win32_1.0.0.201904181610/tools/bin/../lib/gcc/arm-none-eabi/7.3.1/thumb/v7-m\libgcc.a(_arm_addsubsf3.o)
                0x0000000008000ac8                __aeabi_frsub
                0x0000000008000ad0                __subsf3
                0x0000000008000ad0                __aeabi_fsub
                0x0000000008000ad4                __aeabi_fadd
                0x0000000008000ad4                __addsf3
                0x0000000008000c34                __aeabi_ui2f
                0x0000000008000c34                __floatunsisf
                0x0000000008000c3c                __aeabi_i2f
                0x0000000008000c3c                __floatsisf
                0x0000000008000c58                __aeabi_ul2f
                0x0000000008000c58                __floatundisf
                0x0000000008000c68                __aeabi_l2f
                0x0000000008000c68                __floatdisf
 .text          0x0000000008000ce4      0x2a0 c:/st/stm32cubeide_1.0.0/stm32cubeide/plugins/com.st.stm32cube.ide.mcu.externaltools.gnu-tools-for-stm32.7-2018-q2-update.win32_1.0.0.201904181610/tools/bin/../lib/gcc/arm-none-eabi/7.3.1/thumb/v7-m\libgcc.a(_arm_muldivsf3.o)
                0x0000000008000ce4                __mulsf3
                0x0000000008000ce4                __aeabi_fmul
                0x0000000008000e4c                __aeabi_fdiv
                0x0000000008000e4c                __divsf3
 .text          0x0000000008000f84       0xec c:/st/stm32cubeide_1.0.0/stm32cubeide/plugins/com.st.stm32cube.ide.mcu.externaltools.gnu-tools-for-stm32.7-2018-q2-update.win32_1.0.0.201904181610/tools/bin/../lib/gcc/arm-none-eabi/7.3.1/thumb/v7-m\libgcc.a(_arm_cmpsf2.o)
                0x0000000008000f84                __gesf2
                0x0000000008000f84                __gtsf2
                0x0000000008000f8c                __lesf2
                0x0000000008000f8c                __ltsf2
                0x0000000008000f94                __nesf2
                0x0000000008000f94                __eqsf2
                0x0000000008000f94                __cmpsf2
                0x0000000008000ff4                __aeabi_cfrcmple
                0x0000000008000ffc                __aeabi_cfcmpeq
                0x0000000008000ffc                __aeabi_cfcmple
                0x000000000800100c                __aeabi_fcmpeq
                0x0000000008001020                __aeabi_fcmplt
                0x0000000008001034                __aeabi_fcmple
                0x0000000008001048                __aeabi_fcmpge
                0x000000000800105c                __aeabi_fcmpgt
 *(.text*)
 .text.NVIC_SetPriorityGrouping
                0x0000000008001070       0x48 Core/Src/envmonitor.o
 .text.ENVMNTR_init
                0x00000000080010b8       0x40 Core/Src/envmonitor.o
                0x00000000080010b8                ENVMNTR_init
 .text.ENVMNTR_createTasks
                0x00000000080010f8       0x7c Core/Src/envmonitor.o
                0x00000000080010f8                ENVMNTR_createTasks
 .text.SystemClock_Config
                0x0000000008001174       0x82 Core/Src/envmonitor.o
                0x0000000008001174                SystemClock_Config
 *fill*         0x00000000080011f6        0x2 
 .text.MX_I2C1_Init
                0x00000000080011f8       0x5c Core/Src/envmonitor.o
 .text.MX_USART2_UART_Init
                0x0000000008001254       0x54 Core/Src/envmonitor.o
 .text.MX_GPIO_Init
                0x00000000080012a8       0xdc Core/Src/envmonitor.o
 .text.HAL_TIM_PeriodElapsedCallback
                0x0000000008001384       0x24 Core/Src/envmonitor.o
                0x0000000008001384                HAL_TIM_PeriodElapsedCallback
 .text.Error_Handler
                0x00000000080013a8        0xc Core/Src/envmonitor.o
 .text.HTU21D_init
                0x00000000080013b4       0x1e Core/Src/htu21d.o
                0x00000000080013b4                HTU21D_init
 *fill*         0x00000000080013d2        0x2 
 .text.HTU21D_softReset
                0x00000000080013d4       0x48 Core/Src/htu21d.o
 .text.HTU21D_configUserRegister
                0x000000000800141c       0xa8 Core/Src/htu21d.o
 .text.HTU21D_handler
                0x00000000080014c4      0x134 Core/Src/htu21d.o
                0x00000000080014c4                HTU21D_handler
 .text.calculateTempHum
                0x00000000080015f8       0xdc Core/Src/htu21d.o
 .text.Error_Handler
                0x00000000080016d4        0xc Core/Src/htu21d.o
 .text.main     0x00000000080016e0       0x20 Core/Src/main.o
                0x00000000080016e0                main
 .text.HAL_MspInit
                0x0000000008001700       0x64 Core/Src/stm32f1xx_hal_msp.o
                0x0000000008001700                HAL_MspInit
 .text.HAL_I2C_MspInit
                0x0000000008001764       0x7c Core/Src/stm32f1xx_hal_msp.o
                0x0000000008001764                HAL_I2C_MspInit
 .text.HAL_UART_MspInit
                0x00000000080017e0       0x7c Core/Src/stm32f1xx_hal_msp.o
                0x00000000080017e0                HAL_UART_MspInit
 .text.HAL_InitTick
                0x000000000800185c       0xac Core/Src/stm32f1xx_hal_timebase_tim.o
                0x000000000800185c                HAL_InitTick
 .text.NMI_Handler
                0x0000000008001908        0xc Core/Src/stm32f1xx_it.o
                0x0000000008001908                NMI_Handler
 .text.HardFault_Handler
                0x0000000008001914        0x6 Core/Src/stm32f1xx_it.o
                0x0000000008001914                HardFault_Handler
 .text.MemManage_Handler
                0x000000000800191a        0x6 Core/Src/stm32f1xx_it.o
                0x000000000800191a                MemManage_Handler
 .text.BusFault_Handler
                0x0000000008001920        0x6 Core/Src/stm32f1xx_it.o
                0x0000000008001920                BusFault_Handler
 .text.UsageFault_Handler
                0x0000000008001926        0x6 Core/Src/stm32f1xx_it.o
                0x0000000008001926                UsageFault_Handler
 .text.DebugMon_Handler
                0x000000000800192c        0xc Core/Src/stm32f1xx_it.o
                0x000000000800192c                DebugMon_Handler
 .text.TIM1_UP_IRQHandler
                0x0000000008001938       0x14 Core/Src/stm32f1xx_it.o
                0x0000000008001938                TIM1_UP_IRQHandler
 .text.EXTI15_10_IRQHandler
                0x000000000800194c       0x10 Core/Src/stm32f1xx_it.o
                0x000000000800194c                EXTI15_10_IRQHandler
 .text.SystemInit
                0x000000000800195c       0x68 Core/Src/system_stm32f1xx.o
                0x000000000800195c                SystemInit
 .text.TSL2561_init
                0x00000000080019c4       0xdc Core/Src/tsl2561.o
                0x00000000080019c4                TSL2561_init
 .text.TSL2561_handler
                0x0000000008001aa0      0x188 Core/Src/tsl2561.o
                0x0000000008001aa0                TSL2561_handler
 .text.TSL2561_calculateLux
                0x0000000008001c28      0x2e0 Core/Src/tsl2561.o
 .text.Error_Handler
                0x0000000008001f08        0xc Core/Src/tsl2561.o
 .text.TTP223B_init
                0x0000000008001f14       0x54 Core/Src/ttp223.o
                0x0000000008001f14                TTP223B_init
 .text.EXTI0_IRQHandler
                0x0000000008001f68       0x16 Core/Src/ttp223.o
                0x0000000008001f68                EXTI0_IRQHandler
 *fill*         0x0000000008001f7e        0x2 
 .text.HAL_GPIO_EXTI_Callback
                0x0000000008001f80       0x2c Core/Src/ttp223.o
                0x0000000008001f80                HAL_GPIO_EXTI_Callback
 .text.HAL_Init
                0x0000000008001fac       0x2c Drivers/STM32F1xx_HAL_Driver/Src/stm32f1xx_hal.o
                0x0000000008001fac                HAL_Init
 .text.HAL_IncTick
                0x0000000008001fd8       0x24 Drivers/STM32F1xx_HAL_Driver/Src/stm32f1xx_hal.o
                0x0000000008001fd8                HAL_IncTick
 .text.HAL_GetTick
                0x0000000008001ffc       0x14 Drivers/STM32F1xx_HAL_Driver/Src/stm32f1xx_hal.o
                0x0000000008001ffc                HAL_GetTick
 .text.HAL_Delay
                0x0000000008002010       0x44 Drivers/STM32F1xx_HAL_Driver/Src/stm32f1xx_hal.o
                0x0000000008002010                HAL_Delay
 .text.NVIC_SetPriorityGrouping
                0x0000000008002054       0x48 Drivers/STM32F1xx_HAL_Driver/Src/stm32f1xx_hal_cortex.o
 .text.NVIC_GetPriorityGrouping
                0x000000000800209c       0x1c Drivers/STM32F1xx_HAL_Driver/Src/stm32f1xx_hal_cortex.o
 .text.NVIC_EnableIRQ
                0x00000000080020b8       0x30 Drivers/STM32F1xx_HAL_Driver/Src/stm32f1xx_hal_cortex.o
 .text.NVIC_SetPriority
                0x00000000080020e8       0x54 Drivers/STM32F1xx_HAL_Driver/Src/stm32f1xx_hal_cortex.o
 .text.NVIC_EncodePriority
                0x000000000800213c       0x64 Drivers/STM32F1xx_HAL_Driver/Src/stm32f1xx_hal_cortex.o
 .text.HAL_NVIC_SetPriorityGrouping
                0x00000000080021a0       0x16 Drivers/STM32F1xx_HAL_Driver/Src/stm32f1xx_hal_cortex.o
                0x00000000080021a0                HAL_NVIC_SetPriorityGrouping
 .text.HAL_NVIC_SetPriority
                0x00000000080021b6       0x38 Drivers/STM32F1xx_HAL_Driver/Src/stm32f1xx_hal_cortex.o
                0x00000000080021b6                HAL_NVIC_SetPriority
 .text.HAL_NVIC_EnableIRQ
                0x00000000080021ee       0x1c Drivers/STM32F1xx_HAL_Driver/Src/stm32f1xx_hal_cortex.o
                0x00000000080021ee                HAL_NVIC_EnableIRQ
 *fill*         0x000000000800220a        0x2 
 .text.HAL_GPIO_Init
                0x000000000800220c      0x2bc Drivers/STM32F1xx_HAL_Driver/Src/stm32f1xx_hal_gpio.o
                0x000000000800220c                HAL_GPIO_Init
 .text.HAL_GPIO_WritePin
                0x00000000080024c8       0x30 Drivers/STM32F1xx_HAL_Driver/Src/stm32f1xx_hal_gpio.o
                0x00000000080024c8                HAL_GPIO_WritePin
 .text.HAL_GPIO_EXTI_IRQHandler
                0x00000000080024f8       0x30 Drivers/STM32F1xx_HAL_Driver/Src/stm32f1xx_hal_gpio.o
                0x00000000080024f8                HAL_GPIO_EXTI_IRQHandler
 .text.HAL_I2C_Init
                0x0000000008002528      0x208 Drivers/STM32F1xx_HAL_Driver/Src/stm32f1xx_hal_i2c.o
                0x0000000008002528                HAL_I2C_Init
 .text.HAL_I2C_Master_Transmit
                0x0000000008002730      0x21c Drivers/STM32F1xx_HAL_Driver/Src/stm32f1xx_hal_i2c.o
                0x0000000008002730                HAL_I2C_Master_Transmit
 .text.HAL_I2C_Master_Receive
                0x000000000800294c      0x474 Drivers/STM32F1xx_HAL_Driver/Src/stm32f1xx_hal_i2c.o
                0x000000000800294c                HAL_I2C_Master_Receive
 .text.I2C_MasterRequestWrite
                0x0000000008002dc0      0x104 Drivers/STM32F1xx_HAL_Driver/Src/stm32f1xx_hal_i2c.o
 .text.I2C_MasterRequestRead
                0x0000000008002ec4      0x190 Drivers/STM32F1xx_HAL_Driver/Src/stm32f1xx_hal_i2c.o
 .text.I2C_WaitOnFlagUntilTimeout
                0x0000000008003054       0xa2 Drivers/STM32F1xx_HAL_Driver/Src/stm32f1xx_hal_i2c.o
 .text.I2C_WaitOnMasterAddressFlagUntilTimeout
                0x00000000080030f6       0xdc Drivers/STM32F1xx_HAL_Driver/Src/stm32f1xx_hal_i2c.o
 .text.I2C_WaitOnTXEFlagUntilTimeout
                0x00000000080031d2       0x7a Drivers/STM32F1xx_HAL_Driver/Src/stm32f1xx_hal_i2c.o
 .text.I2C_WaitOnBTFFlagUntilTimeout
                0x000000000800324c       0x7a Drivers/STM32F1xx_HAL_Driver/Src/stm32f1xx_hal_i2c.o
 .text.I2C_WaitOnRXNEFlagUntilTimeout
                0x00000000080032c6       0x94 Drivers/STM32F1xx_HAL_Driver/Src/stm32f1xx_hal_i2c.o
 .text.I2C_IsAcknowledgeFailed
                0x000000000800335a       0x4e Drivers/STM32F1xx_HAL_Driver/Src/stm32f1xx_hal_i2c.o
 .text.HAL_RCC_OscConfig
                0x00000000080033a8      0x4c8 Drivers/STM32F1xx_HAL_Driver/Src/stm32f1xx_hal_rcc.o
                0x00000000080033a8                HAL_RCC_OscConfig
 .text.HAL_RCC_ClockConfig
                0x0000000008003870      0x218 Drivers/STM32F1xx_HAL_Driver/Src/stm32f1xx_hal_rcc.o
                0x0000000008003870                HAL_RCC_ClockConfig
 .text.HAL_RCC_GetSysClockFreq
                0x0000000008003a88       0xc4 Drivers/STM32F1xx_HAL_Driver/Src/stm32f1xx_hal_rcc.o
                0x0000000008003a88                HAL_RCC_GetSysClockFreq
 .text.HAL_RCC_GetHCLKFreq
                0x0000000008003b4c       0x14 Drivers/STM32F1xx_HAL_Driver/Src/stm32f1xx_hal_rcc.o
                0x0000000008003b4c                HAL_RCC_GetHCLKFreq
 .text.HAL_RCC_GetPCLK1Freq
                0x0000000008003b60       0x28 Drivers/STM32F1xx_HAL_Driver/Src/stm32f1xx_hal_rcc.o
                0x0000000008003b60                HAL_RCC_GetPCLK1Freq
 .text.HAL_RCC_GetPCLK2Freq
                0x0000000008003b88       0x28 Drivers/STM32F1xx_HAL_Driver/Src/stm32f1xx_hal_rcc.o
                0x0000000008003b88                HAL_RCC_GetPCLK2Freq
 .text.HAL_RCC_GetClockConfig
                0x0000000008003bb0       0x60 Drivers/STM32F1xx_HAL_Driver/Src/stm32f1xx_hal_rcc.o
                0x0000000008003bb0                HAL_RCC_GetClockConfig
 .text.RCC_Delay
                0x0000000008003c10       0x3c Drivers/STM32F1xx_HAL_Driver/Src/stm32f1xx_hal_rcc.o
 .text.HAL_TIM_Base_Init
                0x0000000008003c4c       0x56 Drivers/STM32F1xx_HAL_Driver/Src/stm32f1xx_hal_tim.o
                0x0000000008003c4c                HAL_TIM_Base_Init
 .text.HAL_TIM_Base_MspInit
                0x0000000008003ca2       0x12 Drivers/STM32F1xx_HAL_Driver/Src/stm32f1xx_hal_tim.o
                0x0000000008003ca2                HAL_TIM_Base_MspInit
 .text.HAL_TIM_Base_Start_IT
                0x0000000008003cb4       0x34 Drivers/STM32F1xx_HAL_Driver/Src/stm32f1xx_hal_tim.o
                0x0000000008003cb4                HAL_TIM_Base_Start_IT
 .text.HAL_TIM_IRQHandler
                0x0000000008003ce8      0x210 Drivers/STM32F1xx_HAL_Driver/Src/stm32f1xx_hal_tim.o
                0x0000000008003ce8                HAL_TIM_IRQHandler
 .text.HAL_TIM_OC_DelayElapsedCallback
                0x0000000008003ef8       0x12 Drivers/STM32F1xx_HAL_Driver/Src/stm32f1xx_hal_tim.o
                0x0000000008003ef8                HAL_TIM_OC_DelayElapsedCallback
 .text.HAL_TIM_IC_CaptureCallback
                0x0000000008003f0a       0x12 Drivers/STM32F1xx_HAL_Driver/Src/stm32f1xx_hal_tim.o
                0x0000000008003f0a                HAL_TIM_IC_CaptureCallback
 .text.HAL_TIM_PWM_PulseFinishedCallback
                0x0000000008003f1c       0x12 Drivers/STM32F1xx_HAL_Driver/Src/stm32f1xx_hal_tim.o
                0x0000000008003f1c                HAL_TIM_PWM_PulseFinishedCallback
 .text.HAL_TIM_TriggerCallback
                0x0000000008003f2e       0x12 Drivers/STM32F1xx_HAL_Driver/Src/stm32f1xx_hal_tim.o
                0x0000000008003f2e                HAL_TIM_TriggerCallback
 .text.TIM_Base_SetConfig
                0x0000000008003f40       0xcc Drivers/STM32F1xx_HAL_Driver/Src/stm32f1xx_hal_tim.o
                0x0000000008003f40                TIM_Base_SetConfig
 .text.HAL_TIMEx_CommutationCallback
                0x000000000800400c       0x12 Drivers/STM32F1xx_HAL_Driver/Src/stm32f1xx_hal_tim_ex.o
                0x000000000800400c                HAL_TIMEx_CommutationCallback
 .text.HAL_TIMEx_BreakCallback
                0x000000000800401e       0x12 Drivers/STM32F1xx_HAL_Driver/Src/stm32f1xx_hal_tim_ex.o
                0x000000000800401e                HAL_TIMEx_BreakCallback
 .text.HAL_UART_Init
                0x0000000008004030       0x9a Drivers/STM32F1xx_HAL_Driver/Src/stm32f1xx_hal_uart.o
                0x0000000008004030                HAL_UART_Init
 *fill*         0x00000000080040ca        0x2 
 .text.UART_SetConfig
                0x00000000080040cc      0x230 Drivers/STM32F1xx_HAL_Driver/Src/stm32f1xx_hal_uart.o
 .text.Reset_Handler
                0x00000000080042fc       0x48 Startup/startup_stm32f103rbtx.o
                0x00000000080042fc                Reset_Handler
 .text.Default_Handler
                0x0000000008004344        0x2 Startup/startup_stm32f103rbtx.o
                0x0000000008004344                RTC_Alarm_IRQHandler
                0x0000000008004344                EXTI2_IRQHandler
                0x0000000008004344                TIM1_CC_IRQHandler
                0x0000000008004344                PVD_IRQHandler
                0x0000000008004344                EXTI3_IRQHandler
                0x0000000008004344                I2C2_EV_IRQHandler
                0x0000000008004344                ADC1_2_IRQHandler
                0x0000000008004344                SPI1_IRQHandler
                0x0000000008004344                TAMPER_IRQHandler
                0x0000000008004344                DMA1_Channel4_IRQHandler
                0x0000000008004344                USART3_IRQHandler
                0x0000000008004344                RTC_IRQHandler
                0x0000000008004344                DMA1_Channel7_IRQHandler
                0x0000000008004344                CAN1_RX1_IRQHandler
                0x0000000008004344                TIM4_IRQHandler
                0x0000000008004344                I2C1_EV_IRQHandler
                0x0000000008004344                DMA1_Channel6_IRQHandler
                0x0000000008004344                TIM3_IRQHandler
                0x0000000008004344                RCC_IRQHandler
                0x0000000008004344                TIM1_TRG_COM_IRQHandler
                0x0000000008004344                DMA1_Channel1_IRQHandler
                0x0000000008004344                Default_Handler
                0x0000000008004344                EXTI9_5_IRQHandler
                0x0000000008004344                SPI2_IRQHandler
                0x0000000008004344                DMA1_Channel5_IRQHandler
                0x0000000008004344                EXTI4_IRQHandler
                0x0000000008004344                USB_LP_CAN1_RX0_IRQHandler
                0x0000000008004344                USB_HP_CAN1_TX_IRQHandler
                0x0000000008004344                DMA1_Channel3_IRQHandler
                0x0000000008004344                WWDG_IRQHandler
                0x0000000008004344                TIM2_IRQHandler
                0x0000000008004344                TIM1_BRK_IRQHandler
                0x0000000008004344                EXTI1_IRQHandler
                0x0000000008004344                USART2_IRQHandler
                0x0000000008004344                I2C2_ER_IRQHandler
                0x0000000008004344                DMA1_Channel2_IRQHandler
                0x0000000008004344                CAN1_SCE_IRQHandler
                0x0000000008004344                FLASH_IRQHandler
                0x0000000008004344                USART1_IRQHandler
                0x0000000008004344                I2C1_ER_IRQHandler
                0x0000000008004344                USBWakeUp_IRQHandler
 *fill*         0x0000000008004346        0x2 
 .text._cbSendSystemDesc
                0x0000000008004348       0x1c ThirdParty/SEGGER/Config/SEGGER_SYSVIEW_Config_FreeRTOS.o
 .text.SEGGER_SYSVIEW_Conf
                0x0000000008004364       0x2c ThirdParty/SEGGER/Config/SEGGER_SYSVIEW_Config_FreeRTOS.o
                0x0000000008004364                SEGGER_SYSVIEW_Conf
 .text._cbSendTaskList
                0x0000000008004390       0x90 ThirdParty/SEGGER/OS/SEGGER_SYSVIEW_FreeRTOS.o
 .text._cbGetTime
                0x0000000008004420       0x76 ThirdParty/SEGGER/OS/SEGGER_SYSVIEW_FreeRTOS.o
 *fill*         0x0000000008004496        0x2 
 .text.SYSVIEW_AddTask
                0x0000000008004498       0xd0 ThirdParty/SEGGER/OS/SEGGER_SYSVIEW_FreeRTOS.o
                0x0000000008004498                SYSVIEW_AddTask
 .text.SYSVIEW_SendTaskInfo
                0x0000000008004568       0x42 ThirdParty/SEGGER/OS/SEGGER_SYSVIEW_FreeRTOS.o
                0x0000000008004568                SYSVIEW_SendTaskInfo
 *fill*         0x00000000080045aa        0x2 
 .text._DoInit  0x00000000080045ac       0xa4 ThirdParty/SEGGER/SEGGER/SEGGER_RTT.o
 .text.SEGGER_RTT_ReadNoLock
                0x0000000008004650      0x104 ThirdParty/SEGGER/SEGGER/SEGGER_RTT.o
                0x0000000008004650                SEGGER_RTT_ReadNoLock
 .text.SEGGER_RTT_WriteSkipNoLock
                0x0000000008004754      0x120 ThirdParty/SEGGER/SEGGER/SEGGER_RTT.o
                0x0000000008004754                SEGGER_RTT_WriteSkipNoLock
 .text.SEGGER_RTT_ConfigUpBuffer
                0x0000000008004874       0xd4 ThirdParty/SEGGER/SEGGER/SEGGER_RTT.o
                0x0000000008004874                SEGGER_RTT_ConfigUpBuffer
 .text.SEGGER_RTT_ConfigDownBuffer
                0x0000000008004948       0xd4 ThirdParty/SEGGER/SEGGER/SEGGER_RTT.o
                0x0000000008004948                SEGGER_RTT_ConfigDownBuffer
 .text._EncodeStr
                0x0000000008004a1c       0x98 ThirdParty/SEGGER/SEGGER/SEGGER_SYSVIEW.o
 .text._PreparePacket
                0x0000000008004ab4       0x16 ThirdParty/SEGGER/SEGGER/SEGGER_SYSVIEW.o
 .text._HandleIncomingPacket
                0x0000000008004aca       0xb8 ThirdParty/SEGGER/SEGGER/SEGGER_SYSVIEW.o
 *fill*         0x0000000008004b82        0x2 
 .text._TrySendOverflowPacket
                0x0000000008004b84       0xe0 ThirdParty/SEGGER/SEGGER/SEGGER_SYSVIEW.o
 .text._SendPacket
                0x0000000008004c64      0x1a8 ThirdParty/SEGGER/SEGGER/SEGGER_SYSVIEW.o
 .text.SEGGER_SYSVIEW_Init
                0x0000000008004e0c       0x7c ThirdParty/SEGGER/SEGGER/SEGGER_SYSVIEW.o
                0x0000000008004e0c                SEGGER_SYSVIEW_Init
 .text.SEGGER_SYSVIEW_SetRAMBase
                0x0000000008004e88       0x1c ThirdParty/SEGGER/SEGGER/SEGGER_SYSVIEW.o
                0x0000000008004e88                SEGGER_SYSVIEW_SetRAMBase
 .text.SEGGER_SYSVIEW_RecordVoid
                0x0000000008004ea4       0x3c ThirdParty/SEGGER/SEGGER/SEGGER_SYSVIEW.o
                0x0000000008004ea4                SEGGER_SYSVIEW_RecordVoid
 .text.SEGGER_SYSVIEW_RecordU32
                0x0000000008004ee0       0x78 ThirdParty/SEGGER/SEGGER/SEGGER_SYSVIEW.o
                0x0000000008004ee0                SEGGER_SYSVIEW_RecordU32
 .text.SEGGER_SYSVIEW_RecordU32x2
                0x0000000008004f58       0xb4 ThirdParty/SEGGER/SEGGER/SEGGER_SYSVIEW.o
                0x0000000008004f58                SEGGER_SYSVIEW_RecordU32x2
 .text.SEGGER_SYSVIEW_Start
                0x000000000800500c      0x178 ThirdParty/SEGGER/SEGGER/SEGGER_SYSVIEW.o
                0x000000000800500c                SEGGER_SYSVIEW_Start
 .text.SEGGER_SYSVIEW_Stop
                0x0000000008005184       0x4c ThirdParty/SEGGER/SEGGER/SEGGER_SYSVIEW.o
                0x0000000008005184                SEGGER_SYSVIEW_Stop
 .text.SEGGER_SYSVIEW_GetSysDesc
                0x00000000080051d0      0x134 ThirdParty/SEGGER/SEGGER/SEGGER_SYSVIEW.o
                0x00000000080051d0                SEGGER_SYSVIEW_GetSysDesc
 .text.SEGGER_SYSVIEW_SendTaskInfo
                0x0000000008005304      0x1cc ThirdParty/SEGGER/SEGGER/SEGGER_SYSVIEW.o
                0x0000000008005304                SEGGER_SYSVIEW_SendTaskInfo
 .text.SEGGER_SYSVIEW_SendTaskList
                0x00000000080054d0       0x28 ThirdParty/SEGGER/SEGGER/SEGGER_SYSVIEW.o
                0x00000000080054d0                SEGGER_SYSVIEW_SendTaskList
 .text.SEGGER_SYSVIEW_SendSysDesc
                0x00000000080054f8       0x48 ThirdParty/SEGGER/SEGGER/SEGGER_SYSVIEW.o
                0x00000000080054f8                SEGGER_SYSVIEW_SendSysDesc
 .text.SEGGER_SYSVIEW_RecordSystime
                0x0000000008005540       0x60 ThirdParty/SEGGER/SEGGER/SEGGER_SYSVIEW.o
                0x0000000008005540                SEGGER_SYSVIEW_RecordSystime
 .text.SEGGER_SYSVIEW_RecordEnterISR
                0x00000000080055a0       0x84 ThirdParty/SEGGER/SEGGER/SEGGER_SYSVIEW.o
                0x00000000080055a0                SEGGER_SYSVIEW_RecordEnterISR
 .text.SEGGER_SYSVIEW_RecordExitISR
                0x0000000008005624       0x38 ThirdParty/SEGGER/SEGGER/SEGGER_SYSVIEW.o
                0x0000000008005624                SEGGER_SYSVIEW_RecordExitISR
 .text.SEGGER_SYSVIEW_RecordExitISRToScheduler
                0x000000000800565c       0x38 ThirdParty/SEGGER/SEGGER/SEGGER_SYSVIEW.o
                0x000000000800565c                SEGGER_SYSVIEW_RecordExitISRToScheduler
 .text.SEGGER_SYSVIEW_OnIdle
                0x0000000008005694       0x38 ThirdParty/SEGGER/SEGGER/SEGGER_SYSVIEW.o
                0x0000000008005694                SEGGER_SYSVIEW_OnIdle
 .text.SEGGER_SYSVIEW_OnTaskCreate
                0x00000000080056cc       0x88 ThirdParty/SEGGER/SEGGER/SEGGER_SYSVIEW.o
                0x00000000080056cc                SEGGER_SYSVIEW_OnTaskCreate
 .text.SEGGER_SYSVIEW_OnTaskStartExec
                0x0000000008005754       0x88 ThirdParty/SEGGER/SEGGER/SEGGER_SYSVIEW.o
                0x0000000008005754                SEGGER_SYSVIEW_OnTaskStartExec
 .text.SEGGER_SYSVIEW_OnTaskStartReady
                0x00000000080057dc       0x88 ThirdParty/SEGGER/SEGGER/SEGGER_SYSVIEW.o
                0x00000000080057dc                SEGGER_SYSVIEW_OnTaskStartReady
 .text.SEGGER_SYSVIEW_SendModule
                0x0000000008005864      0x100 ThirdParty/SEGGER/SEGGER/SEGGER_SYSVIEW.o
                0x0000000008005864                SEGGER_SYSVIEW_SendModule
 .text.SEGGER_SYSVIEW_SendModuleDescription
                0x0000000008005964       0x3c ThirdParty/SEGGER/SEGGER/SEGGER_SYSVIEW.o
                0x0000000008005964                SEGGER_SYSVIEW_SendModuleDescription
 .text.SEGGER_SYSVIEW_SendNumModules
                0x00000000080059a0       0x7c ThirdParty/SEGGER/SEGGER/SEGGER_SYSVIEW.o
                0x00000000080059a0                SEGGER_SYSVIEW_SendNumModules
 .text.SEGGER_SYSVIEW_Warn
                0x0000000008005a1c       0xb8 ThirdParty/SEGGER/SEGGER/SEGGER_SYSVIEW.o
                0x0000000008005a1c                SEGGER_SYSVIEW_Warn
 .text.vListInitialise
                0x0000000008005ad4       0x3e ThirdParty/freeRTOS/org/Source/list.o
                0x0000000008005ad4                vListInitialise
 .text.vListInitialiseItem
                0x0000000008005b12       0x18 ThirdParty/freeRTOS/org/Source/list.o
                0x0000000008005b12                vListInitialiseItem
 .text.vListInsertEnd
                0x0000000008005b2a       0x46 ThirdParty/freeRTOS/org/Source/list.o
                0x0000000008005b2a                vListInsertEnd
 .text.uxListRemove
                0x0000000008005b70       0x52 ThirdParty/freeRTOS/org/Source/list.o
                0x0000000008005b70                uxListRemove
 .text.xTaskCreate
                0x0000000008005bc2       0x82 ThirdParty/freeRTOS/org/Source/tasks.o
                0x0000000008005bc2                xTaskCreate
 .text.prvInitialiseNewTask
                0x0000000008005c44      0x10c ThirdParty/freeRTOS/org/Source/tasks.o
 .text.prvAddNewTaskToReadyList
                0x0000000008005d50      0x110 ThirdParty/freeRTOS/org/Source/tasks.o
 .text.vTaskStartScheduler
                0x0000000008005e60       0xac ThirdParty/freeRTOS/org/Source/tasks.o
                0x0000000008005e60                vTaskStartScheduler
 .text.vTaskSuspendAll
                0x0000000008005f0c       0x1c ThirdParty/freeRTOS/org/Source/tasks.o
                0x0000000008005f0c                vTaskSuspendAll
 .text.xTaskResumeAll
                0x0000000008005f28      0x140 ThirdParty/freeRTOS/org/Source/tasks.o
                0x0000000008005f28                xTaskResumeAll
 .text.xTaskGetTickCountFromISR
                0x0000000008006068       0x24 ThirdParty/freeRTOS/org/Source/tasks.o
                0x0000000008006068                xTaskGetTickCountFromISR
 .text.xTaskIncrementTick
                0x000000000800608c      0x178 ThirdParty/freeRTOS/org/Source/tasks.o
                0x000000000800608c                xTaskIncrementTick
 .text.vTaskSwitchContext
                0x0000000008006204       0xd0 ThirdParty/freeRTOS/org/Source/tasks.o
                0x0000000008006204                vTaskSwitchContext
 .text.prvIdleTask
                0x00000000080062d4       0x30 ThirdParty/freeRTOS/org/Source/tasks.o
 .text.prvInitialiseTaskLists
                0x0000000008006304       0x80 ThirdParty/freeRTOS/org/Source/tasks.o
 .text.prvCheckTasksWaitingTermination
                0x0000000008006384       0x58 ThirdParty/freeRTOS/org/Source/tasks.o
 .text.prvDeleteTCB
                0x00000000080063dc       0x20 ThirdParty/freeRTOS/org/Source/tasks.o
 .text.prvResetNextTaskUnblockTime
                0x00000000080063fc       0x40 ThirdParty/freeRTOS/org/Source/tasks.o
 .text.pxPortInitialiseStack
                0x000000000800643c       0x58 ThirdParty/freeRTOS/org/Source/portable/GCC/ARM_CM3/port.o
                0x000000000800643c                pxPortInitialiseStack
 .text.prvTaskExitError
                0x0000000008006494       0x50 ThirdParty/freeRTOS/org/Source/portable/GCC/ARM_CM3/port.o
 *fill*         0x00000000080064e4        0xc 
 .text.SVC_Handler
                0x00000000080064f0       0x28 ThirdParty/freeRTOS/org/Source/portable/GCC/ARM_CM3/port.o
                0x00000000080064f0                SVC_Handler
 .text.prvPortStartFirstTask
                0x0000000008006518       0x20 ThirdParty/freeRTOS/org/Source/portable/GCC/ARM_CM3/port.o
 .text.xPortStartScheduler
                0x0000000008006538       0xe0 ThirdParty/freeRTOS/org/Source/portable/GCC/ARM_CM3/port.o
                0x0000000008006538                xPortStartScheduler
 .text.vPortEnterCritical
                0x0000000008006618       0x5c ThirdParty/freeRTOS/org/Source/portable/GCC/ARM_CM3/port.o
                0x0000000008006618                vPortEnterCritical
 .text.vPortExitCritical
                0x0000000008006674       0x4c ThirdParty/freeRTOS/org/Source/portable/GCC/ARM_CM3/port.o
                0x0000000008006674                vPortExitCritical
 .text.PendSV_Handler
                0x00000000080066c0       0x48 ThirdParty/freeRTOS/org/Source/portable/GCC/ARM_CM3/port.o
                0x00000000080066c0                PendSV_Handler
 .text.SysTick_Handler
                0x0000000008006708       0x50 ThirdParty/freeRTOS/org/Source/portable/GCC/ARM_CM3/port.o
                0x0000000008006708                SysTick_Handler
 .text.vPortSetupTimerInterrupt
                0x0000000008006758       0x44 ThirdParty/freeRTOS/org/Source/portable/GCC/ARM_CM3/port.o
                0x0000000008006758                vPortSetupTimerInterrupt
 .text.vPortValidateInterruptPriority
                0x000000000800679c       0x78 ThirdParty/freeRTOS/org/Source/portable/GCC/ARM_CM3/port.o
                0x000000000800679c                vPortValidateInterruptPriority
 .text.pvPortMalloc
                0x0000000008006814      0x184 ThirdParty/freeRTOS/org/Source/portable/MemMang/heap_4.o
                0x0000000008006814                pvPortMalloc
 .text.vPortFree
                0x0000000008006998       0xb0 ThirdParty/freeRTOS/org/Source/portable/MemMang/heap_4.o
                0x0000000008006998                vPortFree
 .text.prvHeapInit
                0x0000000008006a48       0xc4 ThirdParty/freeRTOS/org/Source/portable/MemMang/heap_4.o
 .text.prvInsertBlockIntoFreeList
                0x0000000008006b0c       0xb0 ThirdParty/freeRTOS/org/Source/portable/MemMang/heap_4.o
 .text.__errno  0x0000000008006bbc        0xc c:/st/stm32cubeide_1.0.0/stm32cubeide/plugins/com.st.stm32cube.ide.mcu.externaltools.gnu-tools-for-stm32.7-2018-q2-update.win32_1.0.0.201904181610/tools/bin/../lib/gcc/arm-none-eabi/7.3.1/../../../../arm-none-eabi/lib/thumb/v7-m\libc_nano.a(lib_a-errno.o)
                0x0000000008006bbc                __errno
 .text.__libc_init_array
                0x0000000008006bc8       0x48 c:/st/stm32cubeide_1.0.0/stm32cubeide/plugins/com.st.stm32cube.ide.mcu.externaltools.gnu-tools-for-stm32.7-2018-q2-update.win32_1.0.0.201904181610/tools/bin/../lib/gcc/arm-none-eabi/7.3.1/../../../../arm-none-eabi/lib/thumb/v7-m\libc_nano.a(lib_a-init.o)
                0x0000000008006bc8                __libc_init_array
 .text.memcmp   0x0000000008006c10       0x1e c:/st/stm32cubeide_1.0.0/stm32cubeide/plugins/com.st.stm32cube.ide.mcu.externaltools.gnu-tools-for-stm32.7-2018-q2-update.win32_1.0.0.201904181610/tools/bin/../lib/gcc/arm-none-eabi/7.3.1/../../../../arm-none-eabi/lib/thumb/v7-m\libc_nano.a(lib_a-memcmp.o)
                0x0000000008006c10                memcmp
 .text.memcpy   0x0000000008006c2e       0x16 c:/st/stm32cubeide_1.0.0/stm32cubeide/plugins/com.st.stm32cube.ide.mcu.externaltools.gnu-tools-for-stm32.7-2018-q2-update.win32_1.0.0.201904181610/tools/bin/../lib/gcc/arm-none-eabi/7.3.1/../../../../arm-none-eabi/lib/thumb/v7-m\libc_nano.a(lib_a-memcpy-stub.o)
                0x0000000008006c2e                memcpy
 .text.memset   0x0000000008006c44       0x10 c:/st/stm32cubeide_1.0.0/stm32cubeide/plugins/com.st.stm32cube.ide.mcu.externaltools.gnu-tools-for-stm32.7-2018-q2-update.win32_1.0.0.201904181610/tools/bin/../lib/gcc/arm-none-eabi/7.3.1/../../../../arm-none-eabi/lib/thumb/v7-m\libc_nano.a(lib_a-memset.o)
                0x0000000008006c44                memset
 .text.pow      0x0000000008006c54      0x2b8 c:/st/stm32cubeide_1.0.0/stm32cubeide/plugins/com.st.stm32cube.ide.mcu.externaltools.gnu-tools-for-stm32.7-2018-q2-update.win32_1.0.0.201904181610/tools/bin/../lib/gcc/arm-none-eabi/7.3.1/../../../../arm-none-eabi/lib/thumb/v7-m\libm.a(lib_a-w_pow.o)
                0x0000000008006c54                pow
 *fill*         0x0000000008006f0c        0x4 
 .text.__ieee754_pow
                0x0000000008006f10      0xa14 c:/st/stm32cubeide_1.0.0/stm32cubeide/plugins/com.st.stm32cube.ide.mcu.externaltools.gnu-tools-for-stm32.7-2018-q2-update.win32_1.0.0.201904181610/tools/bin/../lib/gcc/arm-none-eabi/7.3.1/../../../../arm-none-eabi/lib/thumb/v7-m\libm.a(lib_a-e_pow.o)
                0x0000000008006f10                __ieee754_pow
 .text.__ieee754_sqrt
                0x0000000008007924      0x158 c:/st/stm32cubeide_1.0.0/stm32cubeide/plugins/com.st.stm32cube.ide.mcu.externaltools.gnu-tools-for-stm32.7-2018-q2-update.win32_1.0.0.201904181610/tools/bin/../lib/gcc/arm-none-eabi/7.3.1/../../../../arm-none-eabi/lib/thumb/v7-m\libm.a(lib_a-e_sqrt.o)
                0x0000000008007924                __ieee754_sqrt
 .text.fabs     0x0000000008007a7c        0x8 c:/st/stm32cubeide_1.0.0/stm32cubeide/plugins/com.st.stm32cube.ide.mcu.externaltools.gnu-tools-for-stm32.7-2018-q2-update.win32_1.0.0.201904181610/tools/bin/../lib/gcc/arm-none-eabi/7.3.1/../../../../arm-none-eabi/lib/thumb/v7-m\libm.a(lib_a-s_fabs.o)
                0x0000000008007a7c                fabs
 .text.finite   0x0000000008007a84        0xc c:/st/stm32cubeide_1.0.0/stm32cubeide/plugins/com.st.stm32cube.ide.mcu.externaltools.gnu-tools-for-stm32.7-2018-q2-update.win32_1.0.0.201904181610/tools/bin/../lib/gcc/arm-none-eabi/7.3.1/../../../../arm-none-eabi/lib/thumb/v7-m\libm.a(lib_a-s_finite.o)
                0x0000000008007a84                finite
 .text.matherr  0x0000000008007a90        0x4 c:/st/stm32cubeide_1.0.0/stm32cubeide/plugins/com.st.stm32cube.ide.mcu.externaltools.gnu-tools-for-stm32.7-2018-q2-update.win32_1.0.0.201904181610/tools/bin/../lib/gcc/arm-none-eabi/7.3.1/../../../../arm-none-eabi/lib/thumb/v7-m\libm.a(lib_a-s_matherr.o)
                0x0000000008007a90                matherr
 .text.nan      0x0000000008007a94        0xc c:/st/stm32cubeide_1.0.0/stm32cubeide/plugins/com.st.stm32cube.ide.mcu.externaltools.gnu-tools-for-stm32.7-2018-q2-update.win32_1.0.0.201904181610/tools/bin/../lib/gcc/arm-none-eabi/7.3.1/../../../../arm-none-eabi/lib/thumb/v7-m\libm.a(lib_a-s_nan.o)
                0x0000000008007a94                nan
 .text.rint     0x0000000008007aa0      0x114 c:/st/stm32cubeide_1.0.0/stm32cubeide/plugins/com.st.stm32cube.ide.mcu.externaltools.gnu-tools-for-stm32.7-2018-q2-update.win32_1.0.0.201904181610/tools/bin/../lib/gcc/arm-none-eabi/7.3.1/../../../../arm-none-eabi/lib/thumb/v7-m\libm.a(lib_a-s_rint.o)
                0x0000000008007aa0                rint
 *fill*         0x0000000008007bb4        0x4 
 .text.scalbn   0x0000000008007bb8       0xdc c:/st/stm32cubeide_1.0.0/stm32cubeide/plugins/com.st.stm32cube.ide.mcu.externaltools.gnu-tools-for-stm32.7-2018-q2-update.win32_1.0.0.201904181610/tools/bin/../lib/gcc/arm-none-eabi/7.3.1/../../../../arm-none-eabi/lib/thumb/v7-m\libm.a(lib_a-s_scalbn.o)
                0x0000000008007bb8                scalbn
 .text.copysign
                0x0000000008007c94       0x12 c:/st/stm32cubeide_1.0.0/stm32cubeide/plugins/com.st.stm32cube.ide.mcu.externaltools.gnu-tools-for-stm32.7-2018-q2-update.win32_1.0.0.201904181610/tools/bin/../lib/gcc/arm-none-eabi/7.3.1/../../../../arm-none-eabi/lib/thumb/v7-m\libm.a(lib_a-s_copysign.o)
                0x0000000008007c94                copysign
 *(.glue_7)
 .glue_7        0x0000000008007ca6        0x0 linker stubs
 *(.glue_7t)
 .glue_7t       0x0000000008007ca6        0x0 linker stubs
 *(.eh_frame)
 *fill*         0x0000000008007ca6        0x2 
 .eh_frame      0x0000000008007ca8        0x0 c:/st/stm32cubeide_1.0.0/stm32cubeide/plugins/com.st.stm32cube.ide.mcu.externaltools.gnu-tools-for-stm32.7-2018-q2-update.win32_1.0.0.201904181610/tools/bin/../lib/gcc/arm-none-eabi/7.3.1/thumb/v7-m/crtbegin.o
 *(.init)
 .init          0x0000000008007ca8        0x4 c:/st/stm32cubeide_1.0.0/stm32cubeide/plugins/com.st.stm32cube.ide.mcu.externaltools.gnu-tools-for-stm32.7-2018-q2-update.win32_1.0.0.201904181610/tools/bin/../lib/gcc/arm-none-eabi/7.3.1/thumb/v7-m/crti.o
                0x0000000008007ca8                _init
 .init          0x0000000008007cac        0x8 c:/st/stm32cubeide_1.0.0/stm32cubeide/plugins/com.st.stm32cube.ide.mcu.externaltools.gnu-tools-for-stm32.7-2018-q2-update.win32_1.0.0.201904181610/tools/bin/../lib/gcc/arm-none-eabi/7.3.1/thumb/v7-m/crtn.o
 *(.fini)
 .fini          0x0000000008007cb4        0x4 c:/st/stm32cubeide_1.0.0/stm32cubeide/plugins/com.st.stm32cube.ide.mcu.externaltools.gnu-tools-for-stm32.7-2018-q2-update.win32_1.0.0.201904181610/tools/bin/../lib/gcc/arm-none-eabi/7.3.1/thumb/v7-m/crti.o
                0x0000000008007cb4                _fini
 .fini          0x0000000008007cb8        0x8 c:/st/stm32cubeide_1.0.0/stm32cubeide/plugins/com.st.stm32cube.ide.mcu.externaltools.gnu-tools-for-stm32.7-2018-q2-update.win32_1.0.0.201904181610/tools/bin/../lib/gcc/arm-none-eabi/7.3.1/thumb/v7-m/crtn.o
                0x0000000008007cc0                . = ALIGN (0x4)
                0x0000000008007cc0                _etext = .

.vfp11_veneer   0x0000000008007cc0        0x0
 .vfp11_veneer  0x0000000008007cc0        0x0 linker stubs

.v4_bx          0x0000000008007cc0        0x0
 .v4_bx         0x0000000008007cc0        0x0 linker stubs

.iplt           0x0000000008007cc0        0x0
 .iplt          0x0000000008007cc0        0x0 c:/st/stm32cubeide_1.0.0/stm32cubeide/plugins/com.st.stm32cube.ide.mcu.externaltools.gnu-tools-for-stm32.7-2018-q2-update.win32_1.0.0.201904181610/tools/bin/../lib/gcc/arm-none-eabi/7.3.1/thumb/v7-m/crtbegin.o

.rodata         0x0000000008007cc0      0x170
                0x0000000008007cc0                . = ALIGN (0x4)
 *(.rodata)
 .rodata        0x0000000008007cc0       0x1f Core/Src/envmonitor.o
 *fill*         0x0000000008007cdf        0x1 
 .rodata        0x0000000008007ce0       0x12 Drivers/STM32F1xx_HAL_Driver/Src/stm32f1xx_hal_rcc.o
 *fill*         0x0000000008007cf2        0x2 
 .rodata        0x0000000008007cf4       0x45 ThirdParty/SEGGER/Config/SEGGER_SYSVIEW_Config_FreeRTOS.o
 *fill*         0x0000000008007d39        0x3 
 .rodata        0x0000000008007d3c       0x58 ThirdParty/SEGGER/OS/SEGGER_SYSVIEW_FreeRTOS.o
 .rodata        0x0000000008007d94       0x17 ThirdParty/SEGGER/SEGGER/SEGGER_RTT.o
 *fill*         0x0000000008007dab        0x1 
 .rodata        0x0000000008007dac        0x8 ThirdParty/SEGGER/SEGGER/SEGGER_SYSVIEW.o
 .rodata        0x0000000008007db4        0x5 ThirdParty/freeRTOS/org/Source/tasks.o
 *(.rodata*)
 *fill*         0x0000000008007db9        0x3 
 .rodata.AHBPrescTable
                0x0000000008007dbc       0x10 Core/Src/system_stm32f1xx.o
                0x0000000008007dbc                AHBPrescTable
 .rodata.APBPrescTable
                0x0000000008007dcc        0x8 Core/Src/system_stm32f1xx.o
                0x0000000008007dcc                APBPrescTable
 .rodata.SYSVIEW_X_OS_TraceAPI
                0x0000000008007dd4        0x8 ThirdParty/SEGGER/OS/SEGGER_SYSVIEW_FreeRTOS.o
                0x0000000008007dd4                SYSVIEW_X_OS_TraceAPI
 .rodata._abSync
                0x0000000008007ddc        0xa ThirdParty/SEGGER/SEGGER/SEGGER_SYSVIEW.o
 .rodata.pow.str1.1
                0x0000000008007de6        0x4 c:/st/stm32cubeide_1.0.0/stm32cubeide/plugins/com.st.stm32cube.ide.mcu.externaltools.gnu-tools-for-stm32.7-2018-q2-update.win32_1.0.0.201904181610/tools/bin/../lib/gcc/arm-none-eabi/7.3.1/../../../../arm-none-eabi/lib/thumb/v7-m\libm.a(lib_a-w_pow.o)
 .rodata.__ieee754_pow.str1.1
                0x0000000008007dea        0x4 c:/st/stm32cubeide_1.0.0/stm32cubeide/plugins/com.st.stm32cube.ide.mcu.externaltools.gnu-tools-for-stm32.7-2018-q2-update.win32_1.0.0.201904181610/tools/bin/../lib/gcc/arm-none-eabi/7.3.1/../../../../arm-none-eabi/lib/thumb/v7-m\libm.a(lib_a-e_pow.o)
                                          0x1 (size before relaxing)
 *fill*         0x0000000008007dea        0x6 
 .rodata.bp     0x0000000008007df0       0x10 c:/st/stm32cubeide_1.0.0/stm32cubeide/plugins/com.st.stm32cube.ide.mcu.externaltools.gnu-tools-for-stm32.7-2018-q2-update.win32_1.0.0.201904181610/tools/bin/../lib/gcc/arm-none-eabi/7.3.1/../../../../arm-none-eabi/lib/thumb/v7-m\libm.a(lib_a-e_pow.o)
 .rodata.dp_h   0x0000000008007e00       0x10 c:/st/stm32cubeide_1.0.0/stm32cubeide/plugins/com.st.stm32cube.ide.mcu.externaltools.gnu-tools-for-stm32.7-2018-q2-update.win32_1.0.0.201904181610/tools/bin/../lib/gcc/arm-none-eabi/7.3.1/../../../../arm-none-eabi/lib/thumb/v7-m\libm.a(lib_a-e_pow.o)
 .rodata.dp_l   0x0000000008007e10       0x10 c:/st/stm32cubeide_1.0.0/stm32cubeide/plugins/com.st.stm32cube.ide.mcu.externaltools.gnu-tools-for-stm32.7-2018-q2-update.win32_1.0.0.201904181610/tools/bin/../lib/gcc/arm-none-eabi/7.3.1/../../../../arm-none-eabi/lib/thumb/v7-m\libm.a(lib_a-e_pow.o)
 .rodata.TWO52  0x0000000008007e20       0x10 c:/st/stm32cubeide_1.0.0/stm32cubeide/plugins/com.st.stm32cube.ide.mcu.externaltools.gnu-tools-for-stm32.7-2018-q2-update.win32_1.0.0.201904181610/tools/bin/../lib/gcc/arm-none-eabi/7.3.1/../../../../arm-none-eabi/lib/thumb/v7-m\libm.a(lib_a-s_rint.o)
                0x0000000008007e30                . = ALIGN (0x4)

.rel.dyn        0x0000000008007e30        0x0
 .rel.iplt      0x0000000008007e30        0x0 c:/st/stm32cubeide_1.0.0/stm32cubeide/plugins/com.st.stm32cube.ide.mcu.externaltools.gnu-tools-for-stm32.7-2018-q2-update.win32_1.0.0.201904181610/tools/bin/../lib/gcc/arm-none-eabi/7.3.1/thumb/v7-m/crtbegin.o

.ARM.extab      0x0000000008007e30        0x0
                0x0000000008007e30                . = ALIGN (0x4)
 *(.ARM.extab* .gnu.linkonce.armextab.*)
                0x0000000008007e30                . = ALIGN (0x4)

.ARM            0x0000000008007e30        0x0
                0x0000000008007e30                . = ALIGN (0x4)
                0x0000000008007e30                __exidx_start = .
 *(.ARM.exidx*)
                0x0000000008007e30                __exidx_end = .
                0x0000000008007e30                . = ALIGN (0x4)

.preinit_array  0x0000000008007e30        0x0
                0x0000000008007e30                . = ALIGN (0x4)
                0x0000000008007e30                PROVIDE (__preinit_array_start = .)
 *(.preinit_array*)
                0x0000000008007e30                PROVIDE (__preinit_array_end = .)
                0x0000000008007e30                . = ALIGN (0x4)

.init_array     0x0000000008007e30        0x4
                0x0000000008007e30                . = ALIGN (0x4)
                0x0000000008007e30                PROVIDE (__init_array_start = .)
 *(SORT_BY_NAME(.init_array.*))
 *(.init_array*)
 .init_array    0x0000000008007e30        0x4 c:/st/stm32cubeide_1.0.0/stm32cubeide/plugins/com.st.stm32cube.ide.mcu.externaltools.gnu-tools-for-stm32.7-2018-q2-update.win32_1.0.0.201904181610/tools/bin/../lib/gcc/arm-none-eabi/7.3.1/thumb/v7-m/crtbegin.o
                0x0000000008007e34                PROVIDE (__init_array_end = .)
                0x0000000008007e34                . = ALIGN (0x4)

.fini_array     0x0000000008007e34        0x4
                0x0000000008007e34                . = ALIGN (0x4)
                [!provide]                        PROVIDE (__fini_array_start = .)
 *(SORT_BY_NAME(.fini_array.*))
 *(.fini_array*)
 .fini_array    0x0000000008007e34        0x4 c:/st/stm32cubeide_1.0.0/stm32cubeide/plugins/com.st.stm32cube.ide.mcu.externaltools.gnu-tools-for-stm32.7-2018-q2-update.win32_1.0.0.201904181610/tools/bin/../lib/gcc/arm-none-eabi/7.3.1/thumb/v7-m/crtbegin.o
                [!provide]                        PROVIDE (__fini_array_end = .)
                0x0000000008007e38                . = ALIGN (0x4)
                0x0000000008007e38                _sidata = LOADADDR (.data)

.data           0x0000000020000000       0x74 load address 0x0000000008007e38
                0x0000000020000000                . = ALIGN (0x4)
                0x0000000020000000                _sdata = .
 *(.data)
 *(.data*)
 .data.SystemCoreClock
                0x0000000020000000        0x4 Core/Src/system_stm32f1xx.o
                0x0000000020000000                SystemCoreClock
 .data.uwTickFreq
                0x0000000020000004        0x1 Drivers/STM32F1xx_HAL_Driver/Src/stm32f1xx_hal.o
                0x0000000020000004                uwTickFreq
 *fill*         0x0000000020000005        0x3 
 .data.uxCriticalNesting
                0x0000000020000008        0x4 ThirdParty/freeRTOS/org/Source/portable/GCC/ARM_CM3/port.o
 .data._impure_ptr
                0x000000002000000c        0x4 c:/st/stm32cubeide_1.0.0/stm32cubeide/plugins/com.st.stm32cube.ide.mcu.externaltools.gnu-tools-for-stm32.7-2018-q2-update.win32_1.0.0.201904181610/tools/bin/../lib/gcc/arm-none-eabi/7.3.1/../../../../arm-none-eabi/lib/thumb/v7-m\libc_nano.a(lib_a-impure.o)
                0x000000002000000c                _impure_ptr
 .data.impure_data
                0x0000000020000010       0x60 c:/st/stm32cubeide_1.0.0/stm32cubeide/plugins/com.st.stm32cube.ide.mcu.externaltools.gnu-tools-for-stm32.7-2018-q2-update.win32_1.0.0.201904181610/tools/bin/../lib/gcc/arm-none-eabi/7.3.1/../../../../arm-none-eabi/lib/thumb/v7-m\libc_nano.a(lib_a-impure.o)
 .data.__fdlib_version
                0x0000000020000070        0x1 c:/st/stm32cubeide_1.0.0/stm32cubeide/plugins/com.st.stm32cube.ide.mcu.externaltools.gnu-tools-for-stm32.7-2018-q2-update.win32_1.0.0.201904181610/tools/bin/../lib/gcc/arm-none-eabi/7.3.1/../../../../arm-none-eabi/lib/thumb/v7-m\libm.a(lib_a-s_lib_ver.o)
                0x0000000020000070                __fdlib_version
                0x0000000020000074                . = ALIGN (0x4)
 *fill*         0x0000000020000071        0x3 
                0x0000000020000074                _edata = .

.igot.plt       0x0000000020000074        0x0 load address 0x0000000008007eac
 .igot.plt      0x0000000020000074        0x0 c:/st/stm32cubeide_1.0.0/stm32cubeide/plugins/com.st.stm32cube.ide.mcu.externaltools.gnu-tools-for-stm32.7-2018-q2-update.win32_1.0.0.201904181610/tools/bin/../lib/gcc/arm-none-eabi/7.3.1/thumb/v7-m/crtbegin.o
                0x0000000020000074                . = ALIGN (0x4)

.bss            0x0000000020000074     0x18c8 load address 0x0000000008007eac
                0x0000000020000074                _sbss = .
                0x0000000020000074                __bss_start__ = _sbss
 *(.bss)
 .bss           0x0000000020000074       0x1c c:/st/stm32cubeide_1.0.0/stm32cubeide/plugins/com.st.stm32cube.ide.mcu.externaltools.gnu-tools-for-stm32.7-2018-q2-update.win32_1.0.0.201904181610/tools/bin/../lib/gcc/arm-none-eabi/7.3.1/thumb/v7-m/crtbegin.o
 *(.bss*)
 .bss.envmonitor
                0x0000000020000090       0x10 Core/Src/envmonitor.o
                0x0000000020000090                envmonitor
 .bss._aTasks   0x00000000200000a0       0xa0 ThirdParty/SEGGER/OS/SEGGER_SYSVIEW_FreeRTOS.o
 .bss._NumTasks
                0x0000000020000140        0x4 ThirdParty/SEGGER/OS/SEGGER_SYSVIEW_FreeRTOS.o
 .bss._acUpBuffer
                0x0000000020000144      0x400 ThirdParty/SEGGER/SEGGER/SEGGER_RTT.o
 .bss._acDownBuffer
                0x0000000020000544       0x10 ThirdParty/SEGGER/SEGGER/SEGGER_RTT.o
 .bss._UpBuffer
                0x0000000020000554      0x400 ThirdParty/SEGGER/SEGGER/SEGGER_SYSVIEW.o
 .bss._DownBuffer
                0x0000000020000954        0x8 ThirdParty/SEGGER/SEGGER/SEGGER_SYSVIEW.o
 .bss._SYSVIEW_Globals
                0x000000002000095c       0x28 ThirdParty/SEGGER/SEGGER/SEGGER_SYSVIEW.o
 .bss._pFirstModule
                0x0000000020000984        0x4 ThirdParty/SEGGER/SEGGER/SEGGER_SYSVIEW.o
 .bss._NumModules
                0x0000000020000988        0x1 ThirdParty/SEGGER/SEGGER/SEGGER_SYSVIEW.o
 *fill*         0x0000000020000989        0x3 
 .bss._aPacket  0x000000002000098c       0xe3 ThirdParty/SEGGER/SEGGER/SEGGER_SYSVIEW.o
 *fill*         0x0000000020000a6f        0x1 
 .bss.pxCurrentTCB
                0x0000000020000a70        0x4 ThirdParty/freeRTOS/org/Source/tasks.o
                0x0000000020000a70                pxCurrentTCB
 .bss.pxReadyTasksLists
                0x0000000020000a74       0x8c ThirdParty/freeRTOS/org/Source/tasks.o
 .bss.xDelayedTaskList1
                0x0000000020000b00       0x14 ThirdParty/freeRTOS/org/Source/tasks.o
 .bss.xDelayedTaskList2
                0x0000000020000b14       0x14 ThirdParty/freeRTOS/org/Source/tasks.o
 .bss.pxDelayedTaskList
                0x0000000020000b28        0x4 ThirdParty/freeRTOS/org/Source/tasks.o
 .bss.pxOverflowDelayedTaskList
                0x0000000020000b2c        0x4 ThirdParty/freeRTOS/org/Source/tasks.o
 .bss.xPendingReadyList
                0x0000000020000b30       0x14 ThirdParty/freeRTOS/org/Source/tasks.o
 .bss.xTasksWaitingTermination
                0x0000000020000b44       0x14 ThirdParty/freeRTOS/org/Source/tasks.o
 .bss.uxDeletedTasksWaitingCleanUp
                0x0000000020000b58        0x4 ThirdParty/freeRTOS/org/Source/tasks.o
 .bss.xSuspendedTaskList
                0x0000000020000b5c       0x14 ThirdParty/freeRTOS/org/Source/tasks.o
 .bss.uxCurrentNumberOfTasks
                0x0000000020000b70        0x4 ThirdParty/freeRTOS/org/Source/tasks.o
 .bss.xTickCount
                0x0000000020000b74        0x4 ThirdParty/freeRTOS/org/Source/tasks.o
 .bss.uxTopReadyPriority
                0x0000000020000b78        0x4 ThirdParty/freeRTOS/org/Source/tasks.o
 .bss.xSchedulerRunning
                0x0000000020000b7c        0x4 ThirdParty/freeRTOS/org/Source/tasks.o
 .bss.uxPendedTicks
                0x0000000020000b80        0x4 ThirdParty/freeRTOS/org/Source/tasks.o
 .bss.xYieldPending
                0x0000000020000b84        0x4 ThirdParty/freeRTOS/org/Source/tasks.o
 .bss.xNumOfOverflows
                0x0000000020000b88        0x4 ThirdParty/freeRTOS/org/Source/tasks.o
 .bss.uxTaskNumber
                0x0000000020000b8c        0x4 ThirdParty/freeRTOS/org/Source/tasks.o
 .bss.xNextTaskUnblockTime
                0x0000000020000b90        0x4 ThirdParty/freeRTOS/org/Source/tasks.o
 .bss.xIdleTaskHandle
                0x0000000020000b94        0x4 ThirdParty/freeRTOS/org/Source/tasks.o
 .bss.uxSchedulerSuspended
                0x0000000020000b98        0x4 ThirdParty/freeRTOS/org/Source/tasks.o
 .bss.ucMaxSysCallPriority
                0x0000000020000b9c        0x1 ThirdParty/freeRTOS/org/Source/portable/GCC/ARM_CM3/port.o
 *fill*         0x0000000020000b9d        0x3 
 .bss.ulMaxPRIGROUPValue
                0x0000000020000ba0        0x4 ThirdParty/freeRTOS/org/Source/portable/GCC/ARM_CM3/port.o
 .bss.ucHeap    0x0000000020000ba4      0xc00 ThirdParty/freeRTOS/org/Source/portable/MemMang/heap_4.o
 .bss.xStart    0x00000000200017a4        0x8 ThirdParty/freeRTOS/org/Source/portable/MemMang/heap_4.o
 .bss.pxEnd     0x00000000200017ac        0x4 ThirdParty/freeRTOS/org/Source/portable/MemMang/heap_4.o
 .bss.xFreeBytesRemaining
                0x00000000200017b0        0x4 ThirdParty/freeRTOS/org/Source/portable/MemMang/heap_4.o
 .bss.xMinimumEverFreeBytesRemaining
                0x00000000200017b4        0x4 ThirdParty/freeRTOS/org/Source/portable/MemMang/heap_4.o
 .bss.xBlockAllocatedBit
                0x00000000200017b8        0x4 ThirdParty/freeRTOS/org/Source/portable/MemMang/heap_4.o
 *(COMMON)
 COMMON         0x00000000200017bc       0x94 Core/Src/envmonitor.o
                0x00000000200017bc                hi2c1
                0x0000000020001810                huart2
 COMMON         0x0000000020001850       0x40 Core/Src/stm32f1xx_hal_timebase_tim.o
                0x0000000020001850                htim1
 COMMON         0x0000000020001890        0x4 Drivers/STM32F1xx_HAL_Driver/Src/stm32f1xx_hal.o
                0x0000000020001890                uwTick
 COMMON         0x0000000020001894       0xa8 ThirdParty/SEGGER/SEGGER/SEGGER_RTT.o
                0x0000000020001894                _SEGGER_RTT
                0x000000002000193c                . = ALIGN (0x4)
                0x000000002000193c                _ebss = .
                0x000000002000193c                __bss_end__ = _ebss

._user_heap_stack
                0x000000002000193c      0x604 load address 0x0000000008007eac
                0x0000000020001940                . = ALIGN (0x8)
 *fill*         0x000000002000193c        0x4 
                0x0000000020001940                PROVIDE (end = .)
                [!provide]                        PROVIDE (_end = .)
                0x0000000020001b40                . = (. + _Min_Heap_Size)
 *fill*         0x0000000020001940      0x200 
                0x0000000020001f40                . = (. + _Min_Stack_Size)
 *fill*         0x0000000020001b40      0x400 
                0x0000000020001f40                . = ALIGN (0x8)

/DISCARD/
 libc.a(*)
 libm.a(*)
 libgcc.a(*)

.ARM.attributes
                0x0000000000000000       0x29
 *(.ARM.attributes)
 .ARM.attributes
                0x0000000000000000       0x1d c:/st/stm32cubeide_1.0.0/stm32cubeide/plugins/com.st.stm32cube.ide.mcu.externaltools.gnu-tools-for-stm32.7-2018-q2-update.win32_1.0.0.201904181610/tools/bin/../lib/gcc/arm-none-eabi/7.3.1/thumb/v7-m/crti.o
 .ARM.attributes
                0x000000000000001d       0x2d c:/st/stm32cubeide_1.0.0/stm32cubeide/plugins/com.st.stm32cube.ide.mcu.externaltools.gnu-tools-for-stm32.7-2018-q2-update.win32_1.0.0.201904181610/tools/bin/../lib/gcc/arm-none-eabi/7.3.1/thumb/v7-m/crtbegin.o
 .ARM.attributes
                0x000000000000004a       0x33 Core/Src/envmonitor.o
 .ARM.attributes
                0x000000000000007d       0x33 Core/Src/htu21d.o
 .ARM.attributes
                0x00000000000000b0       0x33 Core/Src/main.o
 .ARM.attributes
                0x00000000000000e3       0x33 Core/Src/stm32f1xx_hal_msp.o
 .ARM.attributes
                0x0000000000000116       0x33 Core/Src/stm32f1xx_hal_timebase_tim.o
 .ARM.attributes
                0x0000000000000149       0x33 Core/Src/stm32f1xx_it.o
 .ARM.attributes
                0x000000000000017c       0x33 Core/Src/system_stm32f1xx.o
 .ARM.attributes
                0x00000000000001af       0x33 Core/Src/tsl2561.o
 .ARM.attributes
                0x00000000000001e2       0x33 Core/Src/ttp223.o
 .ARM.attributes
                0x0000000000000215       0x33 Drivers/STM32F1xx_HAL_Driver/Src/stm32f1xx_hal.o
 .ARM.attributes
                0x0000000000000248       0x33 Drivers/STM32F1xx_HAL_Driver/Src/stm32f1xx_hal_cortex.o
 .ARM.attributes
                0x000000000000027b       0x33 Drivers/STM32F1xx_HAL_Driver/Src/stm32f1xx_hal_gpio.o
 .ARM.attributes
                0x00000000000002ae       0x33 Drivers/STM32F1xx_HAL_Driver/Src/stm32f1xx_hal_i2c.o
 .ARM.attributes
                0x00000000000002e1       0x33 Drivers/STM32F1xx_HAL_Driver/Src/stm32f1xx_hal_rcc.o
 .ARM.attributes
                0x0000000000000314       0x33 Drivers/STM32F1xx_HAL_Driver/Src/stm32f1xx_hal_tim.o
 .ARM.attributes
                0x0000000000000347       0x33 Drivers/STM32F1xx_HAL_Driver/Src/stm32f1xx_hal_tim_ex.o
 .ARM.attributes
                0x000000000000037a       0x33 Drivers/STM32F1xx_HAL_Driver/Src/stm32f1xx_hal_uart.o
 .ARM.attributes
                0x00000000000003ad       0x21 Startup/startup_stm32f103rbtx.o
 .ARM.attributes
                0x00000000000003ce       0x33 ThirdParty/SEGGER/Config/SEGGER_SYSVIEW_Config_FreeRTOS.o
 .ARM.attributes
                0x0000000000000401       0x33 ThirdParty/SEGGER/OS/SEGGER_SYSVIEW_FreeRTOS.o
 .ARM.attributes
                0x0000000000000434       0x33 ThirdParty/SEGGER/SEGGER/SEGGER_RTT.o
 .ARM.attributes
                0x0000000000000467       0x33 ThirdParty/SEGGER/SEGGER/SEGGER_SYSVIEW.o
 .ARM.attributes
                0x000000000000049a       0x33 ThirdParty/freeRTOS/org/Source/list.o
 .ARM.attributes
                0x00000000000004cd       0x33 ThirdParty/freeRTOS/org/Source/tasks.o
 .ARM.attributes
                0x0000000000000500       0x33 ThirdParty/freeRTOS/org/Source/portable/GCC/ARM_CM3/port.o
 .ARM.attributes
                0x0000000000000533       0x33 ThirdParty/freeRTOS/org/Source/portable/MemMang/heap_4.o
 .ARM.attributes
                0x0000000000000566       0x2d c:/st/stm32cubeide_1.0.0/stm32cubeide/plugins/com.st.stm32cube.ide.mcu.externaltools.gnu-tools-for-stm32.7-2018-q2-update.win32_1.0.0.201904181610/tools/bin/../lib/gcc/arm-none-eabi/7.3.1/../../../../arm-none-eabi/lib/thumb/v7-m\libc_nano.a(lib_a-errno.o)
 .ARM.attributes
                0x0000000000000593       0x2d c:/st/stm32cubeide_1.0.0/stm32cubeide/plugins/com.st.stm32cube.ide.mcu.externaltools.gnu-tools-for-stm32.7-2018-q2-update.win32_1.0.0.201904181610/tools/bin/../lib/gcc/arm-none-eabi/7.3.1/../../../../arm-none-eabi/lib/thumb/v7-m\libc_nano.a(lib_a-impure.o)
 .ARM.attributes
                0x00000000000005c0       0x2d c:/st/stm32cubeide_1.0.0/stm32cubeide/plugins/com.st.stm32cube.ide.mcu.externaltools.gnu-tools-for-stm32.7-2018-q2-update.win32_1.0.0.201904181610/tools/bin/../lib/gcc/arm-none-eabi/7.3.1/../../../../arm-none-eabi/lib/thumb/v7-m\libc_nano.a(lib_a-init.o)
 .ARM.attributes
                0x00000000000005ed       0x2d c:/st/stm32cubeide_1.0.0/stm32cubeide/plugins/com.st.stm32cube.ide.mcu.externaltools.gnu-tools-for-stm32.7-2018-q2-update.win32_1.0.0.201904181610/tools/bin/../lib/gcc/arm-none-eabi/7.3.1/../../../../arm-none-eabi/lib/thumb/v7-m\libc_nano.a(lib_a-memcmp.o)
 .ARM.attributes
                0x000000000000061a       0x2d c:/st/stm32cubeide_1.0.0/stm32cubeide/plugins/com.st.stm32cube.ide.mcu.externaltools.gnu-tools-for-stm32.7-2018-q2-update.win32_1.0.0.201904181610/tools/bin/../lib/gcc/arm-none-eabi/7.3.1/../../../../arm-none-eabi/lib/thumb/v7-m\libc_nano.a(lib_a-memcpy-stub.o)
 .ARM.attributes
                0x0000000000000647       0x2d c:/st/stm32cubeide_1.0.0/stm32cubeide/plugins/com.st.stm32cube.ide.mcu.externaltools.gnu-tools-for-stm32.7-2018-q2-update.win32_1.0.0.201904181610/tools/bin/../lib/gcc/arm-none-eabi/7.3.1/../../../../arm-none-eabi/lib/thumb/v7-m\libc_nano.a(lib_a-memset.o)
 .ARM.attributes
                0x0000000000000674       0x2d c:/st/stm32cubeide_1.0.0/stm32cubeide/plugins/com.st.stm32cube.ide.mcu.externaltools.gnu-tools-for-stm32.7-2018-q2-update.win32_1.0.0.201904181610/tools/bin/../lib/gcc/arm-none-eabi/7.3.1/../../../../arm-none-eabi/lib/thumb/v7-m\libm.a(lib_a-w_pow.o)
 .ARM.attributes
                0x00000000000006a1       0x2d c:/st/stm32cubeide_1.0.0/stm32cubeide/plugins/com.st.stm32cube.ide.mcu.externaltools.gnu-tools-for-stm32.7-2018-q2-update.win32_1.0.0.201904181610/tools/bin/../lib/gcc/arm-none-eabi/7.3.1/../../../../arm-none-eabi/lib/thumb/v7-m\libm.a(lib_a-e_pow.o)
 .ARM.attributes
                0x00000000000006ce       0x2d c:/st/stm32cubeide_1.0.0/stm32cubeide/plugins/com.st.stm32cube.ide.mcu.externaltools.gnu-tools-for-stm32.7-2018-q2-update.win32_1.0.0.201904181610/tools/bin/../lib/gcc/arm-none-eabi/7.3.1/../../../../arm-none-eabi/lib/thumb/v7-m\libm.a(lib_a-e_sqrt.o)
 .ARM.attributes
                0x00000000000006fb       0x2d c:/st/stm32cubeide_1.0.0/stm32cubeide/plugins/com.st.stm32cube.ide.mcu.externaltools.gnu-tools-for-stm32.7-2018-q2-update.win32_1.0.0.201904181610/tools/bin/../lib/gcc/arm-none-eabi/7.3.1/../../../../arm-none-eabi/lib/thumb/v7-m\libm.a(lib_a-s_fabs.o)
 .ARM.attributes
                0x0000000000000728       0x2d c:/st/stm32cubeide_1.0.0/stm32cubeide/plugins/com.st.stm32cube.ide.mcu.externaltools.gnu-tools-for-stm32.7-2018-q2-update.win32_1.0.0.201904181610/tools/bin/../lib/gcc/arm-none-eabi/7.3.1/../../../../arm-none-eabi/lib/thumb/v7-m\libm.a(lib_a-s_finite.o)
 .ARM.attributes
                0x0000000000000755       0x2d c:/st/stm32cubeide_1.0.0/stm32cubeide/plugins/com.st.stm32cube.ide.mcu.externaltools.gnu-tools-for-stm32.7-2018-q2-update.win32_1.0.0.201904181610/tools/bin/../lib/gcc/arm-none-eabi/7.3.1/../../../../arm-none-eabi/lib/thumb/v7-m\libm.a(lib_a-s_lib_ver.o)
 .ARM.attributes
                0x0000000000000782       0x2d c:/st/stm32cubeide_1.0.0/stm32cubeide/plugins/com.st.stm32cube.ide.mcu.externaltools.gnu-tools-for-stm32.7-2018-q2-update.win32_1.0.0.201904181610/tools/bin/../lib/gcc/arm-none-eabi/7.3.1/../../../../arm-none-eabi/lib/thumb/v7-m\libm.a(lib_a-s_matherr.o)
 .ARM.attributes
                0x00000000000007af       0x2d c:/st/stm32cubeide_1.0.0/stm32cubeide/plugins/com.st.stm32cube.ide.mcu.externaltools.gnu-tools-for-stm32.7-2018-q2-update.win32_1.0.0.201904181610/tools/bin/../lib/gcc/arm-none-eabi/7.3.1/../../../../arm-none-eabi/lib/thumb/v7-m\libm.a(lib_a-s_nan.o)
 .ARM.attributes
                0x00000000000007dc       0x2d c:/st/stm32cubeide_1.0.0/stm32cubeide/plugins/com.st.stm32cube.ide.mcu.externaltools.gnu-tools-for-stm32.7-2018-q2-update.win32_1.0.0.201904181610/tools/bin/../lib/gcc/arm-none-eabi/7.3.1/../../../../arm-none-eabi/lib/thumb/v7-m\libm.a(lib_a-s_rint.o)
 .ARM.attributes
                0x0000000000000809       0x2d c:/st/stm32cubeide_1.0.0/stm32cubeide/plugins/com.st.stm32cube.ide.mcu.externaltools.gnu-tools-for-stm32.7-2018-q2-update.win32_1.0.0.201904181610/tools/bin/../lib/gcc/arm-none-eabi/7.3.1/../../../../arm-none-eabi/lib/thumb/v7-m\libm.a(lib_a-s_scalbn.o)
 .ARM.attributes
                0x0000000000000836       0x2d c:/st/stm32cubeide_1.0.0/stm32cubeide/plugins/com.st.stm32cube.ide.mcu.externaltools.gnu-tools-for-stm32.7-2018-q2-update.win32_1.0.0.201904181610/tools/bin/../lib/gcc/arm-none-eabi/7.3.1/../../../../arm-none-eabi/lib/thumb/v7-m\libm.a(lib_a-s_copysign.o)
 .ARM.attributes
                0x0000000000000863       0x1d c:/st/stm32cubeide_1.0.0/stm32cubeide/plugins/com.st.stm32cube.ide.mcu.externaltools.gnu-tools-for-stm32.7-2018-q2-update.win32_1.0.0.201904181610/tools/bin/../lib/gcc/arm-none-eabi/7.3.1/thumb/v7-m\libgcc.a(_arm_addsubdf3.o)
 .ARM.attributes
                0x0000000000000880       0x1d c:/st/stm32cubeide_1.0.0/stm32cubeide/plugins/com.st.stm32cube.ide.mcu.externaltools.gnu-tools-for-stm32.7-2018-q2-update.win32_1.0.0.201904181610/tools/bin/../lib/gcc/arm-none-eabi/7.3.1/thumb/v7-m\libgcc.a(_arm_muldivdf3.o)
 .ARM.attributes
                0x000000000000089d       0x1d c:/st/stm32cubeide_1.0.0/stm32cubeide/plugins/com.st.stm32cube.ide.mcu.externaltools.gnu-tools-for-stm32.7-2018-q2-update.win32_1.0.0.201904181610/tools/bin/../lib/gcc/arm-none-eabi/7.3.1/thumb/v7-m\libgcc.a(_arm_cmpdf2.o)
 .ARM.attributes
                0x00000000000008ba       0x1d c:/st/stm32cubeide_1.0.0/stm32cubeide/plugins/com.st.stm32cube.ide.mcu.externaltools.gnu-tools-for-stm32.7-2018-q2-update.win32_1.0.0.201904181610/tools/bin/../lib/gcc/arm-none-eabi/7.3.1/thumb/v7-m\libgcc.a(_arm_unorddf2.o)
 .ARM.attributes
                0x00000000000008d7       0x1d c:/st/stm32cubeide_1.0.0/stm32cubeide/plugins/com.st.stm32cube.ide.mcu.externaltools.gnu-tools-for-stm32.7-2018-q2-update.win32_1.0.0.201904181610/tools/bin/../lib/gcc/arm-none-eabi/7.3.1/thumb/v7-m\libgcc.a(_arm_truncdfsf2.o)
 .ARM.attributes
                0x00000000000008f4       0x1d c:/st/stm32cubeide_1.0.0/stm32cubeide/plugins/com.st.stm32cube.ide.mcu.externaltools.gnu-tools-for-stm32.7-2018-q2-update.win32_1.0.0.201904181610/tools/bin/../lib/gcc/arm-none-eabi/7.3.1/thumb/v7-m\libgcc.a(_arm_addsubsf3.o)
 .ARM.attributes
                0x0000000000000911       0x1d c:/st/stm32cubeide_1.0.0/stm32cubeide/plugins/com.st.stm32cube.ide.mcu.externaltools.gnu-tools-for-stm32.7-2018-q2-update.win32_1.0.0.201904181610/tools/bin/../lib/gcc/arm-none-eabi/7.3.1/thumb/v7-m\libgcc.a(_arm_muldivsf3.o)
 .ARM.attributes
                0x000000000000092e       0x1d c:/st/stm32cubeide_1.0.0/stm32cubeide/plugins/com.st.stm32cube.ide.mcu.externaltools.gnu-tools-for-stm32.7-2018-q2-update.win32_1.0.0.201904181610/tools/bin/../lib/gcc/arm-none-eabi/7.3.1/thumb/v7-m\libgcc.a(_arm_cmpsf2.o)
 .ARM.attributes
                0x000000000000094b       0x1d c:/st/stm32cubeide_1.0.0/stm32cubeide/plugins/com.st.stm32cube.ide.mcu.externaltools.gnu-tools-for-stm32.7-2018-q2-update.win32_1.0.0.201904181610/tools/bin/../lib/gcc/arm-none-eabi/7.3.1/thumb/v7-m/crtn.o
OUTPUT(stm32f1_FreeRtos_.elf elf32-littlearm)

.debug_info     0x0000000000000000    0x224c4
 .debug_info    0x0000000000000000     0x1ab5 Core/Src/envmonitor.o
 .debug_info    0x0000000000001ab5     0x1119 Core/Src/htu21d.o
 .debug_info    0x0000000000002bce     0x1068 Core/Src/main.o
 .debug_info    0x0000000000003c36     0x1348 Core/Src/stm32f1xx_hal_msp.o
 .debug_info    0x0000000000004f7e     0x139e Core/Src/stm32f1xx_hal_timebase_tim.o
 .debug_info    0x000000000000631c     0x112c Core/Src/stm32f1xx_it.o
 .debug_info    0x0000000000007448     0x10f8 Core/Src/system_stm32f1xx.o
 .debug_info    0x0000000000008540     0x106c Core/Src/tsl2561.o
 .debug_info    0x00000000000095ac     0x121f Core/Src/ttp223.o
 .debug_info    0x000000000000a7cb     0x13a9 Drivers/STM32F1xx_HAL_Driver/Src/stm32f1xx_hal.o
 .debug_info    0x000000000000bb74     0x17f7 Drivers/STM32F1xx_HAL_Driver/Src/stm32f1xx_hal_cortex.o
 .debug_info    0x000000000000d36b     0x1346 Drivers/STM32F1xx_HAL_Driver/Src/stm32f1xx_hal_gpio.o
 .debug_info    0x000000000000e6b1     0x29ca Drivers/STM32F1xx_HAL_Driver/Src/stm32f1xx_hal_i2c.o
 .debug_info    0x000000000001107b     0x14c2 Drivers/STM32F1xx_HAL_Driver/Src/stm32f1xx_hal_rcc.o
 .debug_info    0x000000000001253d     0x2ca5 Drivers/STM32F1xx_HAL_Driver/Src/stm32f1xx_hal_tim.o
 .debug_info    0x00000000000151e2     0x1a55 Drivers/STM32F1xx_HAL_Driver/Src/stm32f1xx_hal_tim_ex.o
 .debug_info    0x0000000000016c37     0x1c65 Drivers/STM32F1xx_HAL_Driver/Src/stm32f1xx_hal_uart.o
 .debug_info    0x000000000001889c       0x22 Startup/startup_stm32f103rbtx.o
 .debug_info    0x00000000000188be      0x10f ThirdParty/SEGGER/Config/SEGGER_SYSVIEW_Config_FreeRTOS.o
 .debug_info    0x00000000000189cd      0xb7d ThirdParty/SEGGER/OS/SEGGER_SYSVIEW_FreeRTOS.o
 .debug_info    0x000000000001954a     0x16a9 ThirdParty/SEGGER/SEGGER/SEGGER_RTT.o
 .debug_info    0x000000000001abf3     0x3ada ThirdParty/SEGGER/SEGGER/SEGGER_SYSVIEW.o
 .debug_info    0x000000000001e6cd      0xacb ThirdParty/freeRTOS/org/Source/list.o
 .debug_info    0x000000000001f198     0x2270 ThirdParty/freeRTOS/org/Source/tasks.o
 .debug_info    0x0000000000021408      0x4d2 ThirdParty/freeRTOS/org/Source/portable/GCC/ARM_CM3/port.o
 .debug_info    0x00000000000218da      0xbea ThirdParty/freeRTOS/org/Source/portable/MemMang/heap_4.o

.debug_abbrev   0x0000000000000000     0x3ab7
 .debug_abbrev  0x0000000000000000      0x2a2 Core/Src/envmonitor.o
 .debug_abbrev  0x00000000000002a2      0x24f Core/Src/htu21d.o
 .debug_abbrev  0x00000000000004f1      0x1a4 Core/Src/main.o
 .debug_abbrev  0x0000000000000695      0x1ee Core/Src/stm32f1xx_hal_msp.o
 .debug_abbrev  0x0000000000000883      0x20e Core/Src/stm32f1xx_hal_timebase_tim.o
 .debug_abbrev  0x0000000000000a91      0x1cb Core/Src/stm32f1xx_it.o
 .debug_abbrev  0x0000000000000c5c      0x1f0 Core/Src/system_stm32f1xx.o
 .debug_abbrev  0x0000000000000e4c      0x240 Core/Src/tsl2561.o
 .debug_abbrev  0x000000000000108c      0x21c Core/Src/ttp223.o
 .debug_abbrev  0x00000000000012a8      0x2bd Drivers/STM32F1xx_HAL_Driver/Src/stm32f1xx_hal.o
 .debug_abbrev  0x0000000000001565      0x36d Drivers/STM32F1xx_HAL_Driver/Src/stm32f1xx_hal_cortex.o
 .debug_abbrev  0x00000000000018d2      0x251 Drivers/STM32F1xx_HAL_Driver/Src/stm32f1xx_hal_gpio.o
 .debug_abbrev  0x0000000000001b23      0x2aa Drivers/STM32F1xx_HAL_Driver/Src/stm32f1xx_hal_i2c.o
 .debug_abbrev  0x0000000000001dcd      0x2eb Drivers/STM32F1xx_HAL_Driver/Src/stm32f1xx_hal_rcc.o
 .debug_abbrev  0x00000000000020b8      0x2b2 Drivers/STM32F1xx_HAL_Driver/Src/stm32f1xx_hal_tim.o
 .debug_abbrev  0x000000000000236a      0x28f Drivers/STM32F1xx_HAL_Driver/Src/stm32f1xx_hal_tim_ex.o
 .debug_abbrev  0x00000000000025f9      0x2b3 Drivers/STM32F1xx_HAL_Driver/Src/stm32f1xx_hal_uart.o
 .debug_abbrev  0x00000000000028ac       0x12 Startup/startup_stm32f103rbtx.o
 .debug_abbrev  0x00000000000028be       0xb5 ThirdParty/SEGGER/Config/SEGGER_SYSVIEW_Config_FreeRTOS.o
 .debug_abbrev  0x0000000000002973      0x1ed ThirdParty/SEGGER/OS/SEGGER_SYSVIEW_FreeRTOS.o
 .debug_abbrev  0x0000000000002b60      0x2a0 ThirdParty/SEGGER/SEGGER/SEGGER_RTT.o
 .debug_abbrev  0x0000000000002e00      0x300 ThirdParty/SEGGER/SEGGER/SEGGER_SYSVIEW.o
 .debug_abbrev  0x0000000000003100      0x1cf ThirdParty/freeRTOS/org/Source/list.o
 .debug_abbrev  0x00000000000032cf      0x345 ThirdParty/freeRTOS/org/Source/tasks.o
 .debug_abbrev  0x0000000000003614      0x205 ThirdParty/freeRTOS/org/Source/portable/GCC/ARM_CM3/port.o
 .debug_abbrev  0x0000000000003819      0x29e ThirdParty/freeRTOS/org/Source/portable/MemMang/heap_4.o

.debug_aranges  0x0000000000000000     0x1480
 .debug_aranges
                0x0000000000000000       0x60 Core/Src/envmonitor.o
 .debug_aranges
                0x0000000000000060       0x48 Core/Src/htu21d.o
 .debug_aranges
                0x00000000000000a8       0x20 Core/Src/main.o
 .debug_aranges
                0x00000000000000c8       0x40 Core/Src/stm32f1xx_hal_msp.o
 .debug_aranges
                0x0000000000000108       0x30 Core/Src/stm32f1xx_hal_timebase_tim.o
 .debug_aranges
                0x0000000000000138       0x58 Core/Src/stm32f1xx_it.o
 .debug_aranges
                0x0000000000000190       0x28 Core/Src/system_stm32f1xx.o
 .debug_aranges
                0x00000000000001b8       0x38 Core/Src/tsl2561.o
 .debug_aranges
                0x00000000000001f0       0x38 Core/Src/ttp223.o
 .debug_aranges
                0x0000000000000228       0xd0 Drivers/STM32F1xx_HAL_Driver/Src/stm32f1xx_hal.o
 .debug_aranges
                0x00000000000002f8      0x100 Drivers/STM32F1xx_HAL_Driver/Src/stm32f1xx_hal_cortex.o
 .debug_aranges
                0x00000000000003f8       0x58 Drivers/STM32F1xx_HAL_Driver/Src/stm32f1xx_hal_gpio.o
 .debug_aranges
                0x0000000000000450      0x268 Drivers/STM32F1xx_HAL_Driver/Src/stm32f1xx_hal_i2c.o
 .debug_aranges
                0x00000000000006b8       0x90 Drivers/STM32F1xx_HAL_Driver/Src/stm32f1xx_hal_rcc.o
 .debug_aranges
                0x0000000000000748      0x368 Drivers/STM32F1xx_HAL_Driver/Src/stm32f1xx_hal_tim.o
 .debug_aranges
                0x0000000000000ab0      0x138 Drivers/STM32F1xx_HAL_Driver/Src/stm32f1xx_hal_tim_ex.o
 .debug_aranges
                0x0000000000000be8      0x1d0 Drivers/STM32F1xx_HAL_Driver/Src/stm32f1xx_hal_uart.o
 .debug_aranges
                0x0000000000000db8       0x28 Startup/startup_stm32f103rbtx.o
 .debug_aranges
                0x0000000000000de0       0x28 ThirdParty/SEGGER/Config/SEGGER_SYSVIEW_Config_FreeRTOS.o
 .debug_aranges
                0x0000000000000e08       0x48 ThirdParty/SEGGER/OS/SEGGER_SYSVIEW_FreeRTOS.o
 .debug_aranges
                0x0000000000000e50      0x110 ThirdParty/SEGGER/SEGGER/SEGGER_RTT.o
 .debug_aranges
                0x0000000000000f60      0x268 ThirdParty/SEGGER/SEGGER/SEGGER_SYSVIEW.o
 .debug_aranges
                0x00000000000011c8       0x40 ThirdParty/freeRTOS/org/Source/list.o
 .debug_aranges
                0x0000000000001208      0x1b0 ThirdParty/freeRTOS/org/Source/tasks.o
 .debug_aranges
                0x00000000000013b8       0x78 ThirdParty/freeRTOS/org/Source/portable/GCC/ARM_CM3/port.o
 .debug_aranges
                0x0000000000001430       0x50 ThirdParty/freeRTOS/org/Source/portable/MemMang/heap_4.o

.debug_ranges   0x0000000000000000     0x12e8
 .debug_ranges  0x0000000000000000       0x50 Core/Src/envmonitor.o
 .debug_ranges  0x0000000000000050       0x38 Core/Src/htu21d.o
 .debug_ranges  0x0000000000000088       0x10 Core/Src/main.o
 .debug_ranges  0x0000000000000098       0x30 Core/Src/stm32f1xx_hal_msp.o
 .debug_ranges  0x00000000000000c8       0x20 Core/Src/stm32f1xx_hal_timebase_tim.o
 .debug_ranges  0x00000000000000e8       0x48 Core/Src/stm32f1xx_it.o
 .debug_ranges  0x0000000000000130       0x18 Core/Src/system_stm32f1xx.o
 .debug_ranges  0x0000000000000148       0x28 Core/Src/tsl2561.o
 .debug_ranges  0x0000000000000170       0x28 Core/Src/ttp223.o
 .debug_ranges  0x0000000000000198       0xc0 Drivers/STM32F1xx_HAL_Driver/Src/stm32f1xx_hal.o
 .debug_ranges  0x0000000000000258       0xf0 Drivers/STM32F1xx_HAL_Driver/Src/stm32f1xx_hal_cortex.o
 .debug_ranges  0x0000000000000348       0x48 Drivers/STM32F1xx_HAL_Driver/Src/stm32f1xx_hal_gpio.o
 .debug_ranges  0x0000000000000390      0x258 Drivers/STM32F1xx_HAL_Driver/Src/stm32f1xx_hal_i2c.o
 .debug_ranges  0x00000000000005e8       0x80 Drivers/STM32F1xx_HAL_Driver/Src/stm32f1xx_hal_rcc.o
 .debug_ranges  0x0000000000000668      0x358 Drivers/STM32F1xx_HAL_Driver/Src/stm32f1xx_hal_tim.o
 .debug_ranges  0x00000000000009c0      0x128 Drivers/STM32F1xx_HAL_Driver/Src/stm32f1xx_hal_tim_ex.o
 .debug_ranges  0x0000000000000ae8      0x1c0 Drivers/STM32F1xx_HAL_Driver/Src/stm32f1xx_hal_uart.o
 .debug_ranges  0x0000000000000ca8       0x20 Startup/startup_stm32f103rbtx.o
 .debug_ranges  0x0000000000000cc8       0x18 ThirdParty/SEGGER/Config/SEGGER_SYSVIEW_Config_FreeRTOS.o
 .debug_ranges  0x0000000000000ce0       0x38 ThirdParty/SEGGER/OS/SEGGER_SYSVIEW_FreeRTOS.o
 .debug_ranges  0x0000000000000d18      0x100 ThirdParty/SEGGER/SEGGER/SEGGER_RTT.o
 .debug_ranges  0x0000000000000e18      0x258 ThirdParty/SEGGER/SEGGER/SEGGER_SYSVIEW.o
 .debug_ranges  0x0000000000001070       0x30 ThirdParty/freeRTOS/org/Source/list.o
 .debug_ranges  0x00000000000010a0      0x1a0 ThirdParty/freeRTOS/org/Source/tasks.o
 .debug_ranges  0x0000000000001240       0x68 ThirdParty/freeRTOS/org/Source/portable/GCC/ARM_CM3/port.o
 .debug_ranges  0x00000000000012a8       0x40 ThirdParty/freeRTOS/org/Source/portable/MemMang/heap_4.o

.debug_macro    0x0000000000000000    0x19851
 .debug_macro   0x0000000000000000      0x3c9 Core/Src/envmonitor.o
 .debug_macro   0x00000000000003c9      0xa5a Core/Src/envmonitor.o
 .debug_macro   0x0000000000000e23      0x181 Core/Src/envmonitor.o
 .debug_macro   0x0000000000000fa4       0x2e Core/Src/envmonitor.o
 .debug_macro   0x0000000000000fd2       0x22 Core/Src/envmonitor.o
 .debug_macro   0x0000000000000ff4       0x22 Core/Src/envmonitor.o
 .debug_macro   0x0000000000001016       0x8e Core/Src/envmonitor.o
 .debug_macro   0x00000000000010a4       0x51 Core/Src/envmonitor.o
 .debug_macro   0x00000000000010f5       0xef Core/Src/envmonitor.o
 .debug_macro   0x00000000000011e4       0x6a Core/Src/envmonitor.o
 .debug_macro   0x000000000000124e      0x1df Core/Src/envmonitor.o
 .debug_macro   0x000000000000142d       0x34 Core/Src/envmonitor.o
 .debug_macro   0x0000000000001461       0x34 Core/Src/envmonitor.o
 .debug_macro   0x0000000000001495      0xb8e Core/Src/envmonitor.o
 .debug_macro   0x0000000000002023     0xe911 Core/Src/envmonitor.o
 .debug_macro   0x0000000000010934       0x43 Core/Src/envmonitor.o
 .debug_macro   0x0000000000010977       0x46 Core/Src/envmonitor.o
 .debug_macro   0x00000000000109bd       0x18 Core/Src/envmonitor.o
 .debug_macro   0x00000000000109d5       0x3c Core/Src/envmonitor.o
 .debug_macro   0x0000000000010a11       0x34 Core/Src/envmonitor.o
 .debug_macro   0x0000000000010a45       0x16 Core/Src/envmonitor.o
 .debug_macro   0x0000000000010a5b       0x97 Core/Src/envmonitor.o
 .debug_macro   0x0000000000010af2      0x330 Core/Src/envmonitor.o
 .debug_macro   0x0000000000010e22       0xfd Core/Src/envmonitor.o
 .debug_macro   0x0000000000010f1f       0x10 Core/Src/envmonitor.o
 .debug_macro   0x0000000000010f2f       0x52 Core/Src/envmonitor.o
 .debug_macro   0x0000000000010f81       0x1f Core/Src/envmonitor.o
 .debug_macro   0x0000000000010fa0       0x43 Core/Src/envmonitor.o
 .debug_macro   0x0000000000010fe3       0x20 Core/Src/envmonitor.o
 .debug_macro   0x0000000000011003      0x1a3 Core/Src/envmonitor.o
 .debug_macro   0x00000000000111a6       0x10 Core/Src/envmonitor.o
 .debug_macro   0x00000000000111b6       0x1c Core/Src/envmonitor.o
 .debug_macro   0x00000000000111d2       0x52 Core/Src/envmonitor.o
 .debug_macro   0x0000000000011224       0x40 Core/Src/envmonitor.o
 .debug_macro   0x0000000000011264       0x10 Core/Src/envmonitor.o
 .debug_macro   0x0000000000011274       0x40 Core/Src/envmonitor.o
 .debug_macro   0x00000000000112b4       0xd7 Core/Src/envmonitor.o
 .debug_macro   0x000000000001138b       0x1c Core/Src/envmonitor.o
 .debug_macro   0x00000000000113a7       0x3d Core/Src/envmonitor.o
 .debug_macro   0x00000000000113e4       0x16 Core/Src/envmonitor.o
 .debug_macro   0x00000000000113fa      0x145 Core/Src/envmonitor.o
 .debug_macro   0x000000000001153f       0x57 Core/Src/envmonitor.o
 .debug_macro   0x0000000000011596      0x5c2 Core/Src/envmonitor.o
 .debug_macro   0x0000000000011b58      0x28a Core/Src/envmonitor.o
 .debug_macro   0x0000000000011de2      0x1cb Core/Src/envmonitor.o
 .debug_macro   0x0000000000011fad      0x11e Core/Src/envmonitor.o
 .debug_macro   0x00000000000120cb      0x1b3 Core/Src/envmonitor.o
 .debug_macro   0x000000000001227e       0x27 Core/Src/envmonitor.o
 .debug_macro   0x00000000000122a5      0x1bc Core/Src/envmonitor.o
 .debug_macro   0x0000000000012461       0x34 Core/Src/envmonitor.o
 .debug_macro   0x0000000000012495       0x3c Core/Src/envmonitor.o
 .debug_macro   0x00000000000124d1       0x57 Core/Src/envmonitor.o
 .debug_macro   0x0000000000012528       0x8c Core/Src/envmonitor.o
 .debug_macro   0x00000000000125b4      0x242 Core/Src/envmonitor.o
 .debug_macro   0x00000000000127f6      0x264 Core/Src/envmonitor.o
 .debug_macro   0x0000000000012a5a      0x143 Core/Src/envmonitor.o
 .debug_macro   0x0000000000012b9d      0x853 Core/Src/envmonitor.o
 .debug_macro   0x00000000000133f0       0x1f Core/Src/envmonitor.o
 .debug_macro   0x000000000001340f      0x26b Core/Src/envmonitor.o
 .debug_macro   0x000000000001367a       0x83 Core/Src/envmonitor.o
 .debug_macro   0x00000000000136fd       0x5e Core/Src/envmonitor.o
 .debug_macro   0x000000000001375b       0xe2 Core/Src/envmonitor.o
 .debug_macro   0x000000000001383d       0x4c Core/Src/envmonitor.o
 .debug_macro   0x0000000000013889       0x40 Core/Src/envmonitor.o
 .debug_macro   0x00000000000138c9       0x4c Core/Src/envmonitor.o
 .debug_macro   0x0000000000013915      0x1cd Core/Src/envmonitor.o
 .debug_macro   0x0000000000013ae2      0x45a Core/Src/envmonitor.o
 .debug_macro   0x0000000000013f3c      0x15a Core/Src/envmonitor.o
 .debug_macro   0x0000000000014096       0xde Core/Src/envmonitor.o
 .debug_macro   0x0000000000014174       0x1c Core/Src/envmonitor.o
 .debug_macro   0x0000000000014190       0x26 Core/Src/envmonitor.o
 .debug_macro   0x00000000000141b6      0x3d0 Core/Src/envmonitor.o
 .debug_macro   0x0000000000014586       0xb5 Core/Src/envmonitor.o
 .debug_macro   0x000000000001463b       0xaa Core/Src/envmonitor.o
 .debug_macro   0x00000000000146e5       0x10 Core/Src/envmonitor.o
 .debug_macro   0x00000000000146f5       0x82 Core/Src/envmonitor.o
 .debug_macro   0x0000000000014777       0x3a Core/Src/envmonitor.o
 .debug_macro   0x00000000000147b1      0x412 Core/Src/htu21d.o
 .debug_macro   0x0000000000014bc3       0x40 Core/Src/htu21d.o
 .debug_macro   0x0000000000014c03       0x94 Core/Src/htu21d.o
 .debug_macro   0x0000000000014c97      0x174 Core/Src/htu21d.o
 .debug_macro   0x0000000000014e0b       0x57 Core/Src/htu21d.o
 .debug_macro   0x0000000000014e62      0x1e1 Core/Src/htu21d.o
 .debug_macro   0x0000000000015043       0x16 Core/Src/htu21d.o
 .debug_macro   0x0000000000015059       0x35 Core/Src/htu21d.o
 .debug_macro   0x000000000001508e       0x20 Core/Src/htu21d.o
 .debug_macro   0x00000000000150ae       0xe2 Core/Src/htu21d.o
 .debug_macro   0x0000000000015190       0x58 Core/Src/htu21d.o
 .debug_macro   0x00000000000151e8       0x91 Core/Src/htu21d.o
 .debug_macro   0x0000000000015279       0x86 Core/Src/htu21d.o
 .debug_macro   0x00000000000152ff       0x69 Core/Src/htu21d.o
 .debug_macro   0x0000000000015368       0x19 Core/Src/htu21d.o
 .debug_macro   0x0000000000015381       0x3a Core/Src/htu21d.o
 .debug_macro   0x00000000000153bb       0x1c Core/Src/htu21d.o
 .debug_macro   0x00000000000153d7      0x306 Core/Src/main.o
 .debug_macro   0x00000000000156dd      0x2fd Core/Src/stm32f1xx_hal_msp.o
 .debug_macro   0x00000000000159da      0x2ee Core/Src/stm32f1xx_hal_timebase_tim.o
 .debug_macro   0x0000000000015cc8      0x307 Core/Src/stm32f1xx_it.o
 .debug_macro   0x0000000000015fcf      0x2f4 Core/Src/system_stm32f1xx.o
 .debug_macro   0x00000000000162c3      0x412 Core/Src/tsl2561.o
 .debug_macro   0x00000000000166d5      0x347 Core/Src/ttp223.o
 .debug_macro   0x0000000000016a1c      0x45a Core/Src/ttp223.o
 .debug_macro   0x0000000000016e76      0x312 Drivers/STM32F1xx_HAL_Driver/Src/stm32f1xx_hal.o
 .debug_macro   0x0000000000017188      0x2ee Drivers/STM32F1xx_HAL_Driver/Src/stm32f1xx_hal_cortex.o
 .debug_macro   0x0000000000017476      0x35e Drivers/STM32F1xx_HAL_Driver/Src/stm32f1xx_hal_gpio.o
 .debug_macro   0x00000000000177d4      0x32e Drivers/STM32F1xx_HAL_Driver/Src/stm32f1xx_hal_i2c.o
 .debug_macro   0x0000000000017b02      0x300 Drivers/STM32F1xx_HAL_Driver/Src/stm32f1xx_hal_rcc.o
 .debug_macro   0x0000000000017e02      0x2ee Drivers/STM32F1xx_HAL_Driver/Src/stm32f1xx_hal_tim.o
 .debug_macro   0x00000000000180f0      0x2ee Drivers/STM32F1xx_HAL_Driver/Src/stm32f1xx_hal_tim_ex.o
 .debug_macro   0x00000000000183de      0x2ef Drivers/STM32F1xx_HAL_Driver/Src/stm32f1xx_hal_uart.o
 .debug_macro   0x00000000000186cd      0x115 ThirdParty/SEGGER/Config/SEGGER_SYSVIEW_Config_FreeRTOS.o
 .debug_macro   0x00000000000187e2      0x1d4 ThirdParty/SEGGER/OS/SEGGER_SYSVIEW_FreeRTOS.o
 .debug_macro   0x00000000000189b6       0x10 ThirdParty/SEGGER/OS/SEGGER_SYSVIEW_FreeRTOS.o
 .debug_macro   0x00000000000189c6      0x169 ThirdParty/SEGGER/SEGGER/SEGGER_RTT.o
 .debug_macro   0x0000000000018b2f       0x4f ThirdParty/SEGGER/SEGGER/SEGGER_RTT.o
 .debug_macro   0x0000000000018b7e      0x115 ThirdParty/SEGGER/SEGGER/SEGGER_RTT.o
 .debug_macro   0x0000000000018c93      0x1fd ThirdParty/SEGGER/SEGGER/SEGGER_SYSVIEW.o
 .debug_macro   0x0000000000018e90       0x65 ThirdParty/SEGGER/SEGGER/SEGGER_SYSVIEW.o
 .debug_macro   0x0000000000018ef5       0x35 ThirdParty/SEGGER/SEGGER/SEGGER_SYSVIEW.o
 .debug_macro   0x0000000000018f2a      0x11b ThirdParty/SEGGER/SEGGER/SEGGER_SYSVIEW.o