Archive member included to satisfy reference by file (symbol)

c:/st/stm32cubeide_1.0.0/stm32cubeide/plugins/com.st.stm32cube.ide.mcu.externaltools.gnu-tools-for-stm32.7-2018-q2-update.win32_1.0.0.201904181610/tools/bin/../lib/gcc/arm-none-eabi/7.3.1/../../../../arm-none-eabi/lib/thumb/v7-m\libc_nano.a(lib_a-errno.o)
                              Src/syscalls.o (__errno)
c:/st/stm32cubeide_1.0.0/stm32cubeide/plugins/com.st.stm32cube.ide.mcu.externaltools.gnu-tools-for-stm32.7-2018-q2-update.win32_1.0.0.201904181610/tools/bin/../lib/gcc/arm-none-eabi/7.3.1/../../../../arm-none-eabi/lib/thumb/v7-m\libc_nano.a(lib_a-exit.o)
                              c:/st/stm32cubeide_1.0.0/stm32cubeide/plugins/com.st.stm32cube.ide.mcu.externaltools.gnu-tools-for-stm32.7-2018-q2-update.win32_1.0.0.201904181610/tools/bin/../lib/gcc/arm-none-eabi/7.3.1/../../../../arm-none-eabi/lib/thumb/v7-m/crt0.o (exit)
c:/st/stm32cubeide_1.0.0/stm32cubeide/plugins/com.st.stm32cube.ide.mcu.externaltools.gnu-tools-for-stm32.7-2018-q2-update.win32_1.0.0.201904181610/tools/bin/../lib/gcc/arm-none-eabi/7.3.1/../../../../arm-none-eabi/lib/thumb/v7-m\libc_nano.a(lib_a-impure.o)
                              c:/st/stm32cubeide_1.0.0/stm32cubeide/plugins/com.st.stm32cube.ide.mcu.externaltools.gnu-tools-for-stm32.7-2018-q2-update.win32_1.0.0.201904181610/tools/bin/../lib/gcc/arm-none-eabi/7.3.1/../../../../arm-none-eabi/lib/thumb/v7-m\libc_nano.a(lib_a-exit.o) (_global_impure_ptr)
c:/st/stm32cubeide_1.0.0/stm32cubeide/plugins/com.st.stm32cube.ide.mcu.externaltools.gnu-tools-for-stm32.7-2018-q2-update.win32_1.0.0.201904181610/tools/bin/../lib/gcc/arm-none-eabi/7.3.1/../../../../arm-none-eabi/lib/thumb/v7-m\libc_nano.a(lib_a-init.o)
                              c:/st/stm32cubeide_1.0.0/stm32cubeide/plugins/com.st.stm32cube.ide.mcu.externaltools.gnu-tools-for-stm32.7-2018-q2-update.win32_1.0.0.201904181610/tools/bin/../lib/gcc/arm-none-eabi/7.3.1/../../../../arm-none-eabi/lib/thumb/v7-m/crt0.o (__libc_init_array)
c:/st/stm32cubeide_1.0.0/stm32cubeide/plugins/com.st.stm32cube.ide.mcu.externaltools.gnu-tools-for-stm32.7-2018-q2-update.win32_1.0.0.201904181610/tools/bin/../lib/gcc/arm-none-eabi/7.3.1/../../../../arm-none-eabi/lib/thumb/v7-m\libc_nano.a(lib_a-memcpy-stub.o)
                              Middlewares/Third_Party/FreeRTOS/Source/queue.o (memcpy)
c:/st/stm32cubeide_1.0.0/stm32cubeide/plugins/com.st.stm32cube.ide.mcu.externaltools.gnu-tools-for-stm32.7-2018-q2-update.win32_1.0.0.201904181610/tools/bin/../lib/gcc/arm-none-eabi/7.3.1/../../../../arm-none-eabi/lib/thumb/v7-m\libc_nano.a(lib_a-memset.o)
                              c:/st/stm32cubeide_1.0.0/stm32cubeide/plugins/com.st.stm32cube.ide.mcu.externaltools.gnu-tools-for-stm32.7-2018-q2-update.win32_1.0.0.201904181610/tools/bin/../lib/gcc/arm-none-eabi/7.3.1/../../../../arm-none-eabi/lib/thumb/v7-m/crt0.o (memset)
c:/st/stm32cubeide_1.0.0/stm32cubeide/plugins/com.st.stm32cube.ide.mcu.externaltools.gnu-tools-for-stm32.7-2018-q2-update.win32_1.0.0.201904181610/tools/bin/../lib/gcc/arm-none-eabi/7.3.1/../../../../arm-none-eabi/lib/thumb/v7-m\libm.a(lib_a-w_pow.o)
                              Core/Src/tsl2561.o (pow)
c:/st/stm32cubeide_1.0.0/stm32cubeide/plugins/com.st.stm32cube.ide.mcu.externaltools.gnu-tools-for-stm32.7-2018-q2-update.win32_1.0.0.201904181610/tools/bin/../lib/gcc/arm-none-eabi/7.3.1/../../../../arm-none-eabi/lib/thumb/v7-m\libm.a(lib_a-e_pow.o)
                              c:/st/stm32cubeide_1.0.0/stm32cubeide/plugins/com.st.stm32cube.ide.mcu.externaltools.gnu-tools-for-stm32.7-2018-q2-update.win32_1.0.0.201904181610/tools/bin/../lib/gcc/arm-none-eabi/7.3.1/../../../../arm-none-eabi/lib/thumb/v7-m\libm.a(lib_a-w_pow.o) (__ieee754_pow)
c:/st/stm32cubeide_1.0.0/stm32cubeide/plugins/com.st.stm32cube.ide.mcu.externaltools.gnu-tools-for-stm32.7-2018-q2-update.win32_1.0.0.201904181610/tools/bin/../lib/gcc/arm-none-eabi/7.3.1/../../../../arm-none-eabi/lib/thumb/v7-m\libm.a(lib_a-e_sqrt.o)
                              c:/st/stm32cubeide_1.0.0/stm32cubeide/plugins/com.st.stm32cube.ide.mcu.externaltools.gnu-tools-for-stm32.7-2018-q2-update.win32_1.0.0.201904181610/tools/bin/../lib/gcc/arm-none-eabi/7.3.1/../../../../arm-none-eabi/lib/thumb/v7-m\libm.a(lib_a-e_pow.o) (__ieee754_sqrt)
c:/st/stm32cubeide_1.0.0/stm32cubeide/plugins/com.st.stm32cube.ide.mcu.externaltools.gnu-tools-for-stm32.7-2018-q2-update.win32_1.0.0.201904181610/tools/bin/../lib/gcc/arm-none-eabi/7.3.1/../../../../arm-none-eabi/lib/thumb/v7-m\libm.a(lib_a-s_fabs.o)
                              c:/st/stm32cubeide_1.0.0/stm32cubeide/plugins/com.st.stm32cube.ide.mcu.externaltools.gnu-tools-for-stm32.7-2018-q2-update.win32_1.0.0.201904181610/tools/bin/../lib/gcc/arm-none-eabi/7.3.1/../../../../arm-none-eabi/lib/thumb/v7-m\libm.a(lib_a-e_pow.o) (fabs)
[...]
Memory Configuration

Name             Origin             Length             Attributes
FLASH            0x0000000008000000 0x0000000000020000 xr
RAM              0x0000000020000000 0x0000000000005000 xrw
*default*        0x0000000000000000 0xffffffffffffffff

Linker script and memory map

LOAD c:/st/stm32cubeide_1.0.0/stm32cubeide/plugins/com.st.stm32cube.ide.mcu.externaltools.gnu-tools-for-stm32.7-2018-q2-update.win32_1.0.0.201904181610/tools/bin/../lib/gcc/arm-none-eabi/7.3.1/thumb/v7-m/crti.o
LOAD c:/st/stm32cubeide_1.0.0/stm32cubeide/plugins/com.st.stm32cube.ide.mcu.externaltools.gnu-tools-for-stm32.7-2018-q2-update.win32_1.0.0.201904181610/tools/bin/../lib/gcc/arm-none-eabi/7.3.1/thumb/v7-m/crtbegin.o
LOAD c:/st/stm32cubeide_1.0.0/stm32cubeide/plugins/com.st.stm32cube.ide.mcu.externaltools.gnu-tools-for-stm32.7-2018-q2-update.win32_1.0.0.201904181610/tools/bin/../lib/gcc/arm-none-eabi/7.3.1/../../../../arm-none-eabi/lib/thumb/v7-m/crt0.o
LOAD Core/Src/envmonitor.o
LOAD Core/Src/freertos.o
LOAD Core/Src/htu21d.o
LOAD Core/Src/main.o
LOAD Core/Src/ssd1306_display.o
LOAD Core/Src/stm32f1xx_hal_msp.o
LOAD Core/Src/stm32f1xx_hal_timebase_tim.o
LOAD Core/Src/stm32f1xx_it.o
LOAD Core/Src/system_stm32f1xx.o
LOAD Core/Src/tsl2561.o
LOAD Core/Src/ttp223.o
LOAD Drivers/STM32F1xx_HAL_Driver/Src/stm32f1xx_hal.o
LOAD Drivers/STM32F1xx_HAL_Driver/Src/stm32f1xx_hal_cortex.o
LOAD Drivers/STM32F1xx_HAL_Driver/Src/stm32f1xx_hal_dma.o
LOAD Drivers/STM32F1xx_HAL_Driver/Src/stm32f1xx_hal_flash.o
LOAD Drivers/STM32F1xx_HAL_Driver/Src/stm32f1xx_hal_flash_ex.o
LOAD Drivers/STM32F1xx_HAL_Driver/Src/stm32f1xx_hal_gpio.o
LOAD Drivers/STM32F1xx_HAL_Driver/Src/stm32f1xx_hal_gpio_ex.o
LOAD Drivers/STM32F1xx_HAL_Driver/Src/stm32f1xx_hal_i2c.o
LOAD Drivers/STM32F1xx_HAL_Driver/Src/stm32f1xx_hal_pwr.o
LOAD Drivers/STM32F1xx_HAL_Driver/Src/stm32f1xx_hal_rcc.o
LOAD Drivers/STM32F1xx_HAL_Driver/Src/stm32f1xx_hal_rcc_ex.o
LOAD Drivers/STM32F1xx_HAL_Driver/Src/stm32f1xx_hal_tim.o
LOAD Drivers/STM32F1xx_HAL_Driver/Src/stm32f1xx_hal_tim_ex.o
LOAD Drivers/STM32F1xx_HAL_Driver/Src/stm32f1xx_hal_uart.o
LOAD Middlewares/Third_Party/FreeRTOS/Source/CMSIS_RTOS/cmsis_os.o
LOAD Middlewares/Third_Party/FreeRTOS/Source/croutine.o
LOAD Middlewares/Third_Party/FreeRTOS/Source/event_groups.o
LOAD Middlewares/Third_Party/FreeRTOS/Source/list.o
LOAD Middlewares/Third_Party/FreeRTOS/Source/queue.o
LOAD Middlewares/Third_Party/FreeRTOS/Source/tasks.o
LOAD Middlewares/Third_Party/FreeRTOS/Source/timers.o
LOAD Middlewares/Third_Party/FreeRTOS/Source/portable/GCC/ARM_CM3/port.o
LOAD Middlewares/Third_Party/FreeRTOS/Source/portable/MemMang/heap_4.o
LOAD Src/syscalls.o
LOAD Src/sysmem.o
LOAD Startup/startup_stm32f103rbtx.o
START GROUP
LOAD c:/st/stm32cubeide_1.0.0/stm32cubeide/plugins/com.st.stm32cube.ide.mcu.externaltools.gnu-tools-for-stm32.7-2018-q2-update.win32_1.0.0.201904181610/tools/bin/../lib/gcc/arm-none-eabi/7.3.1/../../../../arm-none-eabi/lib/thumb/v7-m\libc_nano.a
LOAD c:/st/stm32cubeide_1.0.0/stm32cubeide/plugins/com.st.stm32cube.ide.mcu.externaltools.gnu-tools-for-stm32.7-2018-q2-update.win32_1.0.0.201904181610/tools/bin/../lib/gcc/arm-none-eabi/7.3.1/../../../../arm-none-eabi/lib/thumb/v7-m\libm.a
END GROUP
START GROUP
LOAD c:/st/stm32cubeide_1.0.0/stm32cubeide/plugins/com.st.stm32cube.ide.mcu.externaltools.gnu-tools-for-stm32.7-2018-q2-update.win32_1.0.0.201904181610/tools/bin/../lib/gcc/arm-none-eabi/7.3.1/thumb/v7-m\libgcc.a
LOAD c:/st/stm32cubeide_1.0.0/stm32cubeide/plugins/com.st.stm32cube.ide.mcu.externaltools.gnu-tools-for-stm32.7-2018-q2-update.win32_1.0.0.201904181610/tools/bin/../lib/gcc/arm-none-eabi/7.3.1/../../../../arm-none-eabi/lib/thumb/v7-m\libc_nano.a
END GROUP
START GROUP
LOAD c:/st/stm32cubeide_1.0.0/stm32cubeide/plugins/com.st.stm32cube.ide.mcu.externaltools.gnu-tools-for-stm32.7-2018-q2-update.win32_1.0.0.201904181610/tools/bin/../lib/gcc/arm-none-eabi/7.3.1/thumb/v7-m\libgcc.a
LOAD c:/st/stm32cubeide_1.0.0/stm32cubeide/plugins/com.st.stm32cube.ide.mcu.externaltools.gnu-tools-for-stm32.7-2018-q2-update.win32_1.0.0.201904181610/tools/bin/../lib/gcc/arm-none-eabi/7.3.1/../../../../arm-none-eabi/lib/thumb/v7-m\libc_nano.a
LOAD c:/st/stm32cubeide_1.0.0/stm32cubeide/plugins/com.st.stm32cube.ide.mcu.externaltools.gnu-tools-for-stm32.7-2018-q2-update.win32_1.0.0.201904181610/tools/bin/../lib/gcc/arm-none-eabi/7.3.1/../../../../arm-none-eabi/lib/thumb/v7-m\libnosys.a
END GROUP
START GROUP
LOAD c:/st/stm32cubeide_1.0.0/stm32cubeide/plugins/com.st.stm32cube.ide.mcu.externaltools.gnu-tools-for-stm32.7-2018-q2-update.win32_1.0.0.201904181610/tools/bin/../lib/gcc/arm-none-eabi/7.3.1/thumb/v7-m\libgcc.a
LOAD c:/st/stm32cubeide_1.0.0/stm32cubeide/plugins/com.st.stm32cube.ide.mcu.externaltools.gnu-tools-for-stm32.7-2018-q2-update.win32_1.0.0.201904181610/tools/bin/../lib/gcc/arm-none-eabi/7.3.1/../../../../arm-none-eabi/lib/thumb/v7-m\libc_nano.a
LOAD c:/st/stm32cubeide_1.0.0/stm32cubeide/plugins/com.st.stm32cube.ide.mcu.externaltools.gnu-tools-for-stm32.7-2018-q2-update.win32_1.0.0.201904181610/tools/bin/../lib/gcc/arm-none-eabi/7.3.1/../../../../arm-none-eabi/lib/thumb/v7-m\libnosys.a
END GROUP
LOAD c:/st/stm32cubeide_1.0.0/stm32cubeide/plugins/com.st.stm32cube.ide.mcu.externaltools.gnu-tools-for-stm32.7-2018-q2-update.win32_1.0.0.201904181610/tools/bin/../lib/gcc/arm-none-eabi/7.3.1/thumb/v7-m/crtend.o
LOAD c:/st/stm32cubeide_1.0.0/stm32cubeide/plugins/com.st.stm32cube.ide.mcu.externaltools.gnu-tools-for-stm32.7-2018-q2-update.win32_1.0.0.201904181610/tools/bin/../lib/gcc/arm-none-eabi/7.3.1/thumb/v7-m/crtn.o
                0x0000000020004fff                _estack = 0x20004fff
                0x0000000000000200                _Min_Heap_Size = 0x200
                0x0000000000000400                _Min_Stack_Size = 0x400

.isr_vector     0x0000000008000000      0x10c
                0x0000000008000000                . = ALIGN (0x4)
 *(.isr_vector)
 .isr_vector    0x0000000008000000      0x10c Startup/startup_stm32f103rbtx.o
                0x0000000008000000                g_pfnVectors
                0x000000000800010c                . = ALIGN (0x4)

.text           0x0000000008000110     0x4640
                0x0000000008000110                . = ALIGN (0x4)
 *(.text)
 .text          0x0000000008000110       0x40 c:/st/stm32cubeide_1.0.0/stm32cubeide/plugins/com.st.stm32cube.ide.mcu.externaltools.gnu-tools-for-stm32.7-2018-q2-update.win32_1.0.0.201904181610/tools/bin/../lib/gcc/arm-none-eabi/7.3.1/thumb/v7-m/crtbegin.o
 .text          0x0000000008000150      0x378 c:/st/stm32cubeide_1.0.0/stm32cubeide/plugins/com.st.stm32cube.ide.mcu.externaltools.gnu-tools-for-stm32.7-2018-q2-update.win32_1.0.0.201904181610/tools/bin/../lib/gcc/arm-none-eabi/7.3.1/thumb/v7-m\libgcc.a(_arm_addsubdf3.o)
                0x0000000008000150                __aeabi_drsub
                0x0000000008000158                __aeabi_dsub
                0x0000000008000158                __subdf3
                0x000000000800015c                __aeabi_dadd
                0x000000000800015c                __adddf3
                0x00000000080003d4                __floatunsidf
                0x00000000080003d4                __aeabi_ui2d
                0x00000000080003f4                __floatsidf
                0x00000000080003f4                __aeabi_i2d
                0x0000000008000418                __aeabi_f2d
                0x0000000008000418                __extendsfdf2
                0x000000000800045c                __floatundidf
                0x000000000800045c                __aeabi_ul2d
                0x000000000800046c                __floatdidf
                0x000000000800046c                __aeabi_l2d
 .text          0x00000000080004c8      0x424 c:/st/stm32cubeide_1.0.0/stm32cubeide/plugins/com.st.stm32cube.ide.mcu.externaltools.gnu-tools-for-stm32.7-2018-q2-update.win32_1.0.0.201904181610/tools/bin/../lib/gcc/arm-none-eabi/7.3.1/thumb/v7-m\libgcc.a(_arm_muldivdf3.o)
                0x00000000080004c8                __aeabi_dmul
                0x00000000080004c8                __muldf3
                0x000000000800071c                __divdf3
                0x000000000800071c                __aeabi_ddiv
 .text          0x00000000080008ec       0xa0 c:/st/stm32cubeide_1.0.0/stm32cubeide/plugins/com.st.stm32cube.ide.mcu.externaltools.gnu-tools-for-stm32.7-2018-q2-update.win32_1.0.0.201904181610/tools/bin/../lib/gcc/arm-none-eabi/7.3.1/thumb/v7-m\libgcc.a(_arm_truncdfsf2.o)
                0x00000000080008ec                __truncdfsf2
                0x00000000080008ec                __aeabi_d2f
 *(.text*)
 .text.ENVMNTR_init
                0x000000000800098c       0x40 Core/Src/envmonitor.o
                0x000000000800098c                ENVMNTR_init
 .text.ENVMNTR_createTasks
                0x00000000080009cc       0x44 Core/Src/envmonitor.o
                0x00000000080009cc                ENVMNTR_createTasks
 .text.SystemClock_Config
                0x0000000008000a10       0x82 Core/Src/envmonitor.o
                0x0000000008000a10                SystemClock_Config
 *fill*         0x0000000008000a92        0x2 
 .text.MX_I2C1_Init
                0x0000000008000a94       0x5c Core/Src/envmonitor.o
 .text.MX_USART2_UART_Init
                0x0000000008000af0       0x54 Core/Src/envmonitor.o
 .text.MX_GPIO_Init
                0x0000000008000b44       0xdc Core/Src/envmonitor.o
 .text.HAL_TIM_PeriodElapsedCallback
                0x0000000008000c20       0x24 Core/Src/envmonitor.o
                0x0000000008000c20                HAL_TIM_PeriodElapsedCallback
 .text.Error_Handler
                0x0000000008000c44        0xc Core/Src/envmonitor.o
 .text.HTU21D_init
                0x0000000008000c50       0x1e Core/Src/htu21d.o
                0x0000000008000c50                HTU21D_init
 *fill*         0x0000000008000c6e        0x2 
 .text.HTU21D_softReset
                0x0000000008000c70       0x48 Core/Src/htu21d.o
 .text.HTU21D_configUserRegister
                0x0000000008000cb8       0xa8 Core/Src/htu21d.o
 .text.HTU21D_handler
                0x0000000008000d60      0x12c Core/Src/htu21d.o
                0x0000000008000d60                HTU21D_handler
 *fill*         0x0000000008000e8c        0x4 
 .text.calculateTempHum
                0x0000000008000e90       0xcc Core/Src/htu21d.o
 .text.Error_Handler
                0x0000000008000f5c        0xc Core/Src/htu21d.o
 .text.main     0x0000000008000f68        0xe Core/Src/main.o
                0x0000000008000f68                main
 *fill*         0x0000000008000f76        0x2 
 .text.HAL_MspInit
                0x0000000008000f78       0x70 Core/Src/stm32f1xx_hal_msp.o
                0x0000000008000f78                HAL_MspInit
 .text.HAL_I2C_MspInit
                0x0000000008000fe8       0x7c Core/Src/stm32f1xx_hal_msp.o
                0x0000000008000fe8                HAL_I2C_MspInit
 .text.HAL_UART_MspInit
                0x0000000008001064       0x7c Core/Src/stm32f1xx_hal_msp.o
                0x0000000008001064                HAL_UART_MspInit
 .text.HAL_InitTick
                0x00000000080010e0       0xac Core/Src/stm32f1xx_hal_timebase_tim.o
                0x00000000080010e0                HAL_InitTick
 .text.NMI_Handler
                0x000000000800118c        0xc Core/Src/stm32f1xx_it.o
                0x000000000800118c                NMI_Handler
 .text.HardFault_Handler
                0x0000000008001198        0x6 Core/Src/stm32f1xx_it.o
                0x0000000008001198                HardFault_Handler
 .text.MemManage_Handler
                0x000000000800119e        0x6 Core/Src/stm32f1xx_it.o
                0x000000000800119e                MemManage_Handler
 .text.BusFault_Handler
                0x00000000080011a4        0x6 Core/Src/stm32f1xx_it.o
                0x00000000080011a4                BusFault_Handler
 .text.UsageFault_Handler
                0x00000000080011aa        0x6 Core/Src/stm32f1xx_it.o
                0x00000000080011aa                UsageFault_Handler
 .text.DebugMon_Handler
                0x00000000080011b0        0xc Core/Src/stm32f1xx_it.o
                0x00000000080011b0                DebugMon_Handler
 .text.TIM1_UP_IRQHandler
                0x00000000080011bc       0x14 Core/Src/stm32f1xx_it.o
                0x00000000080011bc                TIM1_UP_IRQHandler
 .text.EXTI15_10_IRQHandler
                0x00000000080011d0       0x10 Core/Src/stm32f1xx_it.o
                0x00000000080011d0                EXTI15_10_IRQHandler
 .text.SystemInit
                0x00000000080011e0       0x68 Core/Src/system_stm32f1xx.o
                0x00000000080011e0                SystemInit
 .text.TSL2561_init
                0x0000000008001248       0xdc Core/Src/tsl2561.o
                0x0000000008001248                TSL2561_init
 .text.Error_Handler
                0x0000000008001324        0xc Core/Src/tsl2561.o
 .text.TTP223B_init
                0x0000000008001330       0x54 Core/Src/ttp223.o
                0x0000000008001330                TTP223B_init
 .text.EXTI0_IRQHandler
                0x0000000008001384        0xe Core/Src/ttp223.o
                0x0000000008001384                EXTI0_IRQHandler
 *fill*         0x0000000008001392        0x2 
 .text.HAL_GPIO_EXTI_Callback
                0x0000000008001394       0x2c Core/Src/ttp223.o
                0x0000000008001394                HAL_GPIO_EXTI_Callback
 .text.HAL_Init
                0x00000000080013c0       0x2c Drivers/STM32F1xx_HAL_Driver/Src/stm32f1xx_hal.o
                0x00000000080013c0                HAL_Init
 .text.HAL_IncTick
                0x00000000080013ec       0x24 Drivers/STM32F1xx_HAL_Driver/Src/stm32f1xx_hal.o
                0x00000000080013ec                HAL_IncTick
 .text.HAL_GetTick
                0x0000000008001410       0x14 Drivers/STM32F1xx_HAL_Driver/Src/stm32f1xx_hal.o
                0x0000000008001410                HAL_GetTick
 .text.HAL_Delay
                0x0000000008001424       0x44 Drivers/STM32F1xx_HAL_Driver/Src/stm32f1xx_hal.o
                0x0000000008001424                HAL_Delay
 .text.NVIC_SetPriorityGrouping
                0x0000000008001468       0x48 Drivers/STM32F1xx_HAL_Driver/Src/stm32f1xx_hal_cortex.o
 .text.NVIC_GetPriorityGrouping
                0x00000000080014b0       0x1c Drivers/STM32F1xx_HAL_Driver/Src/stm32f1xx_hal_cortex.o
 .text.NVIC_EnableIRQ
                0x00000000080014cc       0x30 Drivers/STM32F1xx_HAL_Driver/Src/stm32f1xx_hal_cortex.o
 .text.NVIC_SetPriority
                0x00000000080014fc       0x54 Drivers/STM32F1xx_HAL_Driver/Src/stm32f1xx_hal_cortex.o
 .text.NVIC_EncodePriority
                0x0000000008001550       0x64 Drivers/STM32F1xx_HAL_Driver/Src/stm32f1xx_hal_cortex.o
 .text.HAL_NVIC_SetPriorityGrouping
                0x00000000080015b4       0x16 Drivers/STM32F1xx_HAL_Driver/Src/stm32f1xx_hal_cortex.o
                0x00000000080015b4                HAL_NVIC_SetPriorityGrouping
 .text.HAL_NVIC_SetPriority
                0x00000000080015ca       0x38 Drivers/STM32F1xx_HAL_Driver/Src/stm32f1xx_hal_cortex.o
                0x00000000080015ca                HAL_NVIC_SetPriority
 .text.HAL_NVIC_EnableIRQ
                0x0000000008001602       0x1c Drivers/STM32F1xx_HAL_Driver/Src/stm32f1xx_hal_cortex.o
                0x0000000008001602                HAL_NVIC_EnableIRQ
 *fill*         0x000000000800161e        0x2 
 .text.HAL_GPIO_Init
                0x0000000008001620      0x2bc Drivers/STM32F1xx_HAL_Driver/Src/stm32f1xx_hal_gpio.o
                0x0000000008001620                HAL_GPIO_Init
 .text.HAL_GPIO_WritePin
                0x00000000080018dc       0x30 Drivers/STM32F1xx_HAL_Driver/Src/stm32f1xx_hal_gpio.o
                0x00000000080018dc                HAL_GPIO_WritePin
 .text.HAL_GPIO_EXTI_IRQHandler
                0x000000000800190c       0x30 Drivers/STM32F1xx_HAL_Driver/Src/stm32f1xx_hal_gpio.o
                0x000000000800190c                HAL_GPIO_EXTI_IRQHandler
 .text.HAL_I2C_Init
                0x000000000800193c      0x208 Drivers/STM32F1xx_HAL_Driver/Src/stm32f1xx_hal_i2c.o
                0x000000000800193c                HAL_I2C_Init
 .text.HAL_I2C_Master_Transmit
                0x0000000008001b44      0x21c Drivers/STM32F1xx_HAL_Driver/Src/stm32f1xx_hal_i2c.o
                0x0000000008001b44                HAL_I2C_Master_Transmit
 .text.HAL_I2C_Master_Receive
                0x0000000008001d60      0x474 Drivers/STM32F1xx_HAL_Driver/Src/stm32f1xx_hal_i2c.o
                0x0000000008001d60                HAL_I2C_Master_Receive
 .text.I2C_MasterRequestWrite
                0x00000000080021d4      0x104 Drivers/STM32F1xx_HAL_Driver/Src/stm32f1xx_hal_i2c.o
 .text.I2C_MasterRequestRead
                0x00000000080022d8      0x190 Drivers/STM32F1xx_HAL_Driver/Src/stm32f1xx_hal_i2c.o
 .text.I2C_WaitOnFlagUntilTimeout
                0x0000000008002468       0xa2 Drivers/STM32F1xx_HAL_Driver/Src/stm32f1xx_hal_i2c.o
 .text.I2C_WaitOnMasterAddressFlagUntilTimeout
                0x000000000800250a       0xdc Drivers/STM32F1xx_HAL_Driver/Src/stm32f1xx_hal_i2c.o
 .text.I2C_WaitOnTXEFlagUntilTimeout
                0x00000000080025e6       0x7a Drivers/STM32F1xx_HAL_Driver/Src/stm32f1xx_hal_i2c.o
 .text.I2C_WaitOnBTFFlagUntilTimeout
                0x0000000008002660       0x7a Drivers/STM32F1xx_HAL_Driver/Src/stm32f1xx_hal_i2c.o
 .text.I2C_WaitOnRXNEFlagUntilTimeout
                0x00000000080026da       0x94 Drivers/STM32F1xx_HAL_Driver/Src/stm32f1xx_hal_i2c.o
 .text.I2C_IsAcknowledgeFailed
                0x000000000800276e       0x4e Drivers/STM32F1xx_HAL_Driver/Src/stm32f1xx_hal_i2c.o
 .text.HAL_RCC_OscConfig
                0x00000000080027bc      0x4c8 Drivers/STM32F1xx_HAL_Driver/Src/stm32f1xx_hal_rcc.o
                0x00000000080027bc                HAL_RCC_OscConfig
 .text.HAL_RCC_ClockConfig
                0x0000000008002c84      0x218 Drivers/STM32F1xx_HAL_Driver/Src/stm32f1xx_hal_rcc.o
                0x0000000008002c84                HAL_RCC_ClockConfig
 .text.HAL_RCC_GetSysClockFreq
                0x0000000008002e9c       0xc4 Drivers/STM32F1xx_HAL_Driver/Src/stm32f1xx_hal_rcc.o
                0x0000000008002e9c                HAL_RCC_GetSysClockFreq
 .text.HAL_RCC_GetHCLKFreq
                0x0000000008002f60       0x14 Drivers/STM32F1xx_HAL_Driver/Src/stm32f1xx_hal_rcc.o
                0x0000000008002f60                HAL_RCC_GetHCLKFreq
 .text.HAL_RCC_GetPCLK1Freq
                0x0000000008002f74       0x28 Drivers/STM32F1xx_HAL_Driver/Src/stm32f1xx_hal_rcc.o
                0x0000000008002f74                HAL_RCC_GetPCLK1Freq
 .text.HAL_RCC_GetPCLK2Freq
                0x0000000008002f9c       0x28 Drivers/STM32F1xx_HAL_Driver/Src/stm32f1xx_hal_rcc.o
                0x0000000008002f9c                HAL_RCC_GetPCLK2Freq
 .text.HAL_RCC_GetClockConfig
                0x0000000008002fc4       0x60 Drivers/STM32F1xx_HAL_Driver/Src/stm32f1xx_hal_rcc.o
                0x0000000008002fc4                HAL_RCC_GetClockConfig
 .text.RCC_Delay
                0x0000000008003024       0x3c Drivers/STM32F1xx_HAL_Driver/Src/stm32f1xx_hal_rcc.o
 .text.HAL_TIM_Base_Init
                0x0000000008003060       0x56 Drivers/STM32F1xx_HAL_Driver/Src/stm32f1xx_hal_tim.o
                0x0000000008003060                HAL_TIM_Base_Init
 .text.HAL_TIM_Base_MspInit
                0x00000000080030b6       0x12 Drivers/STM32F1xx_HAL_Driver/Src/stm32f1xx_hal_tim.o
                0x00000000080030b6                HAL_TIM_Base_MspInit
 .text.HAL_TIM_Base_Start_IT
                0x00000000080030c8       0x34 Drivers/STM32F1xx_HAL_Driver/Src/stm32f1xx_hal_tim.o
                0x00000000080030c8                HAL_TIM_Base_Start_IT
 .text.HAL_TIM_IRQHandler
                0x00000000080030fc      0x210 Drivers/STM32F1xx_HAL_Driver/Src/stm32f1xx_hal_tim.o
                0x00000000080030fc                HAL_TIM_IRQHandler
 .text.HAL_TIM_OC_DelayElapsedCallback
                0x000000000800330c       0x12 Drivers/STM32F1xx_HAL_Driver/Src/stm32f1xx_hal_tim.o
                0x000000000800330c                HAL_TIM_OC_DelayElapsedCallback
 .text.HAL_TIM_IC_CaptureCallback
                0x000000000800331e       0x12 Drivers/STM32F1xx_HAL_Driver/Src/stm32f1xx_hal_tim.o
                0x000000000800331e                HAL_TIM_IC_CaptureCallback
 .text.HAL_TIM_PWM_PulseFinishedCallback
                0x0000000008003330       0x12 Drivers/STM32F1xx_HAL_Driver/Src/stm32f1xx_hal_tim.o
                0x0000000008003330                HAL_TIM_PWM_PulseFinishedCallback
 .text.HAL_TIM_TriggerCallback
                0x0000000008003342       0x12 Drivers/STM32F1xx_HAL_Driver/Src/stm32f1xx_hal_tim.o
                0x0000000008003342                HAL_TIM_TriggerCallback
 .text.TIM_Base_SetConfig
                0x0000000008003354       0xcc Drivers/STM32F1xx_HAL_Driver/Src/stm32f1xx_hal_tim.o
                0x0000000008003354                TIM_Base_SetConfig
 .text.HAL_TIMEx_CommutationCallback
                0x0000000008003420       0x12 Drivers/STM32F1xx_HAL_Driver/Src/stm32f1xx_hal_tim_ex.o
                0x0000000008003420                HAL_TIMEx_CommutationCallback
 .text.HAL_TIMEx_BreakCallback
                0x0000000008003432       0x12 Drivers/STM32F1xx_HAL_Driver/Src/stm32f1xx_hal_tim_ex.o
                0x0000000008003432                HAL_TIMEx_BreakCallback
 .text.HAL_UART_Init
                0x0000000008003444       0x9a Drivers/STM32F1xx_HAL_Driver/Src/stm32f1xx_hal_uart.o
                0x0000000008003444                HAL_UART_Init
 *fill*         0x00000000080034de        0x2 
 .text.UART_SetConfig
                0x00000000080034e0      0x230 Drivers/STM32F1xx_HAL_Driver/Src/stm32f1xx_hal_uart.o
 .text.vListInitialise
                0x0000000008003710       0x3e Middlewares/Third_Party/FreeRTOS/Source/list.o
                0x0000000008003710                vListInitialise
 .text.vListInitialiseItem
                0x000000000800374e       0x18 Middlewares/Third_Party/FreeRTOS/Source/list.o
                0x000000000800374e                vListInitialiseItem
 .text.vListInsertEnd
                0x0000000008003766       0x46 Middlewares/Third_Party/FreeRTOS/Source/list.o
                0x0000000008003766                vListInsertEnd
 .text.uxListRemove
                0x00000000080037ac       0x52 Middlewares/Third_Party/FreeRTOS/Source/list.o
                0x00000000080037ac                uxListRemove
 .text.xTaskCreate
                0x00000000080037fe       0x82 Middlewares/Third_Party/FreeRTOS/Source/tasks.o
                0x00000000080037fe                xTaskCreate
 .text.prvInitialiseNewTask
                0x0000000008003880       0xfc Middlewares/Third_Party/FreeRTOS/Source/tasks.o
 .text.prvAddNewTaskToReadyList
                0x000000000800397c       0xd4 Middlewares/Third_Party/FreeRTOS/Source/tasks.o
 .text.vTaskStartScheduler
                0x0000000008003a50       0x8c Middlewares/Third_Party/FreeRTOS/Source/tasks.o
                0x0000000008003a50                vTaskStartScheduler
 .text.vTaskSuspendAll
                0x0000000008003adc       0x1c Middlewares/Third_Party/FreeRTOS/Source/tasks.o
                0x0000000008003adc                vTaskSuspendAll
 .text.xTaskResumeAll
                0x0000000008003af8      0x138 Middlewares/Third_Party/FreeRTOS/Source/tasks.o
                0x0000000008003af8                xTaskResumeAll
 .text.xTaskIncrementTick
                0x0000000008003c30      0x178 Middlewares/Third_Party/FreeRTOS/Source/tasks.o
                0x0000000008003c30                xTaskIncrementTick
 .text.vTaskSwitchContext
                0x0000000008003da8       0xb4 Middlewares/Third_Party/FreeRTOS/Source/tasks.o
                0x0000000008003da8                vTaskSwitchContext
 .text.prvIdleTask
                0x0000000008003e5c       0x30 Middlewares/Third_Party/FreeRTOS/Source/tasks.o
 .text.prvInitialiseTaskLists
                0x0000000008003e8c       0x80 Middlewares/Third_Party/FreeRTOS/Source/tasks.o
 .text.prvCheckTasksWaitingTermination
                0x0000000008003f0c       0x78 Middlewares/Third_Party/FreeRTOS/Source/tasks.o
 .text.prvDeleteTCB
                0x0000000008003f84       0x20 Middlewares/Third_Party/FreeRTOS/Source/tasks.o
 .text.prvResetNextTaskUnblockTime
                0x0000000008003fa4       0x48 Middlewares/Third_Party/FreeRTOS/Source/tasks.o
 .text.pxPortInitialiseStack
                0x0000000008003fec       0x58 Middlewares/Third_Party/FreeRTOS/Source/portable/GCC/ARM_CM3/port.o
                0x0000000008003fec                pxPortInitialiseStack
 .text.prvTaskExitError
                0x0000000008004044       0x3c Middlewares/Third_Party/FreeRTOS/Source/portable/GCC/ARM_CM3/port.o
 .text.SVC_Handler
                0x0000000008004080       0x28 Middlewares/Third_Party/FreeRTOS/Source/portable/GCC/ARM_CM3/port.o
                0x0000000008004080                SVC_Handler
 .text.prvPortStartFirstTask
                0x00000000080040a8       0x20 Middlewares/Third_Party/FreeRTOS/Source/portable/GCC/ARM_CM3/port.o
 .text.xPortStartScheduler
                0x00000000080040c8       0xbc Middlewares/Third_Party/FreeRTOS/Source/portable/GCC/ARM_CM3/port.o
                0x00000000080040c8                xPortStartScheduler
 .text.vPortEnterCritical
                0x0000000008004184       0x5c Middlewares/Third_Party/FreeRTOS/Source/portable/GCC/ARM_CM3/port.o
                0x0000000008004184                vPortEnterCritical
 .text.vPortExitCritical
                0x00000000080041e0       0x4c Middlewares/Third_Party/FreeRTOS/Source/portable/GCC/ARM_CM3/port.o
                0x00000000080041e0                vPortExitCritical
 *fill*         0x000000000800422c        0x4 
 .text.PendSV_Handler
                0x0000000008004230       0x48 Middlewares/Third_Party/FreeRTOS/Source/portable/GCC/ARM_CM3/port.o
                0x0000000008004230                PendSV_Handler
 .text.SysTick_Handler
                0x0000000008004278       0x40 Middlewares/Third_Party/FreeRTOS/Source/portable/GCC/ARM_CM3/port.o
                0x0000000008004278                SysTick_Handler
 .text.vPortSetupTimerInterrupt
                0x00000000080042b8       0x34 Middlewares/Third_Party/FreeRTOS/Source/portable/GCC/ARM_CM3/port.o
                0x00000000080042b8                vPortSetupTimerInterrupt
 .text.pvPortMalloc
                0x00000000080042ec      0x184 Middlewares/Third_Party/FreeRTOS/Source/portable/MemMang/heap_4.o
                0x00000000080042ec                pvPortMalloc
 .text.vPortFree
                0x0000000008004470       0xb0 Middlewares/Third_Party/FreeRTOS/Source/portable/MemMang/heap_4.o
                0x0000000008004470                vPortFree
 .text.prvHeapInit
                0x0000000008004520       0xc4 Middlewares/Third_Party/FreeRTOS/Source/portable/MemMang/heap_4.o
 .text.prvInsertBlockIntoFreeList
                0x00000000080045e4       0xb0 Middlewares/Third_Party/FreeRTOS/Source/portable/MemMang/heap_4.o
 .text.Reset_Handler
                0x0000000008004694       0x48 Startup/startup_stm32f103rbtx.o
                0x0000000008004694                Reset_Handler
 .text.Default_Handler
                0x00000000080046dc        0x2 Startup/startup_stm32f103rbtx.o
                0x00000000080046dc                RTC_Alarm_IRQHandler
                0x00000000080046dc                EXTI2_IRQHandler
                0x00000000080046dc                TIM1_CC_IRQHandler
                0x00000000080046dc                PVD_IRQHandler
                0x00000000080046dc                EXTI3_IRQHandler
                0x00000000080046dc                I2C2_EV_IRQHandler
                0x00000000080046dc                ADC1_2_IRQHandler
                0x00000000080046dc                SPI1_IRQHandler
                0x00000000080046dc                TAMPER_IRQHandler
                0x00000000080046dc                DMA1_Channel4_IRQHandler
                0x00000000080046dc                USART3_IRQHandler
                0x00000000080046dc                RTC_IRQHandler
                0x00000000080046dc                DMA1_Channel7_IRQHandler
                0x00000000080046dc                CAN1_RX1_IRQHandler
                0x00000000080046dc                TIM4_IRQHandler
                0x00000000080046dc                I2C1_EV_IRQHandler
                0x00000000080046dc                DMA1_Channel6_IRQHandler
                0x00000000080046dc                TIM3_IRQHandler
                0x00000000080046dc                RCC_IRQHandler
                0x00000000080046dc                TIM1_TRG_COM_IRQHandler
                0x00000000080046dc                DMA1_Channel1_IRQHandler
                0x00000000080046dc                Default_Handler
                0x00000000080046dc                EXTI9_5_IRQHandler
                0x00000000080046dc                SPI2_IRQHandler
                0x00000000080046dc                DMA1_Channel5_IRQHandler
                0x00000000080046dc                EXTI4_IRQHandler
                0x00000000080046dc                USB_LP_CAN1_RX0_IRQHandler
                0x00000000080046dc                USB_HP_CAN1_TX_IRQHandler
                0x00000000080046dc                DMA1_Channel3_IRQHandler
                0x00000000080046dc                WWDG_IRQHandler
                0x00000000080046dc                TIM2_IRQHandler
                0x00000000080046dc                TIM1_BRK_IRQHandler
                0x00000000080046dc                EXTI1_IRQHandler
                0x00000000080046dc                USART2_IRQHandler
                0x00000000080046dc                I2C2_ER_IRQHandler
                0x00000000080046dc                DMA1_Channel2_IRQHandler
                0x00000000080046dc                CAN1_SCE_IRQHandler
                0x00000000080046dc                FLASH_IRQHandler
                0x00000000080046dc                USART1_IRQHandler
                0x00000000080046dc                I2C1_ER_IRQHandler
                0x00000000080046dc                USBWakeUp_IRQHandler
 *fill*         0x00000000080046de        0x2 
 .text.__libc_init_array
                0x00000000080046e0       0x48 c:/st/stm32cubeide_1.0.0/stm32cubeide/plugins/com.st.stm32cube.ide.mcu.externaltools.gnu-tools-for-stm32.7-2018-q2-update.win32_1.0.0.201904181610/tools/bin/../lib/gcc/arm-none-eabi/7.3.1/../../../../arm-none-eabi/lib/thumb/v7-m\libc_nano.a(lib_a-init.o)
                0x00000000080046e0                __libc_init_array
 .text.memset   0x0000000008004728       0x10 c:/st/stm32cubeide_1.0.0/stm32cubeide/plugins/com.st.stm32cube.ide.mcu.externaltools.gnu-tools-for-stm32.7-2018-q2-update.win32_1.0.0.201904181610/tools/bin/../lib/gcc/arm-none-eabi/7.3.1/../../../../arm-none-eabi/lib/thumb/v7-m\libc_nano.a(lib_a-memset.o)
                0x0000000008004728                memset
 *(.glue_7)
 .glue_7        0x0000000008004738        0x0 linker stubs
 *(.glue_7t)
 .glue_7t       0x0000000008004738        0x0 linker stubs
 *(.eh_frame)
 .eh_frame      0x0000000008004738        0x0 c:/st/stm32cubeide_1.0.0/stm32cubeide/plugins/com.st.stm32cube.ide.mcu.externaltools.gnu-tools-for-stm32.7-2018-q2-update.win32_1.0.0.201904181610/tools/bin/../lib/gcc/arm-none-eabi/7.3.1/thumb/v7-m/crtbegin.o
 *(.init)
 .init          0x0000000008004738        0x4 c:/st/stm32cubeide_1.0.0/stm32cubeide/plugins/com.st.stm32cube.ide.mcu.externaltools.gnu-tools-for-stm32.7-2018-q2-update.win32_1.0.0.201904181610/tools/bin/../lib/gcc/arm-none-eabi/7.3.1/thumb/v7-m/crti.o
                0x0000000008004738                _init
 .init          0x000000000800473c        0x8 c:/st/stm32cubeide_1.0.0/stm32cubeide/plugins/com.st.stm32cube.ide.mcu.externaltools.gnu-tools-for-stm32.7-2018-q2-update.win32_1.0.0.201904181610/tools/bin/../lib/gcc/arm-none-eabi/7.3.1/thumb/v7-m/crtn.o
 *(.fini)
 .fini          0x0000000008004744        0x4 c:/st/stm32cubeide_1.0.0/stm32cubeide/plugins/com.st.stm32cube.ide.mcu.externaltools.gnu-tools-for-stm32.7-2018-q2-update.win32_1.0.0.201904181610/tools/bin/../lib/gcc/arm-none-eabi/7.3.1/thumb/v7-m/crti.o
                0x0000000008004744                _fini
 .fini          0x0000000008004748        0x8 c:/st/stm32cubeide_1.0.0/stm32cubeide/plugins/com.st.stm32cube.ide.mcu.externaltools.gnu-tools-for-stm32.7-2018-q2-update.win32_1.0.0.201904181610/tools/bin/../lib/gcc/arm-none-eabi/7.3.1/thumb/v7-m/crtn.o
                0x0000000008004750                . = ALIGN (0x4)
                0x0000000008004750                _etext = .

.vfp11_veneer   0x0000000008004750        0x0
 .vfp11_veneer  0x0000000008004750        0x0 linker stubs

.v4_bx          0x0000000008004750        0x0
 .v4_bx         0x0000000008004750        0x0 linker stubs

.iplt           0x0000000008004750        0x0
 .iplt          0x0000000008004750        0x0 c:/st/stm32cubeide_1.0.0/stm32cubeide/plugins/com.st.stm32cube.ide.mcu.externaltools.gnu-tools-for-stm32.7-2018-q2-update.win32_1.0.0.201904181610/tools/bin/../lib/gcc/arm-none-eabi/7.3.1/thumb/v7-m/crtbegin.o

.rodata         0x0000000008004750       0x44
                0x0000000008004750                . = ALIGN (0x4)
 *(.rodata)
 .rodata        0x0000000008004750        0xf Core/Src/envmonitor.o
 *fill*         0x000000000800475f        0x1 
 .rodata        0x0000000008004760       0x12 Drivers/STM32F1xx_HAL_Driver/Src/stm32f1xx_hal_rcc.o
 *fill*         0x0000000008004772        0x2 
 .rodata        0x0000000008004774        0x5 Middlewares/Third_Party/FreeRTOS/Source/tasks.o
 *(.rodata*)
 *fill*         0x0000000008004779        0x3 
 .rodata.AHBPrescTable
                0x000000000800477c       0x10 Core/Src/system_stm32f1xx.o
                0x000000000800477c                AHBPrescTable
 .rodata.APBPrescTable
                0x000000000800478c        0x8 Core/Src/system_stm32f1xx.o
                0x000000000800478c                APBPrescTable
                0x0000000008004794                . = ALIGN (0x4)

.rel.dyn        0x0000000008004794        0x0
 .rel.iplt      0x0000000008004794        0x0 c:/st/stm32cubeide_1.0.0/stm32cubeide/plugins/com.st.stm32cube.ide.mcu.externaltools.gnu-tools-for-stm32.7-2018-q2-update.win32_1.0.0.201904181610/tools/bin/../lib/gcc/arm-none-eabi/7.3.1/thumb/v7-m/crtbegin.o

.ARM.extab      0x0000000008004794        0x0
                0x0000000008004794                . = ALIGN (0x4)
 *(.ARM.extab* .gnu.linkonce.armextab.*)
                0x0000000008004794                . = ALIGN (0x4)

.ARM            0x0000000008004794        0x0
                0x0000000008004794                . = ALIGN (0x4)
                0x0000000008004794                __exidx_start = .
 *(.ARM.exidx*)
                0x0000000008004794                __exidx_end = .
                0x0000000008004794                . = ALIGN (0x4)

.preinit_array  0x0000000008004794        0x0
                0x0000000008004794                . = ALIGN (0x4)
                0x0000000008004794                PROVIDE (__preinit_array_start = .)
 *(.preinit_array*)
                0x0000000008004794                PROVIDE (__preinit_array_end = .)
                0x0000000008004794                . = ALIGN (0x4)

.init_array     0x0000000008004794        0x4
                0x0000000008004794                . = ALIGN (0x4)
                0x0000000008004794                PROVIDE (__init_array_start = .)
 *(SORT_BY_NAME(.init_array.*))
 *(.init_array*)
 .init_array    0x0000000008004794        0x4 c:/st/stm32cubeide_1.0.0/stm32cubeide/plugins/com.st.stm32cube.ide.mcu.externaltools.gnu-tools-for-stm32.7-2018-q2-update.win32_1.0.0.201904181610/tools/bin/../lib/gcc/arm-none-eabi/7.3.1/thumb/v7-m/crtbegin.o
                0x0000000008004798                PROVIDE (__init_array_end = .)
                0x0000000008004798                . = ALIGN (0x4)

.fini_array     0x0000000008004798        0x4
                0x0000000008004798                . = ALIGN (0x4)
                [!provide]                        PROVIDE (__fini_array_start = .)
 *(SORT_BY_NAME(.fini_array.*))
 *(.fini_array*)
 .fini_array    0x0000000008004798        0x4 c:/st/stm32cubeide_1.0.0/stm32cubeide/plugins/com.st.stm32cube.ide.mcu.externaltools.gnu-tools-for-stm32.7-2018-q2-update.win32_1.0.0.201904181610/tools/bin/../lib/gcc/arm-none-eabi/7.3.1/thumb/v7-m/crtbegin.o
                [!provide]                        PROVIDE (__fini_array_end = .)
                0x000000000800479c                . = ALIGN (0x4)
                0x000000000800479c                _sidata = LOADADDR (.data)

.data           0x0000000020000000        0xc load address 0x000000000800479c
                0x0000000020000000                . = ALIGN (0x4)
                0x0000000020000000                _sdata = .
 *(.data)
 *(.data*)
 .data.SystemCoreClock
                0x0000000020000000        0x4 Core/Src/system_stm32f1xx.o
                0x0000000020000000                SystemCoreClock
 .data.uwTickFreq
                0x0000000020000004        0x1 Drivers/STM32F1xx_HAL_Driver/Src/stm32f1xx_hal.o
                0x0000000020000004                uwTickFreq
 *fill*         0x0000000020000005        0x3 
 .data.uxCriticalNesting
                0x0000000020000008        0x4 Middlewares/Third_Party/FreeRTOS/Source/portable/GCC/ARM_CM3/port.o
                0x000000002000000c                . = ALIGN (0x4)
                0x000000002000000c                _edata = .

.igot.plt       0x000000002000000c        0x0 load address 0x00000000080047a8
 .igot.plt      0x000000002000000c        0x0 c:/st/stm32cubeide_1.0.0/stm32cubeide/plugins/com.st.stm32cube.ide.mcu.externaltools.gnu-tools-for-stm32.7-2018-q2-update.win32_1.0.0.201904181610/tools/bin/../lib/gcc/arm-none-eabi/7.3.1/thumb/v7-m/crtbegin.o
                0x000000002000000c                . = ALIGN (0x4)

.bss            0x000000002000000c      0xe50 load address 0x00000000080047a8
                0x000000002000000c                _sbss = .
                0x000000002000000c                __bss_start__ = _sbss
 *(.bss)
 .bss           0x000000002000000c       0x1c c:/st/stm32cubeide_1.0.0/stm32cubeide/plugins/com.st.stm32cube.ide.mcu.externaltools.gnu-tools-for-stm32.7-2018-q2-update.win32_1.0.0.201904181610/tools/bin/../lib/gcc/arm-none-eabi/7.3.1/thumb/v7-m/crtbegin.o
 *(.bss*)
 .bss.envmonitor
                0x0000000020000028       0x10 Core/Src/envmonitor.o
                0x0000000020000028                envmonitor
 .bss.pxCurrentTCB
                0x0000000020000038        0x4 Middlewares/Third_Party/FreeRTOS/Source/tasks.o
                0x0000000020000038                pxCurrentTCB
 .bss.pxReadyTasksLists
                0x000000002000003c       0x8c Middlewares/Third_Party/FreeRTOS/Source/tasks.o
 .bss.xDelayedTaskList1
                0x00000000200000c8       0x14 Middlewares/Third_Party/FreeRTOS/Source/tasks.o
 .bss.xDelayedTaskList2
                0x00000000200000dc       0x14 Middlewares/Third_Party/FreeRTOS/Source/tasks.o
 .bss.pxDelayedTaskList
                0x00000000200000f0        0x4 Middlewares/Third_Party/FreeRTOS/Source/tasks.o
 .bss.pxOverflowDelayedTaskList
                0x00000000200000f4        0x4 Middlewares/Third_Party/FreeRTOS/Source/tasks.o
 .bss.xPendingReadyList
                0x00000000200000f8       0x14 Middlewares/Third_Party/FreeRTOS/Source/tasks.o
 .bss.xTasksWaitingTermination
                0x000000002000010c       0x14 Middlewares/Third_Party/FreeRTOS/Source/tasks.o
 .bss.uxDeletedTasksWaitingCleanUp
                0x0000000020000120        0x4 Middlewares/Third_Party/FreeRTOS/Source/tasks.o
 .bss.xSuspendedTaskList
                0x0000000020000124       0x14 Middlewares/Third_Party/FreeRTOS/Source/tasks.o
 .bss.uxCurrentNumberOfTasks
                0x0000000020000138        0x4 Middlewares/Third_Party/FreeRTOS/Source/tasks.o
 .bss.xTickCount
                0x000000002000013c        0x4 Middlewares/Third_Party/FreeRTOS/Source/tasks.o
 .bss.uxTopReadyPriority
                0x0000000020000140        0x4 Middlewares/Third_Party/FreeRTOS/Source/tasks.o
 .bss.xSchedulerRunning
                0x0000000020000144        0x4 Middlewares/Third_Party/FreeRTOS/Source/tasks.o
 .bss.uxPendedTicks
                0x0000000020000148        0x4 Middlewares/Third_Party/FreeRTOS/Source/tasks.o
 .bss.xYieldPending
                0x000000002000014c        0x4 Middlewares/Third_Party/FreeRTOS/Source/tasks.o
 .bss.xNumOfOverflows
                0x0000000020000150        0x4 Middlewares/Third_Party/FreeRTOS/Source/tasks.o
 .bss.uxTaskNumber
                0x0000000020000154        0x4 Middlewares/Third_Party/FreeRTOS/Source/tasks.o
 .bss.xNextTaskUnblockTime
                0x0000000020000158        0x4 Middlewares/Third_Party/FreeRTOS/Source/tasks.o
 .bss.xIdleTaskHandle
                0x000000002000015c        0x4 Middlewares/Third_Party/FreeRTOS/Source/tasks.o
 .bss.uxSchedulerSuspended
                0x0000000020000160        0x4 Middlewares/Third_Party/FreeRTOS/Source/tasks.o
 .bss.ucMaxSysCallPriority
                0x0000000020000164        0x1 Middlewares/Third_Party/FreeRTOS/Source/portable/GCC/ARM_CM3/port.o
 *fill*         0x0000000020000165        0x3 
 .bss.ulMaxPRIGROUPValue
                0x0000000020000168        0x4 Middlewares/Third_Party/FreeRTOS/Source/portable/GCC/ARM_CM3/port.o
 .bss.ucHeap    0x000000002000016c      0xc00 Middlewares/Third_Party/FreeRTOS/Source/portable/MemMang/heap_4.o
 .bss.xStart    0x0000000020000d6c        0x8 Middlewares/Third_Party/FreeRTOS/Source/portable/MemMang/heap_4.o
 .bss.pxEnd     0x0000000020000d74        0x4 Middlewares/Third_Party/FreeRTOS/Source/portable/MemMang/heap_4.o
 .bss.xFreeBytesRemaining
                0x0000000020000d78        0x4 Middlewares/Third_Party/FreeRTOS/Source/portable/MemMang/heap_4.o
 .bss.xMinimumEverFreeBytesRemaining
                0x0000000020000d7c        0x4 Middlewares/Third_Party/FreeRTOS/Source/portable/MemMang/heap_4.o
 .bss.xBlockAllocatedBit
                0x0000000020000d80        0x4 Middlewares/Third_Party/FreeRTOS/Source/portable/MemMang/heap_4.o
 *(COMMON)
 COMMON         0x0000000020000d84       0x94 Core/Src/envmonitor.o
                0x0000000020000d84                hi2c1
                0x0000000020000dd8                huart2
 COMMON         0x0000000020000e18       0x40 Core/Src/stm32f1xx_hal_timebase_tim.o
                0x0000000020000e18                htim1
 COMMON         0x0000000020000e58        0x4 Drivers/STM32F1xx_HAL_Driver/Src/stm32f1xx_hal.o
                0x0000000020000e58                uwTick
                0x0000000020000e5c                . = ALIGN (0x4)
                0x0000000020000e5c                _ebss = .
                0x0000000020000e5c                __bss_end__ = _ebss

._user_heap_stack
                0x0000000020000e5c      0x604 load address 0x00000000080047a8
                0x0000000020000e60                . = ALIGN (0x8)
 *fill*         0x0000000020000e5c        0x4 
                0x0000000020000e60                PROVIDE (end = .)
                [!provide]                        PROVIDE (_end = .)
                0x0000000020001060                . = (. + _Min_Heap_Size)
 *fill*         0x0000000020000e60      0x200 
                0x0000000020001460                . = (. + _Min_Stack_Size)
 *fill*         0x0000000020001060      0x400 
                0x0000000020001460                . = ALIGN (0x8)

/DISCARD/
 libc.a(*)
 libm.a(*)
 libgcc.a(*)

.ARM.attributes
                0x0000000000000000       0x29
 *(.ARM.attributes)
 .ARM.attributes
                0x0000000000000000       0x1d c:/st/stm32cubeide_1.0.0/stm32cubeide/plugins/com.st.stm32cube.ide.mcu.externaltools.gnu-tools-for-stm32.7-2018-q2-update.win32_1.0.0.201904181610/tools/bin/../lib/gcc/arm-none-eabi/7.3.1/thumb/v7-m/crti.o
 .ARM.attributes
                0x000000000000001d       0x2d c:/st/stm32cubeide_1.0.0/stm32cubeide/plugins/com.st.stm32cube.ide.mcu.externaltools.gnu-tools-for-stm32.7-2018-q2-update.win32_1.0.0.201904181610/tools/bin/../lib/gcc/arm-none-eabi/7.3.1/thumb/v7-m/crtbegin.o
 .ARM.attributes
                0x000000000000004a       0x33 Core/Src/envmonitor.o
 .ARM.attributes
                0x000000000000007d       0x33 Core/Src/htu21d.o
 .ARM.attributes
                0x00000000000000b0       0x33 Core/Src/main.o
 .ARM.attributes
                0x00000000000000e3       0x33 Core/Src/stm32f1xx_hal_msp.o
 .ARM.attributes
                0x0000000000000116       0x33 Core/Src/stm32f1xx_hal_timebase_tim.o
 .ARM.attributes
                0x0000000000000149       0x33 Core/Src/stm32f1xx_it.o
 .ARM.attributes
                0x000000000000017c       0x33 Core/Src/system_stm32f1xx.o
 .ARM.attributes
                0x00000000000001af       0x33 Core/Src/tsl2561.o
 .ARM.attributes
                0x00000000000001e2       0x33 Core/Src/ttp223.o
 .ARM.attributes
                0x0000000000000215       0x33 Drivers/STM32F1xx_HAL_Driver/Src/stm32f1xx_hal.o
 .ARM.attributes
                0x0000000000000248       0x33 Drivers/STM32F1xx_HAL_Driver/Src/stm32f1xx_hal_cortex.o
 .ARM.attributes
                0x000000000000027b       0x33 Drivers/STM32F1xx_HAL_Driver/Src/stm32f1xx_hal_gpio.o
 .ARM.attributes
                0x00000000000002ae       0x33 Drivers/STM32F1xx_HAL_Driver/Src/stm32f1xx_hal_i2c.o
 .ARM.attributes
                0x00000000000002e1       0x33 Drivers/STM32F1xx_HAL_Driver/Src/stm32f1xx_hal_rcc.o
 .ARM.attributes
                0x0000000000000314       0x33 Drivers/STM32F1xx_HAL_Driver/Src/stm32f1xx_hal_tim.o
 .ARM.attributes
                0x0000000000000347       0x33 Drivers/STM32F1xx_HAL_Driver/Src/stm32f1xx_hal_tim_ex.o
 .ARM.attributes
                0x000000000000037a       0x33 Drivers/STM32F1xx_HAL_Driver/Src/stm32f1xx_hal_uart.o
 .ARM.attributes
                0x00000000000003ad       0x33 Middlewares/Third_Party/FreeRTOS/Source/list.o
 .ARM.attributes
                0x00000000000003e0       0x33 Middlewares/Third_Party/FreeRTOS/Source/tasks.o
 .ARM.attributes
                0x0000000000000413       0x33 Middlewares/Third_Party/FreeRTOS/Source/portable/GCC/ARM_CM3/port.o
 .ARM.attributes
                0x0000000000000446       0x33 Middlewares/Third_Party/FreeRTOS/Source/portable/MemMang/heap_4.o
 .ARM.attributes
                0x0000000000000479       0x21 Startup/startup_stm32f103rbtx.o
 .ARM.attributes
                0x000000000000049a       0x2d c:/st/stm32cubeide_1.0.0/stm32cubeide/plugins/com.st.stm32cube.ide.mcu.externaltools.gnu-tools-for-stm32.7-2018-q2-update.win32_1.0.0.201904181610/tools/bin/../lib/gcc/arm-none-eabi/7.3.1/../../../../arm-none-eabi/lib/thumb/v7-m\libc_nano.a(lib_a-init.o)
 .ARM.attributes
                0x00000000000004c7       0x2d c:/st/stm32cubeide_1.0.0/stm32cubeide/plugins/com.st.stm32cube.ide.mcu.externaltools.gnu-tools-for-stm32.7-2018-q2-update.win32_1.0.0.201904181610/tools/bin/../lib/gcc/arm-none-eabi/7.3.1/../../../../arm-none-eabi/lib/thumb/v7-m\libc_nano.a(lib_a-memset.o)
 .ARM.attributes
                0x00000000000004f4       0x1d c:/st/stm32cubeide_1.0.0/stm32cubeide/plugins/com.st.stm32cube.ide.mcu.externaltools.gnu-tools-for-stm32.7-2018-q2-update.win32_1.0.0.201904181610/tools/bin/../lib/gcc/arm-none-eabi/7.3.1/thumb/v7-m\libgcc.a(_arm_addsubdf3.o)
 .ARM.attributes
                0x0000000000000511       0x1d c:/st/stm32cubeide_1.0.0/stm32cubeide/plugins/com.st.stm32cube.ide.mcu.externaltools.gnu-tools-for-stm32.7-2018-q2-update.win32_1.0.0.201904181610/tools/bin/../lib/gcc/arm-none-eabi/7.3.1/thumb/v7-m\libgcc.a(_arm_muldivdf3.o)
 .ARM.attributes
                0x000000000000052e       0x1d c:/st/stm32cubeide_1.0.0/stm32cubeide/plugins/com.st.stm32cube.ide.mcu.externaltools.gnu-tools-for-stm32.7-2018-q2-update.win32_1.0.0.201904181610/tools/bin/../lib/gcc/arm-none-eabi/7.3.1/thumb/v7-m\libgcc.a(_arm_truncdfsf2.o)
 .ARM.attributes
                0x000000000000054b       0x1d c:/st/stm32cubeide_1.0.0/stm32cubeide/plugins/com.st.stm32cube.ide.mcu.externaltools.gnu-tools-for-stm32.7-2018-q2-update.win32_1.0.0.201904181610/tools/bin/../lib/gcc/arm-none-eabi/7.3.1/thumb/v7-m/crtn.o
OUTPUT(stm32f1_FreeRtos_.elf elf32-littlearm)

.debug_info     0x0000000000000000    0x1c2c7
 .debug_info    0x0000000000000000     0x18cd Core/Src/envmonitor.o
 .debug_info    0x00000000000018cd     0x1119 Core/Src/htu21d.o
 .debug_info    0x00000000000029e6      0xf12 Core/Src/main.o
 .debug_info    0x00000000000038f8     0x148e Core/Src/stm32f1xx_hal_msp.o
 .debug_info    0x0000000000004d86     0x139e Core/Src/stm32f1xx_hal_timebase_tim.o
 .debug_info    0x0000000000006124     0x112c Core/Src/stm32f1xx_it.o
 .debug_info    0x0000000000007250     0x10f8 Core/Src/system_stm32f1xx.o
 .debug_info    0x0000000000008348     0x106c Core/Src/tsl2561.o
 .debug_info    0x00000000000093b4     0x121f Core/Src/ttp223.o
 .debug_info    0x000000000000a5d3     0x13a9 Drivers/STM32F1xx_HAL_Driver/Src/stm32f1xx_hal.o
 .debug_info    0x000000000000b97c     0x17f7 Drivers/STM32F1xx_HAL_Driver/Src/stm32f1xx_hal_cortex.o
 .debug_info    0x000000000000d173     0x1346 Drivers/STM32F1xx_HAL_Driver/Src/stm32f1xx_hal_gpio.o
 .debug_info    0x000000000000e4b9     0x29ca Drivers/STM32F1xx_HAL_Driver/Src/stm32f1xx_hal_i2c.o
 .debug_info    0x0000000000010e83     0x14c2 Drivers/STM32F1xx_HAL_Driver/Src/stm32f1xx_hal_rcc.o
 .debug_info    0x0000000000012345     0x2ca5 Drivers/STM32F1xx_HAL_Driver/Src/stm32f1xx_hal_tim.o
 .debug_info    0x0000000000014fea     0x1a55 Drivers/STM32F1xx_HAL_Driver/Src/stm32f1xx_hal_tim_ex.o
 .debug_info    0x0000000000016a3f     0x1c65 Drivers/STM32F1xx_HAL_Driver/Src/stm32f1xx_hal_uart.o
 .debug_info    0x00000000000186a4      0xac0 Middlewares/Third_Party/FreeRTOS/Source/list.o
 .debug_info    0x0000000000019164     0x20b3 Middlewares/Third_Party/FreeRTOS/Source/tasks.o
 .debug_info    0x000000000001b217      0x4a4 Middlewares/Third_Party/FreeRTOS/Source/portable/GCC/ARM_CM3/port.o
 .debug_info    0x000000000001b6bb      0xbea Middlewares/Third_Party/FreeRTOS/Source/portable/MemMang/heap_4.o
 .debug_info    0x000000000001c2a5       0x22 Startup/startup_stm32f103rbtx.o

.debug_abbrev   0x0000000000000000     0x326e
 .debug_abbrev  0x0000000000000000      0x288 Core/Src/envmonitor.o
 .debug_abbrev  0x0000000000000288      0x24f Core/Src/htu21d.o
 .debug_abbrev  0x00000000000004d7      0x1a4 Core/Src/main.o
 .debug_abbrev  0x000000000000067b      0x1f7 Core/Src/stm32f1xx_hal_msp.o
 .debug_abbrev  0x0000000000000872      0x20e Core/Src/stm32f1xx_hal_timebase_tim.o
 .debug_abbrev  0x0000000000000a80      0x1cb Core/Src/stm32f1xx_it.o
 .debug_abbrev  0x0000000000000c4b      0x1f0 Core/Src/system_stm32f1xx.o
 .debug_abbrev  0x0000000000000e3b      0x240 Core/Src/tsl2561.o
 .debug_abbrev  0x000000000000107b      0x21c Core/Src/ttp223.o
 .debug_abbrev  0x0000000000001297      0x2bd Drivers/STM32F1xx_HAL_Driver/Src/stm32f1xx_hal.o
 .debug_abbrev  0x0000000000001554      0x36d Drivers/STM32F1xx_HAL_Driver/Src/stm32f1xx_hal_cortex.o
 .debug_abbrev  0x00000000000018c1      0x251 Drivers/STM32F1xx_HAL_Driver/Src/stm32f1xx_hal_gpio.o
 .debug_abbrev  0x0000000000001b12      0x2aa Drivers/STM32F1xx_HAL_Driver/Src/stm32f1xx_hal_i2c.o
 .debug_abbrev  0x0000000000001dbc      0x2eb Drivers/STM32F1xx_HAL_Driver/Src/stm32f1xx_hal_rcc.o
 .debug_abbrev  0x00000000000020a7      0x2b2 Drivers/STM32F1xx_HAL_Driver/Src/stm32f1xx_hal_tim.o
 .debug_abbrev  0x0000000000002359      0x28f Drivers/STM32F1xx_HAL_Driver/Src/stm32f1xx_hal_tim_ex.o
 .debug_abbrev  0x00000000000025e8      0x2b3 Drivers/STM32F1xx_HAL_Driver/Src/stm32f1xx_hal_uart.o
 .debug_abbrev  0x000000000000289b      0x1c8 Middlewares/Third_Party/FreeRTOS/Source/list.o
 .debug_abbrev  0x0000000000002a63      0x356 Middlewares/Third_Party/FreeRTOS/Source/tasks.o
 .debug_abbrev  0x0000000000002db9      0x205 Middlewares/Third_Party/FreeRTOS/Source/portable/GCC/ARM_CM3/port.o
 .debug_abbrev  0x0000000000002fbe      0x29e Middlewares/Third_Party/FreeRTOS/Source/portable/MemMang/heap_4.o
 .debug_abbrev  0x000000000000325c       0x12 Startup/startup_stm32f103rbtx.o

.debug_aranges  0x0000000000000000     0x1070
 .debug_aranges
                0x0000000000000000       0x58 Core/Src/envmonitor.o
 .debug_aranges
                0x0000000000000058       0x48 Core/Src/htu21d.o
 .debug_aranges
                0x00000000000000a0       0x20 Core/Src/main.o
 .debug_aranges
                0x00000000000000c0       0x40 Core/Src/stm32f1xx_hal_msp.o
 .debug_aranges
                0x0000000000000100       0x30 Core/Src/stm32f1xx_hal_timebase_tim.o
 .debug_aranges
                0x0000000000000130       0x58 Core/Src/stm32f1xx_it.o
 .debug_aranges
                0x0000000000000188       0x28 Core/Src/system_stm32f1xx.o
 .debug_aranges
                0x00000000000001b0       0x38 Core/Src/tsl2561.o
 .debug_aranges
                0x00000000000001e8       0x38 Core/Src/ttp223.o
 .debug_aranges
                0x0000000000000220       0xd0 Drivers/STM32F1xx_HAL_Driver/Src/stm32f1xx_hal.o
 .debug_aranges
                0x00000000000002f0      0x100 Drivers/STM32F1xx_HAL_Driver/Src/stm32f1xx_hal_cortex.o
 .debug_aranges
                0x00000000000003f0       0x58 Drivers/STM32F1xx_HAL_Driver/Src/stm32f1xx_hal_gpio.o
 .debug_aranges
                0x0000000000000448      0x268 Drivers/STM32F1xx_HAL_Driver/Src/stm32f1xx_hal_i2c.o
 .debug_aranges
                0x00000000000006b0       0x90 Drivers/STM32F1xx_HAL_Driver/Src/stm32f1xx_hal_rcc.o
 .debug_aranges
                0x0000000000000740      0x368 Drivers/STM32F1xx_HAL_Driver/Src/stm32f1xx_hal_tim.o
 .debug_aranges
                0x0000000000000aa8      0x138 Drivers/STM32F1xx_HAL_Driver/Src/stm32f1xx_hal_tim_ex.o
 .debug_aranges
                0x0000000000000be0      0x1d0 Drivers/STM32F1xx_HAL_Driver/Src/stm32f1xx_hal_uart.o
 .debug_aranges
                0x0000000000000db0       0x40 Middlewares/Third_Party/FreeRTOS/Source/list.o
 .debug_aranges
                0x0000000000000df0      0x190 Middlewares/Third_Party/FreeRTOS/Source/tasks.o
 .debug_aranges
                0x0000000000000f80       0x78 Middlewares/Third_Party/FreeRTOS/Source/portable/GCC/ARM_CM3/port.o
 .debug_aranges
                0x0000000000000ff8       0x50 Middlewares/Third_Party/FreeRTOS/Source/portable/MemMang/heap_4.o
 .debug_aranges
                0x0000000000001048       0x28 Startup/startup_stm32f103rbtx.o

.debug_ranges   0x0000000000000000      0xf18
 .debug_ranges  0x0000000000000000       0x48 Core/Src/envmonitor.o
 .debug_ranges  0x0000000000000048       0x38 Core/Src/htu21d.o
 .debug_ranges  0x0000000000000080       0x10 Core/Src/main.o
 .debug_ranges  0x0000000000000090       0x30 Core/Src/stm32f1xx_hal_msp.o
 .debug_ranges  0x00000000000000c0       0x20 Core/Src/stm32f1xx_hal_timebase_tim.o
 .debug_ranges  0x00000000000000e0       0x48 Core/Src/stm32f1xx_it.o
 .debug_ranges  0x0000000000000128       0x18 Core/Src/system_stm32f1xx.o
 .debug_ranges  0x0000000000000140       0x28 Core/Src/tsl2561.o
 .debug_ranges  0x0000000000000168       0x28 Core/Src/ttp223.o
 .debug_ranges  0x0000000000000190       0xc0 Drivers/STM32F1xx_HAL_Driver/Src/stm32f1xx_hal.o
 .debug_ranges  0x0000000000000250       0xf0 Drivers/STM32F1xx_HAL_Driver/Src/stm32f1xx_hal_cortex.o
 .debug_ranges  0x0000000000000340       0x48 Drivers/STM32F1xx_HAL_Driver/Src/stm32f1xx_hal_gpio.o
 .debug_ranges  0x0000000000000388      0x258 Drivers/STM32F1xx_HAL_Driver/Src/stm32f1xx_hal_i2c.o
 .debug_ranges  0x00000000000005e0       0x80 Drivers/STM32F1xx_HAL_Driver/Src/stm32f1xx_hal_rcc.o
 .debug_ranges  0x0000000000000660      0x358 Drivers/STM32F1xx_HAL_Driver/Src/stm32f1xx_hal_tim.o
 .debug_ranges  0x00000000000009b8      0x128 Drivers/STM32F1xx_HAL_Driver/Src/stm32f1xx_hal_tim_ex.o
 .debug_ranges  0x0000000000000ae0      0x1c0 Drivers/STM32F1xx_HAL_Driver/Src/stm32f1xx_hal_uart.o
 .debug_ranges  0x0000000000000ca0       0x30 Middlewares/Third_Party/FreeRTOS/Source/list.o
 .debug_ranges  0x0000000000000cd0      0x180 Middlewares/Third_Party/FreeRTOS/Source/tasks.o
 .debug_ranges  0x0000000000000e50       0x68 Middlewares/Third_Party/FreeRTOS/Source/portable/GCC/ARM_CM3/port.o
 .debug_ranges  0x0000000000000eb8       0x40 Middlewares/Third_Party/FreeRTOS/Source/portable/MemMang/heap_4.o
 .debug_ranges  0x0000000000000ef8       0x20 Startup/startup_stm32f103rbtx.o

.debug_macro    0x0000000000000000    0x1813d
 .debug_macro   0x0000000000000000      0x3d6 Core/Src/envmonitor.o
 .debug_macro   0x00000000000003d6      0xa5a Core/Src/envmonitor.o
 .debug_macro   0x0000000000000e30      0x181 Core/Src/envmonitor.o
 .debug_macro   0x0000000000000fb1       0x2e Core/Src/envmonitor.o
 .debug_macro   0x0000000000000fdf       0x22 Core/Src/envmonitor.o
 .debug_macro   0x0000000000001001       0x22 Core/Src/envmonitor.o
 .debug_macro   0x0000000000001023       0x8e Core/Src/envmonitor.o
 .debug_macro   0x00000000000010b1       0x51 Core/Src/envmonitor.o
 .debug_macro   0x0000000000001102       0xef Core/Src/envmonitor.o
 .debug_macro   0x00000000000011f1       0x6a Core/Src/envmonitor.o
 .debug_macro   0x000000000000125b      0x1df Core/Src/envmonitor.o
 .debug_macro   0x000000000000143a       0x34 Core/Src/envmonitor.o
 .debug_macro   0x000000000000146e       0x34 Core/Src/envmonitor.o
 .debug_macro   0x00000000000014a2      0xb8e Core/Src/envmonitor.o
 .debug_macro   0x0000000000002030     0xe911 Core/Src/envmonitor.o
 .debug_macro   0x0000000000010941       0x43 Core/Src/envmonitor.o
 .debug_macro   0x0000000000010984       0x46 Core/Src/envmonitor.o
 .debug_macro   0x00000000000109ca       0x18 Core/Src/envmonitor.o
 .debug_macro   0x00000000000109e2       0x3c Core/Src/envmonitor.o
 .debug_macro   0x0000000000010a1e       0x34 Core/Src/envmonitor.o
 .debug_macro   0x0000000000010a52       0x16 Core/Src/envmonitor.o
 .debug_macro   0x0000000000010a68       0x97 Core/Src/envmonitor.o
 .debug_macro   0x0000000000010aff      0x330 Core/Src/envmonitor.o
 .debug_macro   0x0000000000010e2f       0xfd Core/Src/envmonitor.o
 .debug_macro   0x0000000000010f2c       0x10 Core/Src/envmonitor.o
 .debug_macro   0x0000000000010f3c       0x52 Core/Src/envmonitor.o
 .debug_macro   0x0000000000010f8e       0x1f Core/Src/envmonitor.o
 .debug_macro   0x0000000000010fad       0x43 Core/Src/envmonitor.o
 .debug_macro   0x0000000000010ff0       0x20 Core/Src/envmonitor.o
 .debug_macro   0x0000000000011010      0x1a3 Core/Src/envmonitor.o
 .debug_macro   0x00000000000111b3       0x10 Core/Src/envmonitor.o
 .debug_macro   0x00000000000111c3       0x1c Core/Src/envmonitor.o
 .debug_macro   0x00000000000111df       0x52 Core/Src/envmonitor.o
 .debug_macro   0x0000000000011231       0x40 Core/Src/envmonitor.o
 .debug_macro   0x0000000000011271       0x10 Core/Src/envmonitor.o
 .debug_macro   0x0000000000011281       0x40 Core/Src/envmonitor.o
 .debug_macro   0x00000000000112c1       0xd7 Core/Src/envmonitor.o
 .debug_macro   0x0000000000011398       0x1c Core/Src/envmonitor.o
 .debug_macro   0x00000000000113b4       0x3d Core/Src/envmonitor.o
 .debug_macro   0x00000000000113f1       0x16 Core/Src/envmonitor.o
 .debug_macro   0x0000000000011407      0x145 Core/Src/envmonitor.o
 .debug_macro   0x000000000001154c       0x57 Core/Src/envmonitor.o
 .debug_macro   0x00000000000115a3      0x5c2 Core/Src/envmonitor.o
 .debug_macro   0x0000000000011b65      0x28a Core/Src/envmonitor.o
 .debug_macro   0x0000000000011def      0x1cb Core/Src/envmonitor.o
 .debug_macro   0x0000000000011fba      0x11e Core/Src/envmonitor.o
 .debug_macro   0x00000000000120d8      0x1b3 Core/Src/envmonitor.o
 .debug_macro   0x000000000001228b       0x27 Core/Src/envmonitor.o
 .debug_macro   0x00000000000122b2      0x1bc Core/Src/envmonitor.o
 .debug_macro   0x000000000001246e       0x34 Core/Src/envmonitor.o
 .debug_macro   0x00000000000124a2       0x3c Core/Src/envmonitor.o
 .debug_macro   0x00000000000124de       0x57 Core/Src/envmonitor.o
 .debug_macro   0x0000000000012535       0x8c Core/Src/envmonitor.o
 .debug_macro   0x00000000000125c1      0x242 Core/Src/envmonitor.o
 .debug_macro   0x0000000000012803      0x264 Core/Src/envmonitor.o
 .debug_macro   0x0000000000012a67      0x143 Core/Src/envmonitor.o
 .debug_macro   0x0000000000012baa      0x853 Core/Src/envmonitor.o
 .debug_macro   0x00000000000133fd       0x1f Core/Src/envmonitor.o
 .debug_macro   0x000000000001341c      0x26b Core/Src/envmonitor.o
 .debug_macro   0x0000000000013687       0x83 Core/Src/envmonitor.o
 .debug_macro   0x000000000001370a       0x5e Core/Src/envmonitor.o
 .debug_macro   0x0000000000013768       0xdf Core/Src/envmonitor.o
 .debug_macro   0x0000000000013847      0x168 Core/Src/envmonitor.o
 .debug_macro   0x00000000000139af       0xe4 Core/Src/envmonitor.o
 .debug_macro   0x0000000000013a93       0x10 Core/Src/envmonitor.o
 .debug_macro   0x0000000000013aa3       0x1f Core/Src/envmonitor.o
 .debug_macro   0x0000000000013ac2      0x40f Core/Src/envmonitor.o
 .debug_macro   0x0000000000013ed1       0xc0 Core/Src/envmonitor.o
 .debug_macro   0x0000000000013f91       0x8c Core/Src/envmonitor.o
 .debug_macro   0x000000000001401d       0x91 Core/Src/envmonitor.o
 .debug_macro   0x00000000000140ae       0x94 Core/Src/envmonitor.o
 .debug_macro   0x0000000000014142       0x63 Core/Src/envmonitor.o
 .debug_macro   0x00000000000141a5       0x19 Core/Src/envmonitor.o
 .debug_macro   0x00000000000141be       0xcf Core/Src/envmonitor.o
 .debug_macro   0x000000000001428d       0x10 Core/Src/envmonitor.o
 .debug_macro   0x000000000001429d       0x82 Core/Src/envmonitor.o
 .debug_macro   0x000000000001431f       0x3a Core/Src/envmonitor.o
 .debug_macro   0x0000000000014359      0x3e3 Core/Src/htu21d.o
 .debug_macro   0x000000000001473c       0x40 Core/Src/htu21d.o
 .debug_macro   0x000000000001477c       0x94 Core/Src/htu21d.o
 .debug_macro   0x0000000000014810       0x57 Core/Src/htu21d.o
 .debug_macro   0x0000000000014867      0x1e1 Core/Src/htu21d.o
 .debug_macro   0x0000000000014a48       0x16 Core/Src/htu21d.o
 .debug_macro   0x0000000000014a5e       0x20 Core/Src/htu21d.o
 .debug_macro   0x0000000000014a7e       0x1c Core/Src/htu21d.o
 .debug_macro   0x0000000000014a9a      0x3ba Core/Src/main.o
 .debug_macro   0x0000000000014e54      0x2fd Core/Src/stm32f1xx_hal_msp.o
 .debug_macro   0x0000000000015151      0x2ee Core/Src/stm32f1xx_hal_timebase_tim.o
 .debug_macro   0x000000000001543f      0x3bb Core/Src/stm32f1xx_it.o
 .debug_macro   0x00000000000157fa      0x2f4 Core/Src/system_stm32f1xx.o
 .debug_macro   0x0000000000015aee      0x3e3 Core/Src/tsl2561.o
 .debug_macro   0x0000000000015ed1      0x308 Core/Src/ttp223.o
 .debug_macro   0x00000000000161d9      0x312 Drivers/STM32F1xx_HAL_Driver/Src/stm32f1xx_hal.o
 .debug_macro   0x00000000000164eb      0x2ee Drivers/STM32F1xx_HAL_Driver/Src/stm32f1xx_hal_cortex.o
 .debug_macro   0x00000000000167d9      0x35e Drivers/STM32F1xx_HAL_Driver/Src/stm32f1xx_hal_gpio.o
 .debug_macro   0x0000000000016b37      0x32e Drivers/STM32F1xx_HAL_Driver/Src/stm32f1xx_hal_i2c.o
 .debug_macro   0x0000000000016e65      0x300 Drivers/STM32F1xx_HAL_Driver/Src/stm32f1xx_hal_rcc.o
 .debug_macro   0x0000000000017165      0x2ee Drivers/STM32F1xx_HAL_Driver/Src/stm32f1xx_hal_tim.o
 .debug_macro   0x0000000000017453      0x2ee Drivers/STM32F1xx_HAL_Driver/Src/stm32f1xx_hal_tim_ex.o
 .debug_macro   0x0000000000017741      0x2ef Drivers/STM32F1xx_HAL_Driver/Src/stm32f1xx_hal_uart.o
 .debug_macro   0x0000000000017a30      0x17b Middlewares/Third_Party/FreeRTOS/Source/list.o
 .debug_macro   0x0000000000017bab      0x269 Middlewares/Third_Party/FreeRTOS/Source/tasks.o
 .debug_macro   0x0000000000017e14       0x11 Middlewares/Third_Party/FreeRTOS/Source/tasks.o
 .debug_macro   0x0000000000017e25      0x176 Middlewares/Third_Party/FreeRTOS/Source/portable/GCC/ARM_CM3/port.o
 .debug_macro   0x0000000000017f9b      0x1a2 Middlewares/Third_Party/FreeRTOS/Source/portable/MemMang/heap_4.o

.debug_line     0x0000000000000000     0xefa1
 .debug_line    0x0000000000000000      0xa78 Core/Src/envmonitor.o
 .debug_line    0x0000000000000a78      0xa0e Core/Src/htu21d.o
 .debug_line    0x0000000000001486      0x98e Core/Src/main.o
 .debug_line    0x0000000000001e14      0x85d Core/Src/stm32f1xx_hal_msp.o
 .debug_line    0x0000000000002671      0x835 Core/Src/stm32f1xx_hal_timebase_tim.o
 .debug_line    0x0000000000002ea6      0xa1c Core/Src/stm32f1xx_it.o
 .debug_line    0x00000000000038c2      0x832 Core/Src/system_stm32f1xx.o
 .debug_line    0x00000000000040f4      0xa22 Core/Src/tsl2561.o
 .debug_line    0x0000000000004b16      0x84b Core/Src/ttp223.o
 .debug_line    0x0000000000005361      0x9b7 Drivers/STM32F1xx_HAL_Driver/Src/stm32f1xx_hal.o
 .debug_line    0x0000000000005d18      0xaa5 Drivers/STM32F1xx_HAL_Driver/Src/stm32f1xx_hal_cortex.o
 .debug_line    0x00000000000067bd      0x9ef Drivers/STM32F1xx_HAL_Driver/Src/stm32f1xx_hal_gpio.o
 .debug_line    0x00000000000071ac     0x18b1 Drivers/STM32F1xx_HAL_Driver/Src/stm32f1xx_hal_i2c.o
 .debug_line    0x0000000000008a5d      0xaa1 Drivers/STM32F1xx_HAL_Driver/Src/stm32f1xx_hal_rcc.o
 .debug_line    0x00000000000094fe     0x1781 Drivers/STM32F1xx_HAL_Driver/Src/stm32f1xx_hal_tim.o
 .debug_line    0x000000000000ac7f      0xd74 Drivers/STM32F1xx_HAL_Driver/Src/stm32f1xx_hal_tim_ex.o
 .debug_line    0x000000000000b9f3     0x10c8 Drivers/STM32F1xx_HAL_Driver/Src/stm32f1xx_hal_uart.o
 .debug_line    0x000000000000cabb      0x66d Middlewares/Third_Party/FreeRTOS/Source/list.o
 .debug_line    0x000000000000d128     0x1073 Middlewares/Third_Party/FreeRTOS/Source/tasks.o
 .debug_line    0x000000000000e19b      0x636 Middlewares/Third_Party/FreeRTOS/Source/portable/GCC/ARM_CM3/port.o
 .debug_line    0x000000000000e7d1      0x751 Middlewares/Third_Party/FreeRTOS/Source/portable/MemMang/heap_4.o
 .debug_line    0x000000000000ef22       0x7f Startup/startup_stm32f103rbtx.o

.debug_str      0x0000000000000000    0x7bd08
 .debug_str     0x0000000000000000    0x764e9 Core/Src/envmonitor.o
                                      0x76913 (size before relaxing)
 .debug_str     0x00000000000764e9      0x9c4 Core/Src/htu21d.o
                                      0x761c1 (size before relaxing)
 .debug_str     0x0000000000076ead       0x18 Core/Src/main.o
                                      0x75dae (size before relaxing)
 .debug_str     0x0000000000076ec5       0xab Core/Src/stm32f1xx_hal_msp.o
                                      0x71038 (size before relaxing)
 .debug_str     0x0000000000076f70       0xaa Core/Src/stm32f1xx_hal_timebase_tim.o
                                      0x70f72 (size before relaxing)
 .debug_str     0x000000000007701a       0xa7 Core/Src/stm32f1xx_it.o
                                      0x75f76 (size before relaxing)
 .debug_str     0x00000000000770c1       0xc2 Core/Src/system_stm32f1xx.o
                                      0x70a67 (size before relaxing)
 .debug_str     0x0000000000077183       0x62 Core/Src/tsl2561.o
                                      0x7625e (size before relaxing)
 .debug_str     0x00000000000771e5       0x53 Core/Src/ttp223.o
                                      0x70de3 (size before relaxing)
 .debug_str     0x0000000000077238      0x35e Drivers/STM32F1xx_HAL_Driver/Src/stm32f1xx_hal.o
                                      0x7105c (size before relaxing)
 .debug_str     0x0000000000077596      0x2c8 Drivers/STM32F1xx_HAL_Driver/Src/stm32f1xx_hal_cortex.o
                                      0x71067 (size before relaxing)
 .debug_str     0x000000000007785e      0x2ff Drivers/STM32F1xx_HAL_Driver/Src/stm32f1xx_hal_gpio.o
                                      0x70d9e (size before relaxing)
 .debug_str     0x0000000000077b5d      0xa4b Drivers/STM32F1xx_HAL_Driver/Src/stm32f1xx_hal_i2c.o
                                      0x71443 (size before relaxing)
 .debug_str     0x00000000000785a8      0x243 Drivers/STM32F1xx_HAL_Driver/Src/stm32f1xx_hal_rcc.o
                                      0x70dcc (size before relaxing)
 .debug_str     0x00000000000787eb      0xcf0 Drivers/STM32F1xx_HAL_Driver/Src/stm32f1xx_hal_tim.o
                                      0x718cc (size before relaxing)
 .debug_str     0x00000000000794db      0x527 Drivers/STM32F1xx_HAL_Driver/Src/stm32f1xx_hal_tim_ex.o
                                      0x71169 (size before relaxing)
 .debug_str     0x0000000000079a02      0x502 Drivers/STM32F1xx_HAL_Driver/Src/stm32f1xx_hal_uart.o
                                      0x710c6 (size before relaxing)
 .debug_str     0x0000000000079f04      0x240 Middlewares/Third_Party/FreeRTOS/Source/list.o
                                       0xa026 (size before relaxing)
 .debug_str     0x000000000007a144     0x1253 Middlewares/Third_Party/FreeRTOS/Source/tasks.o
                                       0xc026 (size before relaxing)
 .debug_str     0x000000000007b397      0x6e6 Middlewares/Third_Party/FreeRTOS/Source/portable/GCC/ARM_CM3/port.o
                                       0x7c00 (size before relaxing)
 .debug_str     0x000000000007ba7d      0x25a Middlewares/Third_Party/FreeRTOS/Source/portable/MemMang/heap_4.o
                                       0xa747 (size before relaxing)
 .debug_str     0x000000000007bcd7       0x31 Startup/startup_stm32f103rbtx.o
                                         0x88 (size before relaxing)

.comment        0x0000000000000000       0x7b
 .comment       0x0000000000000000       0x7b Core/Src/envmonitor.o
                                         0x7c (size before relaxing)
 .comment       0x000000000000007b       0x7c Core/Src/htu21d.o
 .comment       0x000000000000007b       0x7c Core/Src/main.o
 .comment       0x000000000000007b       0x7c Core/Src/stm32f1xx_hal_msp.o
 .comment       0x000000000000007b       0x7c Core/Src/stm32f1xx_hal_timebase_tim.o
 .comment       0x000000000000007b       0x7c Core/Src/stm32f1xx_it.o
 .comment       0x000000000000007b       0x7c Core/Src/system_stm32f1xx.o
 .comment       0x000000000000007b       0x7c Core/Src/tsl2561.o
 .comment       0x000000000000007b       0x7c Core/Src/ttp223.o
 .comment       0x000000000000007b       0x7c Drivers/STM32F1xx_HAL_Driver/Src/stm32f1xx_hal.o
 .comment       0x000000000000007b       0x7c Drivers/STM32F1xx_HAL_Driver/Src/stm32f1xx_hal_cortex.o
 .comment       0x000000000000007b       0x7c Drivers/STM32F1xx_HAL_Driver/Src/stm32f1xx_hal_gpio.o
 .comment       0x000000000000007b       0x7c Drivers/STM32F1xx_HAL_Driver/Src/stm32f1xx_hal_i2c.o
 .comment       0x000000000000007b       0x7c Drivers/STM32F1xx_HAL_Driver/Src/stm32f1xx_hal_rcc.o
 .comment       0x000000000000007b       0x7c Drivers/STM32F1xx_HAL_Driver/Src/stm32f1xx_hal_tim.o
 .comment       0x000000000000007b       0x7c Drivers/STM32F1xx_HAL_Driver/Src/stm32f1xx_hal_tim_ex.o
 .comment       0x000000000000007b       0x7c Drivers/STM32F1xx_HAL_Driver/Src/stm32f1xx_hal_uart.o
 .comment       0x000000000000007b       0x7c Middlewares/Third_Party/FreeRTOS/Source/list.o
 .comment       0x000000000000007b       0x7c Middlewares/Third_Party/FreeRTOS/Source/tasks.o
 .comment       0x000000000000007b       0x7c Middlewares/Third_Party/FreeRTOS/Source/portable/GCC/ARM_CM3/port.o
 .comment       0x000000000000007b       0x7c Middlewares/Third_Party/FreeRTOS/Source/portable/MemMang/heap_4.o

.debug_frame    0x0000000000000000     0x4474
 .debug_frame   0x0000000000000000      0x11c Core/Src/envmonitor.o
 .debug_frame   0x000000000000011c       0xe8 Core/Src/htu21d.o
 .debug_frame   0x0000000000000204       0x2c Core/Src/main.o
 .debug_frame   0x0000000000000230       0xc4 Core/Src/stm32f1xx_hal_msp.o
 .debug_frame   0x00000000000002f4       0x74 Core/Src/stm32f1xx_hal_timebase_tim.o
 .debug_frame   0x0000000000000368       0xe8 Core/Src/stm32f1xx_it.o
 .debug_frame   0x0000000000000450       0x58 Core/Src/system_stm32f1xx.o
 .debug_frame   0x00000000000004a8       0xa8 Core/Src/tsl2561.o
 .debug_frame   0x0000000000000550       0x98 Core/Src/ttp223.o
 .debug_frame   0x00000000000005e8      0x2fc Drivers/STM32F1xx_HAL_Driver/Src/stm32f1xx_hal.o
 .debug_frame   0x00000000000008e4      0x428 Drivers/STM32F1xx_HAL_Driver/Src/stm32f1xx_hal_cortex.o
 .debug_frame   0x0000000000000d0c      0x14c Drivers/STM32F1xx_HAL_Driver/Src/stm32f1xx_hal_gpio.o
 .debug_frame   0x0000000000000e58      0xb30 Drivers/STM32F1xx_HAL_Driver/Src/stm32f1xx_hal_i2c.o
 .debug_frame   0x0000000000001988      0x21c Drivers/STM32F1xx_HAL_Driver/Src/stm32f1xx_hal_rcc.o
 .debug_frame   0x0000000000001ba4      0xfb4 Drivers/STM32F1xx_HAL_Driver/Src/stm32f1xx_hal_tim.o
 .debug_frame   0x0000000000002b58      0x54c Drivers/STM32F1xx_HAL_Driver/Src/stm32f1xx_hal_tim_ex.o
 .debug_frame   0x00000000000030a4      0x83c Drivers/STM32F1xx_HAL_Driver/Src/stm32f1xx_hal_uart.o
 .debug_frame   0x00000000000038e0       0xd8 Middlewares/Third_Party/FreeRTOS/Source/list.o
 .debug_frame   0x00000000000039b8      0x6bc Middlewares/Third_Party/FreeRTOS/Source/tasks.o
 .debug_frame   0x0000000000004074      0x18c Middlewares/Third_Party/FreeRTOS/Source/portable/GCC/ARM_CM3/port.o
 .debug_frame   0x0000000000004200      0x108 Middlewares/Third_Party/FreeRTOS/Source/portable/MemMang/heap_4.o
 .debug_frame   0x0000000000004308       0x2c c:/st/stm32cubeide_1.0.0/stm32cubeide/plugins/com.st.stm32cube.ide.mcu.externaltools.gnu-tools-for-stm32.7-2018-q2-update.win32_1.0.0.201904181610/tools/bin/../lib/gcc/arm-none-eabi/7.3.1/../../../../arm-none-eabi/lib/thumb/v7-m\libc_nano.a(lib_a-init.o)
 .debug_frame   0x0000000000004334       0x20 c:/st/stm32cubeide_1.0.0/stm32cubeide/plugins/com.st.stm32cube.ide.mcu.externaltools.gnu-tools-for-stm32.7-2018-q2-update.win32_1.0.0.201904181610/tools/bin/../lib/gcc/arm-none-eabi/7.3.1/../../../../arm-none-eabi/lib/thumb/v7-m\libc_nano.a(lib_a-memset.o)
 .debug_frame   0x0000000000004354       0xac c:/st/stm32cubeide_1.0.0/stm32cubeide/plugins/com.st.stm32cube.ide.mcu.externaltools.gnu-tools-for-stm32.7-2018-q2-update.win32_1.0.0.201904181610/tools/bin/../lib/gcc/arm-none-eabi/7.3.1/thumb/v7-m\libgcc.a(_arm_addsubdf3.o)
 .debug_frame   0x0000000000004400       0x50 c:/st/stm32cubeide_1.0.0/stm32cubeide/plugins/com.st.stm32cube.ide.mcu.externaltools.gnu-tools-for-stm32.7-2018-q2-update.win32_1.0.0.201904181610/tools/bin/../lib/gcc/arm-none-eabi/7.3.1/thumb/v7-m\libgcc.a(_arm_muldivdf3.o)
 .debug_frame   0x0000000000004450       0x24 c:/st/stm32cubeide_1.0.0/stm32cubeide/plugins/com.st.stm32cube.ide.mcu.externaltools.gnu-tools-for-stm32.7-2018-q2-update.win32_1.0.0.201904181610/tools/bin/../lib/gcc/arm-none-eabi/7.3.1/thumb/v7-m\libgcc.a(_arm_truncdfsf2.o)
